ЁЯУд Sending POST request to /api/scan...
Payload: {
  "accessKeyId": "test",
  "secretAccessKey": "test",
  "region": "us-east-1",
  "isLocalStack": true,
  "endpoint": "http://localhost:4566"
}

тП│ Waiting for response...

ЁЯУе Response Status: 200
Headers: {
  'x-powered-by': 'Express',
  'access-control-allow-origin': '*',
  'content-type': 'application/json; charset=utf-8',
  'content-length': '203782',
  etag: 'W/"31c06-+uHH86n1slkNVAiDVq3ZCqsS9lQ"',
  date: 'Thu, 16 Apr 2026 19:19:17 GMT',
  connection: 'keep-alive',
  'keep-alive': 'timeout=5'
}

тЬЕ Response received:
{
  "scanId": "69e1363539f65173af4a0c4a",
  "timestamp": "2026-04-16T19:19:17.527Z",
  "summary": {
    "totalSpend": 7490.44,
    "totalWaste": 7189.2,
    "healthScore": 0,
    "serverCount": 31,
    "diskCount": 146,
    "ipCount": 51,
    "sgCount": 1,
    "wasteCount": 166
  },
  "allResources": [
    {
      "id": "i-c9fbc0d9d4d379c25",
      "type": "EC2",
      "size": 0,
      "cost": 15,
      "region": "us-east-1a",
      "status": "running"
    },
    {
      "id": "i-5cb4be2b986f201f5",
      "type": "EC2",
      "size": 0,
      "cost": 15,
      "region": "us-east-1a",
      "status": "running"
    },
    {
      "id": "i-c7574f18dfbe8c8c1",
      "type": "EC2",
      "size": 0,
      "cost": 15,
      "region": "us-east-1a",
      "status": "running"
    },
    {
      "id": "i-e6838a1e4287cc281",
      "type": "EC2",
      "size": 0,
      "cost": 15,
      "region": "us-east-1a",
      "status": "running"
    },
    {
      "id": "i-754bffba67d58295d",
      "type": "EC2",
      "size": 0,
      "cost": 15,
      "region": "us-east-1a",
      "status": "running"
    },
    {
      "id": "i-7e1bbecc0829bfb24",
      "type": "EC2",
      "size": 0,
      "cost": 15,
      "region": "us-east-1a",
      "status": "running"
    },
    {
      "id": "i-ef2d332bd85ec367b",
      "type": "EC2",
      "size": 0,
      "cost": 15,
      "region": "us-east-1a",
      "status": "running"
    },
    {
      "id": "i-4c5c73609b0abc8ee",
      "type": "EC2",
      "size": 0,
      "cost": 15,
      "region": "us-east-1a",
      "status": "running"
    },
    {
      "id": "i-5f7923a16ae2b347f",
      "type": "EC2",
      "size": 0,
      "cost": 15,
      "region": "us-east-1a",
      "status": "running"
    },
    {
      "id": "i-4ec9b84611f3ea0ce",
      "type": "EC2",
      "size": 0,
      "cost": 15,
      "region": "us-east-1a",
      "status": "running"
    },
    {
      "id": "i-a7efbe068a60a8af0",
      "type": "EC2",
      "size": 0,
      "cost": 15,
      "region": "us-east-1a",
      "status": "running"
    },
    {
      "id": "i-ac789620ccff7fe20",
      "type": "EC2",
      "size": 0,
      "cost": 15,
      "region": "us-east-1a",
      "status": "running"
    },
    {
      "id": "i-24de1aad298a347fb",
      "type": "EC2",
      "size": 0,
      "cost": 15,
      "region": "us-east-1a",
      "status": "running"
    },
    {
      "id": "i-6775b2fa9ff76791c",
      "type": "EC2",
      "size": 0,
      "cost": 15,
      "region": "us-east-1a",
      "status": "running"
    },
    {
      "id": "i-92f4c3002cbde7d65",
      "type": "EC2",
      "size": 0,
      "cost": 15,
      "region": "us-east-1a",
      "status": "running"
    },
    {
      "id": "i-9c2578df3821461bf",
      "type": "EC2",
      "size": 0,
      "cost": 15,
      "region": "us-east-1a",
      "status": "running"
    },
    {
      "id": "i-66d64fa6448a536bd",
      "type": "EC2",
      "size": 0,
      "cost": 15,
      "region": "us-east-1a",
      "status": "running"
    },
    {
      "id": "i-a8dfc7f787f284554",
      "type": "EC2",
      "size": 0,
      "cost": 15,
      "region": "us-east-1a",
      "status": "running"
    },
    {
      "id": "i-66b06e2e46b64d717",
      "type": "EC2",
      "size": 0,
      "cost": 15,
      "region": "us-east-1a",
      "status": "running"
    },
    {
      "id": "i-a0905f0c4e781182f",
      "type": "EC2",
      "size": 0,
      "cost": 15,
      "region": "us-east-1a",
      "status": "running"
    },
    {
      "id": "i-3959cb524c417993b",
      "type": "EC2",
      "size": 0,
      "cost": 15,
      "region": "us-east-1a",
      "status": "running"
    },
    {
      "id": "i-ffc5a949550a856f7",
      "type": "EC2",
      "size": 0,
      "cost": 15,
      "region": "us-east-1a",
      "status": "running"
    },
    {
      "id": "i-88b29c3e92d16f507",
      "type": "EC2",
      "size": 0,
      "cost": 15,
      "region": "us-east-1a",
      "status": "running"
    },
    {
      "id": "i-bd73e79b4d619f740",
      "type": "EC2",
      "size": 0,
      "cost": 15,
      "region": "us-east-1a",
      "status": "running"
    },
    {
      "id": "i-4f05b73ecc5478209",
      "type": "EC2",
      "size": 0,
      "cost": 15,
      "region": "us-east-1a",
      "status": "running"
    },
    {
      "id": "i-9e46945d126413284",
      "type": "EC2",
      "size": 0,
      "cost": 15,
      "region": "us-east-1a",
      "status": "running"
    },
    {
      "id": "i-9be63d5e2e011b1f7",
      "type": "EC2",
      "size": 0,
      "cost": 15,
      "region": "us-east-1a",
      "status": "running"
    },
    {
      "id": "i-2959d0783dde78d5c",
      "type": "EC2",
      "size": 0,
      "cost": 15,
      "region": "us-east-1a",
      "status": "running"
    },
    {
      "id": "i-254ae2bf3c9bd47bf",
      "type": "EC2",
      "size": 0,
      "cost": 15,
      "region": "us-east-1a",
      "status": "running"
    },
    {
      "id": "i-a995a6b77b111c143",
      "type": "EC2",
      "size": 0,
      "cost": 15,
      "region": "us-east-1a",
      "status": "running"
    },
    {
      "id": "i-6c4303e33c7e17cae",
      "type": "EC2",
      "size": 0,
      "cost": 15,
      "region": "us-east-1a",
      "status": "running"
    },
    {
      "id": "vol-331866699515ff793",
      "type": "EBS",
      "size": 8,
      "cost": 0.64,
      "region": "us-east-1a",
      "status": "in-use"
    },
    {
      "id": "vol-a27e4931f88e02d8e",
      "type": "EBS",
      "size": 8,
      "cost": 0.64,
      "region": "us-east-1a",
      "status": "in-use"
    },
    {
      "id": "vol-0a6b1271000b2501b",
      "type": "EBS",
      "size": 8,
      "cost": 0.64,
      "region": "us-east-1a",
      "status": "in-use"
    },
    {
      "id": "vol-7209cb19e272dc5bb",
      "type": "EBS",
      "size": 8,
      "cost": 0.64,
      "region": "us-east-1a",
      "status": "in-use"
    },
    {
      "id": "vol-1f9999510b1f5c5b0",
      "type": "EBS",
      "size": 8,
      "cost": 0.64,
      "region": "us-east-1a",
      "status": "in-use"
    },
    {
      "id": "vol-b01bd95d3fd24f556",
      "type": "EBS",
      "size": 8,
      "cost": 0.64,
      "region": "us-east-1a",
      "status": "in-use"
    },
    {
      "id": "vol-100b0a4e34513aa0f",
      "type": "EBS",
      "size": 8,
      "cost": 0.64,
      "region": "us-east-1a",
      "status": "in-use"
    },
    {
      "id": "vol-a2b147084a61bb50b",
      "type": "EBS",
      "size": 8,
      "cost": 0.64,
      "region": "us-east-1a",
      "status": "in-use"
    },
    {
      "id": "vol-93ecc6fb1b95b761a",
      "type": "EBS",
      "size": 8,
      "cost": 0.64,
      "region": "us-east-1a",
      "status": "in-use"
    },
    {
      "id": "vol-a26add63d8efbeb93",
      "type": "EBS",
      "size": 8,
      "cost": 0.64,
      "region": "us-east-1a",
      "status": "in-use"
    },
    {
      "id": "vol-ecdfd32e0238d916d",
      "type": "EBS",
      "size": 8,
      "cost": 0.64,
      "region": "us-east-1a",
      "status": "in-use"
    },
    {
      "id": "vol-75b50bdf14cc687e7",
      "type": "EBS",
      "size": 8,
      "cost": 0.64,
      "region": "us-east-1a",
      "status": "in-use"
    },
    {
      "id": "vol-8def1c9e4a88f081f",
      "type": "EBS",
      "size": 8,
      "cost": 0.64,
      "region": "us-east-1a",
      "status": "in-use"
    },
    {
      "id": "vol-f6e0be751d2cd354b",
      "type": "EBS",
      "size": 8,
      "cost": 0.64,
      "region": "us-east-1a",
      "status": "in-use"
    },
    {
      "id": "vol-fa70da1b45a015c9d",
      "type": "EBS",
      "size": 8,
      "cost": 0.64,
      "region": "us-east-1a",
      "status": "in-use"
    },
    {
      "id": "vol-621e3081180c17ce2",
      "type": "EBS",
      "size": 8,
      "cost": 0.64,
      "region": "us-east-1a",
      "status": "in-use"
    },
    {
      "id": "vol-590b209494a7a2497",
      "type": "EBS",
      "size": 8,
      "cost": 0.64,
      "region": "us-east-1a",
      "status": "in-use"
    },
    {
      "id": "vol-214e7dc3172d93c70",
      "type": "EBS",
      "size": 8,
      "cost": 0.64,
      "region": "us-east-1a",
      "status": "in-use"
    },
    {
      "id": "vol-0077ed4f4736ff2ab",
      "type": "EBS",
      "size": 8,
      "cost": 0.64,
      "region": "us-east-1a",
      "status": "in-use"
    },
    {
      "id": "vol-666b58dafa6568049",
      "type": "EBS",
      "size": 8,
      "cost": 0.64,
      "region": "us-east-1a",
      "status": "in-use"
    },
    {
      "id": "vol-b2b1e366fbad32aad",
      "type": "EBS",
      "size": 8,
      "cost": 0.64,
      "region": "us-east-1a",
      "status": "in-use"
    },
    {
      "id": "vol-2f35ce6d43c851b97",
      "type": "EBS",
      "size": 8,
      "cost": 0.64,
      "region": "us-east-1a",
      "status": "in-use"
    },
    {
      "id": "vol-8dfb424f58ee68fb9",
      "type": "EBS",
      "size": 8,
      "cost": 0.64,
      "region": "us-east-1a",
      "status": "in-use"
    },
    {
      "id": "vol-dc59c2d97c3eb2cb7",
      "type": "EBS",
      "size": 8,
      "cost": 0.64,
      "region": "us-east-1a",
      "status": "in-use"
    },
    {
      "id": "vol-698394d4d17585e56",
      "type": "EBS",
      "size": 8,
      "cost": 0.64,
      "region": "us-east-1a",
      "status": "in-use"
    },
    {
      "id": "vol-69fc710058a0b2afb",
      "type": "EBS",
      "size": 8,
      "cost": 0.64,
      "region": "us-east-1a",
      "status": "in-use"
    },
    {
      "id": "vol-d69e1ea5d03c9c725",
      "type": "EBS",
      "size": 8,
      "cost": 0.64,
      "region": "us-east-1a",
      "status": "in-use"
    },
    {
      "id": "vol-2c442324904399d12",
      "type": "EBS",
      "size": 8,
      "cost": 0.64,
      "region": "us-east-1a",
      "status": "in-use"
    },
    {
      "id": "vol-3f5fda97369bf921d",
      "type": "EBS",
      "size": 8,
      "cost": 0.64,
      "region": "us-east-1a",
      "status": "in-use"
    },
    {
      "id": "vol-f598b6ef816da3050",
      "type": "EBS",
      "size": 8,
      "cost": 0.64,
      "region": "us-east-1a",
      "status": "in-use"
    },
    {
      "id": "vol-950da651803d5dc6e",
      "type": "EBS",
      "size": 4000,
      "cost": 320,
      "region": "us-east-1a",
      "status": "available"
    },
    {
      "id": "vol-1017b9accb784af18",
      "type": "EBS",
      "size": 4000,
      "cost": 320,
      "region": "us-east-1a",
      "status": "available"
    },
    {
      "id": "vol-8d69e1686215c8079",
      "type": "EBS",
      "size": 4000,
      "cost": 320,
      "region": "us-east-1a",
      "status": "available"
    },
    {
      "id": "vol-74333717a11bca8cc",
      "type": "EBS",
      "size": 4000,
      "cost": 320,
      "region": "us-east-1a",
      "status": "available"
    },
    {
      "id": "vol-c13da5e759e33c8c0",
      "type": "EBS",
      "size": 4000,
      "cost": 320,
      "region": "us-east-1a",
      "status": "available"
    },
    {
      "id": "vol-23a8648c0e54fecff",
      "type": "EBS",
      "size": 4000,
      "cost": 320,
      "region": "us-east-1a",
      "status": "available"
    },
    {
      "id": "vol-1e7811e65660a8f0c",
      "type": "EBS",
      "size": 4000,
      "cost": 320,
      "region": "us-east-1a",
      "status": "available"
    },
    {
      "id": "vol-74d59696c010d9de2",
      "type": "EBS",
      "size": 4000,
      "cost": 320,
      "region": "us-east-1a",
      "status": "available"
    },
    {
      "id": "vol-324b67a4e99465a76",
      "type": "EBS",
      "size": 4000,
      "cost": 320,
      "region": "us-east-1a",
      "status": "available"
    },
    {
      "id": "vol-2d7167f38ba3d8e08",
      "type": "EBS",
      "size": 4000,
      "cost": 320,
      "region": "us-east-1a",
      "status": "available"
    },
    {
      "id": "vol-85874225498566abf",
      "type": "EBS",
      "size": 1500,
      "cost": 120,
      "region": "us-east-1b",
      "status": "available"
    },
    {
      "id": "vol-c039e04d93aeee31c",
      "type": "EBS",
      "size": 1500,
      "cost": 120,
      "region": "us-east-1b",
      "status": "available"
    },
    {
      "id": "vol-91e5376900ec31111",
      "type": "EBS",
      "size": 1500,
      "cost": 120,
      "region": "us-east-1b",
      "status": "available"
    },
    {
      "id": "vol-1341eba750b4a0397",
      "type": "EBS",
      "size": 1500,
      "cost": 120,
      "region": "us-east-1b",
      "status": "available"
    },
    {
      "id": "vol-5e8ccdc21c376a2a8",
      "type": "EBS",
      "size": 1500,
      "cost": 120,
      "region": "us-east-1b",
      "status": "available"
    },
    {
      "id": "vol-2cb31731b58f21ae8",
      "type": "EBS",
      "size": 1500,
      "cost": 120,
      "region": "us-east-1b",
      "status": "available"
    },
    {
      "id": "vol-c1ea3122904ee26a3",
      "type": "EBS",
      "size": 1500,
      "cost": 120,
      "region": "us-east-1b",
      "status": "available"
    },
    {
      "id": "vol-27e896dfd6281d242",
      "type": "EBS",
      "size": 1500,
      "cost": 120,
      "region": "us-east-1b",
      "status": "available"
    },
    {
      "id": "vol-cc49acfd45b74ad93",
      "type": "EBS",
      "size": 1500,
      "cost": 120,
      "region": "us-east-1b",
      "status": "available"
    },
    {
      "id": "vol-4ee7cdad4de1dd0e0",
      "type": "EBS",
      "size": 1500,
      "cost": 120,
      "region": "us-east-1b",
      "status": "available"
    },
    {
      "id": "vol-248db038910dc7f71",
      "type": "EBS",
      "size": 1500,
      "cost": 120,
      "region": "us-east-1b",
      "status": "available"
    },
    {
      "id": "vol-8955df6a53cd5d848",
      "type": "EBS",
      "size": 1500,
      "cost": 120,
      "region": "us-east-1b",
      "status": "available"
    },
    {
      "id": "vol-476706ef5a8e4a9da",
      "type": "EBS",
      "size": 1500,
      "cost": 120,
      "region": "us-east-1b",
      "status": "available"
    },
    {
      "id": "vol-b8f25424c7ca55f6b",
      "type": "EBS",
      "size": 1500,
      "cost": 120,
      "region": "us-east-1b",
      "status": "available"
    },
    {
      "id": "vol-21e47ed9a13a0e3da",
      "type": "EBS",
      "size": 1500,
      "cost": 120,
      "region": "us-east-1b",
      "status": "available"
    },
    {
      "id": "vol-4eed909ac442e27b2",
      "type": "EBS",
      "size": 1500,
      "cost": 120,
      "region": "us-east-1b",
      "status": "available"
    },
    {
      "id": "vol-60c4f2ebf467b4703",
      "type": "EBS",
      "size": 1500,
      "cost": 120,
      "region": "us-east-1b",
      "status": "available"
    },
    {
      "id": "vol-e0d34007c933318f7",
      "type": "EBS",
      "size": 1500,
      "cost": 120,
      "region": "us-east-1b",
      "status": "available"
    },
    {
      "id": "vol-58d89aa4d070520cb",
      "type": "EBS",
      "size": 1500,
      "cost": 120,
      "region": "us-east-1b",
      "status": "available"
    },
    {
      "id": "vol-1bcff6d0bb169b60e",
      "type": "EBS",
      "size": 1500,
      "cost": 120,
      "region": "us-east-1b",
      "status": "available"
    },
    {
      "id": "vol-bfc24adf3e7376a56",
      "type": "EBS",
      "size": 50,
      "cost": 4,
      "region": "us-east-1c",
      "status": "available"
    },
    {
      "id": "vol-bfe4f140b60e22c30",
      "type": "EBS",
      "size": 50,
      "cost": 4,
      "region": "us-east-1c",
      "status": "available"
    },
    {
      "id": "vol-8bf50f644ccc0099d",
      "type": "EBS",
      "size": 50,
      "cost": 4,
      "region": "us-east-1c",
      "status": "available"
    },
    {
      "id": "vol-d30a4b830a4a2fb43",
      "type": "EBS",
      "size": 50,
      "cost": 4,
      "region": "us-east-1c",
      "status": "available"
    },
    {
      "id": "vol-79dfe5568d6cf8745",
      "type": "EBS",
      "size": 50,
      "cost": 4,
      "region": "us-east-1c",
      "status": "available"
    },
    {
      "id": "vol-86f23c472de4f94e5",
      "type": "EBS",
      "size": 50,
      "cost": 4,
      "region": "us-east-1c",
      "status": "available"
    },
    {
      "id": "vol-6c1d6b80a6854dc9e",
      "type": "EBS",
      "size": 50,
      "cost": 4,
      "region": "us-east-1c",
      "status": "available"
    },
    {
      "id": "vol-f0a1e19dbf7df4f39",
      "type": "EBS",
      "size": 50,
      "cost": 4,
      "region": "us-east-1c",
      "status": "available"
    },
    {
      "id": "vol-3ea6fe492c3ef302e",
      "type": "EBS",
      "size": 50,
      "cost": 4,
      "region": "us-east-1c",
      "status": "available"
    },
    {
      "id": "vol-3f1ce2e2bf4818ca6",
      "type": "EBS",
      "size": 50,
      "cost": 4,
      "region": "us-east-1c",
      "status": "available"
    },
    {
      "id": "vol-012b26c2d23240b55",
      "type": "EBS",
      "size": 50,
      "cost": 4,
      "region": "us-east-1c",
      "status": "available"
    },
    {
      "id": "vol-60dfb877eea94c16a",
      "type": "EBS",
      "size": 50,
      "cost": 4,
      "region": "us-east-1c",
      "status": "available"
    },
    {
      "id": "vol-7973645d299ce0460",
      "type": "EBS",
      "size": 50,
      "cost": 4,
      "region": "us-east-1c",
      "status": "available"
    },
    {
      "id": "vol-4bc6b9cd2d96519f6",
      "type": "EBS",
      "size": 50,
      "cost": 4,
      "region": "us-east-1c",
      "status": "available"
    },
    {
      "id": "vol-bb2c1059529b9659d",
      "type": "EBS",
      "size": 50,
      "cost": 4,
      "region": "us-east-1c",
      "status": "available"
    },
    {
      "id": "vol-8586c18b503c9dc0a",
      "type": "EBS",
      "size": 50,
      "cost": 4,
      "region": "us-east-1c",
      "status": "available"
    },
    {
      "id": "vol-bb8fc7d54167b8513",
      "type": "EBS",
      "size": 50,
      "cost": 4,
      "region": "us-east-1c",
      "status": "available"
    },
    {
      "id": "vol-e4d82dfc37cc98f25",
      "type": "EBS",
      "size": 50,
      "cost": 4,
      "region": "us-east-1c",
      "status": "available"
    },
    {
      "id": "vol-7da36e6e18ee21123",
      "type": "EBS",
      "size": 50,
      "cost": 4,
      "region": "us-east-1c",
      "status": "available"
    },
    {
      "id": "vol-267827e4b4db825ce",
      "type": "EBS",
      "size": 50,
      "cost": 4,
      "region": "us-east-1c",
      "status": "available"
    },
    {
      "id": "vol-b41619ff4e3679a0a",
      "type": "EBS",
      "size": 50,
      "cost": 4,
      "region": "us-east-1c",
      "status": "available"
    },
    {
      "id": "vol-e0144ce9145f0bbc0",
      "type": "EBS",
      "size": 50,
      "cost": 4,
      "region": "us-east-1c",
      "status": "available"
    },
    {
      "id": "vol-1cc1ca801a039f62f",
      "type": "EBS",
      "size": 50,
      "cost": 4,
      "region": "us-east-1c",
      "status": "available"
    },
    {
      "id": "vol-9bb720f9ec88b2438",
      "type": "EBS",
      "size": 50,
      "cost": 4,
      "region": "us-east-1c",
      "status": "available"
    },
    {
      "id": "vol-9f8a90c0c23776024",
      "type": "EBS",
      "size": 50,
      "cost": 4,
      "region": "us-east-1c",
      "status": "available"
    },
    {
      "id": "vol-43c6eae2dbc069bea",
      "type": "EBS",
      "size": 50,
      "cost": 4,
      "region": "us-east-1c",
      "status": "available"
    },
    {
      "id": "vol-786462d9b2432c72c",
      "type": "EBS",
      "size": 50,
      "cost": 4,
      "region": "us-east-1c",
      "status": "available"
    },
    {
      "id": "vol-a84364817fc41c303",
      "type": "EBS",
      "size": 50,
      "cost": 4,
      "region": "us-east-1c",
      "status": "available"
    },
    {
      "id": "vol-6f00fdd1ba2c4647c",
      "type": "EBS",
      "size": 50,
      "cost": 4,
      "region": "us-east-1c",
      "status": "available"
    },
    {
      "id": "vol-0413bc484c45b3d42",
      "type": "EBS",
      "size": 50,
      "cost": 4,
      "region": "us-east-1c",
      "status": "available"
    },
    {
      "id": "vol-ec15812841c0ef773",
      "type": "EBS",
      "size": 50,
      "cost": 4,
      "region": "us-east-1c",
      "status": "available"
    },
    {
      "id": "vol-84ba869c40bfdfc17",
      "type": "EBS",
      "size": 50,
      "cost": 4,
      "region": "us-east-1c",
      "status": "available"
    },
    {
      "id": "vol-365d036ff9a57f135",
      "type": "EBS",
      "size": 50,
      "cost": 4,
      "region": "us-east-1c",
      "status": "available"
    },
    {
      "id": "vol-eb65c49e1263ad8ed",
      "type": "EBS",
      "size": 50,
      "cost": 4,
      "region": "us-east-1c",
      "status": "available"
    },
    {
      "id": "vol-e3aed59b24c92c97e",
      "type": "EBS",
      "size": 50,
      "cost": 4,
      "region": "us-east-1c",
      "status": "available"
    },
    {
      "id": "vol-24675edb35157bed5",
      "type": "EBS",
      "size": 50,
      "cost": 4,
      "region": "us-east-1c",
      "status": "available"
    },
    {
      "id": "vol-83994150e38e5c5c0",
      "type": "EBS",
      "size": 50,
      "cost": 4,
      "region": "us-east-1c",
      "status": "available"
    },
    {
      "id": "vol-1acfa530bd124c509",
      "type": "EBS",
      "size": 50,
      "cost": 4,
      "region": "us-east-1c",
      "status": "available"
    },
    {
      "id": "vol-7375fa9021d812ec8",
      "type": "EBS",
      "size": 50,
      "cost": 4,
      "region": "us-east-1c",
      "status": "available"
    },
    {
      "id": "vol-b71024826da5ebd47",
      "type": "EBS",
      "size": 50,
      "cost": 4,
      "region": "us-east-1c",
      "status": "available"
    },
    {
      "id": "vol-9029b3a2278488be1",
      "type": "EBS",
      "size": 50,
      "cost": 4,
      "region": "us-east-1c",
      "status": "available"
    },
    {
      "id": "vol-8c16e9acfa3f8acdf",
      "type": "EBS",
      "size": 50,
      "cost": 4,
      "region": "us-east-1c",
      "status": "available"
    },
    {
      "id": "vol-2e2ff3b7ee5920f01",
      "type": "EBS",
      "size": 50,
      "cost": 4,
      "region": "us-east-1c",
      "status": "available"
    },
    {
      "id": "vol-cba143ec0790b9999",
      "type": "EBS",
      "size": 50,
      "cost": 4,
      "region": "us-east-1c",
      "status": "available"
    },
    {
      "id": "vol-d34a30eae2f4aa747",
      "type": "EBS",
      "size": 50,
      "cost": 4,
      "region": "us-east-1c",
      "status": "available"
    },
    {
      "id": "vol-e44e191a0e00d9910",
      "type": "EBS",
      "size": 50,
      "cost": 4,
      "region": "us-east-1c",
      "status": "available"
    },
    {
      "id": "vol-303af71af34a95acc",
      "type": "EBS",
      "size": 50,
      "cost": 4,
      "region": "us-east-1c",
      "status": "available"
    },
    {
      "id": "vol-a06ceeb387f3db546",
      "type": "EBS",
      "size": 50,
      "cost": 4,
      "region": "us-east-1c",
      "status": "available"
    },
    {
      "id": "vol-fc2ef7133c01b990e",
      "type": "EBS",
      "size": 50,
      "cost": 4,
      "region": "us-east-1c",
      "status": "available"
    },
    {
      "id": "vol-189d6c9f4e9114816",
      "type": "EBS",
      "size": 50,
      "cost": 4,
      "region": "us-east-1c",
      "status": "available"
    },
    {
      "id": "vol-4586403d0e636dc29",
      "type": "EBS",
      "size": 500,
      "cost": 40,
      "region": "us-east-1a",
      "status": "available"
    },
    {
      "id": "vol-4f27225175f2d6b6e",
      "type": "EBS",
      "size": 500,
      "cost": 40,
      "region": "us-east-1a",
      "status": "available"
    },
    {
      "id": "vol-3a3b31f2461444dfc",
      "type": "EBS",
      "size": 500,
      "cost": 40,
      "region": "us-east-1a",
      "status": "available"
    },
    {
      "id": "vol-0cba3bdf1fd77bb71",
      "type": "EBS",
      "size": 500,
      "cost": 40,
      "region": "us-east-1a",
      "status": "available"
    },
    {
      "id": "vol-4aad594b8252eea55",
      "type": "EBS",
      "size": 500,
      "cost": 40,
      "region": "us-east-1a",
      "status": "available"
    },
    {
      "id": "vol-dc8f36462a1125c1a",
      "type": "EBS",
      "size": 500,
      "cost": 40,
      "region": "us-east-1a",
      "status": "available"
    },
    {
      "id": "vol-9a2fee892cd8d0864",
      "type": "EBS",
      "size": 500,
      "cost": 40,
      "region": "us-east-1a",
      "status": "available"
    },
    {
      "id": "vol-33f8e8305ce870cbb",
      "type": "EBS",
      "size": 500,
      "cost": 40,
      "region": "us-east-1a",
      "status": "available"
    },
    {
      "id": "vol-a69c36f11fa62609c",
      "type": "EBS",
      "size": 500,
      "cost": 40,
      "region": "us-east-1a",
      "status": "available"
    },
    {
      "id": "vol-9e1d4004b67533726",
      "type": "EBS",
      "size": 500,
      "cost": 40,
      "region": "us-east-1a",
      "status": "available"
    },
    {
      "id": "vol-a5b94d06ecf3e7194",
      "type": "EBS",
      "size": 500,
      "cost": 40,
      "region": "us-east-1a",
      "status": "available"
    },
    {
      "id": "vol-93ea7dd7c1d0bd9c4",
      "type": "EBS",
      "size": 500,
      "cost": 40,
      "region": "us-east-1a",
      "status": "available"
    },
    {
      "id": "vol-6fcf6aea1704f65ed",
      "type": "EBS",
      "size": 500,
      "cost": 40,
      "region": "us-east-1a",
      "status": "available"
    },
    {
      "id": "vol-aa8deee8f83b80e86",
      "type": "EBS",
      "size": 500,
      "cost": 40,
      "region": "us-east-1a",
      "status": "available"
    },
    {
      "id": "vol-19d52a99eca839785",
      "type": "EBS",
      "size": 500,
      "cost": 40,
      "region": "us-east-1a",
      "status": "available"
    },
    {
      "id": "vol-53c5be61b22a31512",
      "type": "EBS",
      "size": 500,
      "cost": 40,
      "region": "us-east-1a",
      "status": "available"
    },
    {
      "id": "vol-1e10549e4c3cbbdab",
      "type": "EBS",
      "size": 500,
      "cost": 40,
      "region": "us-east-1a",
      "status": "available"
    },
    {
      "id": "vol-8f39e7dba70c810bb",
      "type": "EBS",
      "size": 500,
      "cost": 40,
      "region": "us-east-1a",
      "status": "available"
    },
    {
      "id": "vol-dceb972d681fb8334",
      "type": "EBS",
      "size": 500,
      "cost": 40,
      "region": "us-east-1a",
      "status": "available"
    },
    {
      "id": "vol-0d863e1d22e7ccfd7",
      "type": "EBS",
      "size": 500,
      "cost": 40,
      "region": "us-east-1a",
      "status": "available"
    },
    {
      "id": "vol-4bceb26097cdf3202",
      "type": "EBS",
      "size": 500,
      "cost": 40,
      "region": "us-east-1a",
      "status": "available"
    },
    {
      "id": "vol-6b5ceb01f6f63896b",
      "type": "EBS",
      "size": 500,
      "cost": 40,
      "region": "us-east-1a",
      "status": "available"
    },
    {
      "id": "vol-593a778b48746f691",
      "type": "EBS",
      "size": 500,
      "cost": 40,
      "region": "us-east-1a",
      "status": "available"
    },
    {
      "id": "vol-36bccabb34efc85ce",
      "type": "EBS",
      "size": 500,
      "cost": 40,
      "region": "us-east-1a",
      "status": "available"
    },
    {
      "id": "vol-e43e88698a894e32e",
      "type": "EBS",
      "size": 500,
      "cost": 40,
      "region": "us-east-1a",
      "status": "available"
    },
    {
      "id": "vol-7fa621848516a8941",
      "type": "EBS",
      "size": 500,
      "cost": 40,
      "region": "us-east-1a",
      "status": "available"
    },
    {
      "id": "vol-5c5acb7fdf87d2c9b",
      "type": "EBS",
      "size": 500,
      "cost": 40,
      "region": "us-east-1a",
      "status": "available"
    },
    {
      "id": "vol-49a426f17b8fa2c25",
      "type": "EBS",
      "size": 500,
      "cost": 40,
      "region": "us-east-1a",
      "status": "available"
    },
    {
      "id": "vol-ed3da46996e012413",
      "type": "EBS",
      "size": 500,
      "cost": 40,
      "region": "us-east-1a",
      "status": "available"
    },
    {
      "id": "vol-207e3eaa48c317977",
      "type": "EBS",
      "size": 500,
      "cost": 40,
      "region": "us-east-1a",
      "status": "available"
    },
    {
      "id": "vol-75bc9449784dbc84f",
      "type": "EBS",
      "size": 15,
      "cost": 1.2,
      "region": "us-east-1a",
      "status": "available"
    },
    {
      "id": "vol-614560b14ce5b1749",
      "type": "EBS",
      "size": 20,
      "cost": 1.6,
      "region": "us-east-1a",
      "status": "available"
    },
    {
      "id": "vol-4c2a40eb731616d7e",
      "type": "EBS",
      "size": 25,
      "cost": 2,
      "region": "us-east-1a",
      "status": "available"
    },
    {
      "id": "vol-733659fef86234b60",
      "type": "EBS",
      "size": 8,
      "cost": 0.64,
      "region": "us-east-1a",
      "status": "in-use"
    },
    {
      "id": "vol-b0c391bec4755fb96",
      "type": "EBS",
      "size": 5,
      "cost": 0.4,
      "region": "us-east-1b",
      "status": "available"
    },
    {
      "id": "vol-c85ad4f9186c0d1b9",
      "type": "EBS",
      "size": 5,
      "cost": 0.4,
      "region": "us-east-1b",
      "status": "available"
    },
    {
      "id": "127.58.60.3",
      "type": "IP",
      "size": 0,
      "cost": 3.6,
      "region": "vpc",
      "status": "unattached"
    },
    {
      "id": "127.164.174.171",
      "type": "IP",
      "size": 0,
      "cost": 3.6,
      "region": "vpc",
      "status": "unattached"
    },
    {
      "id": "127.154.190.114",
      "type": "IP",
      "size": 0,
      "cost": 3.6,
      "region": "vpc",
      "status": "unattached"
    },
    {
      "id": "127.117.150.104",
      "type": "IP",
      "size": 0,
      "cost": 3.6,
      "region": "vpc",
      "status": "unattached"
    },
    {
      "id": "127.254.4.255",
      "type": "IP",
      "size": 0,
      "cost": 3.6,
      "region": "vpc",
      "status": "unattached"
    },
    {
      "id": "127.15.109.20",
      "type": "IP",
      "size": 0,
      "cost": 3.6,
      "region": "vpc",
      "status": "unattached"
    },
    {
      "id": "127.80.155.250",
      "type": "IP",
      "size": 0,
      "cost": 3.6,
      "region": "vpc",
      "status": "unattached"
    },
    {
      "id": "127.65.152.200",
      "type": "IP",
      "size": 0,
      "cost": 3.6,
      "region": "vpc",
      "status": "unattached"
    },
    {
      "id": "127.98.180.93",
      "type": "IP",
      "size": 0,
      "cost": 3.6,
      "region": "vpc",
      "status": "unattached"
    },
    {
      "id": "127.79.220.239",
      "type": "IP",
      "size": 0,
      "cost": 3.6,
      "region": "vpc",
      "status": "unattached"
    },
    {
      "id": "127.142.226.124",
      "type": "IP",
      "size": 0,
      "cost": 3.6,
      "region": "vpc",
      "status": "unattached"
    },
    {
      "id": "127.41.24.239",
      "type": "IP",
      "size": 0,
      "cost": 3.6,
      "region": "vpc",
      "status": "unattached"
    },
    {
      "id": "127.114.234.145",
      "type": "IP",
      "size": 0,
      "cost": 3.6,
      "region": "vpc",
      "status": "unattached"
    },
    {
      "id": "127.224.217.237",
      "type": "IP",
      "size": 0,
      "cost": 3.6,
      "region": "vpc",
      "status": "unattached"
    },
    {
      "id": "127.199.17.101",
      "type": "IP",
      "size": 0,
      "cost": 3.6,
      "region": "vpc",
      "status": "unattached"
    },
    {
      "id": "127.96.222.167",
      "type": "IP",
      "size": 0,
      "cost": 3.6,
      "region": "vpc",
      "status": "unattached"
    },
    {
      "id": "127.230.233.227",
      "type": "IP",
      "size": 0,
      "cost": 3.6,
      "region": "vpc",
      "status": "unattached"
    },
    {
      "id": "127.173.23.4",
      "type": "IP",
      "size": 0,
      "cost": 3.6,
      "region": "vpc",
      "status": "unattached"
    },
    {
      "id": "127.227.90.227",
      "type": "IP",
      "size": 0,
      "cost": 3.6,
      "region": "vpc",
      "status": "unattached"
    },
    {
      "id": "127.42.35.112",
      "type": "IP",
      "size": 0,
      "cost": 3.6,
      "region": "vpc",
      "status": "unattached"
    },
    {
      "id": "127.0.207.195",
      "type": "IP",
      "size": 0,
      "cost": 3.6,
      "region": "vpc",
      "status": "unattached"
    },
    {
      "id": "127.50.146.208",
      "type": "IP",
      "size": 0,
      "cost": 3.6,
      "region": "vpc",
      "status": "unattached"
    },
    {
      "id": "127.56.133.86",
      "type": "IP",
      "size": 0,
      "cost": 3.6,
      "region": "vpc",
      "status": "unattached"
    },
    {
      "id": "127.128.5.228",
      "type": "IP",
      "size": 0,
      "cost": 3.6,
      "region": "vpc",
      "status": "unattached"
    },
    {
      "id": "127.156.145.170",
      "type": "IP",
      "size": 0,
      "cost": 3.6,
      "region": "vpc",
      "status": "unattached"
    },
    {
      "id": "127.124.170.189",
      "type": "IP",
      "size": 0,
      "cost": 3.6,
      "region": "vpc",
      "status": "unattached"
    },
    {
      "id": "127.220.202.184",
      "type": "IP",
      "size": 0,
      "cost": 3.6,
      "region": "vpc",
      "status": "unattached"
    },
    {
      "id": "127.251.131.207",
      "type": "IP",
      "size": 0,
      "cost": 3.6,
      "region": "vpc",
      "status": "unattached"
    },
    {
      "id": "127.75.88.149",
      "type": "IP",
      "size": 0,
      "cost": 3.6,
      "region": "vpc",
      "status": "unattached"
    },
    {
      "id": "127.156.93.154",
      "type": "IP",
      "size": 0,
      "cost": 3.6,
      "region": "vpc",
      "status": "unattached"
    },
    {
      "id": "127.143.116.213",
      "type": "IP",
      "size": 0,
      "cost": 3.6,
      "region": "vpc",
      "status": "unattached"
    },
    {
      "id": "127.184.217.178",
      "type": "IP",
      "size": 0,
      "cost": 3.6,
      "region": "vpc",
      "status": "unattached"
    },
    {
      "id": "127.29.86.168",
      "type": "IP",
      "size": 0,
      "cost": 3.6,
      "region": "vpc",
      "status": "unattached"
    },
    {
      "id": "127.221.104.187",
      "type": "IP",
      "size": 0,
      "cost": 3.6,
      "region": "vpc",
      "status": "unattached"
    },
    {
      "id": "127.59.222.154",
      "type": "IP",
      "size": 0,
      "cost": 3.6,
      "region": "vpc",
      "status": "unattached"
    },
    {
      "id": "127.142.115.216",
      "type": "IP",
      "size": 0,
      "cost": 3.6,
      "region": "vpc",
      "status": "unattached"
    },
    {
      "id": "127.191.31.182",
      "type": "IP",
      "size": 0,
      "cost": 3.6,
      "region": "vpc",
      "status": "unattached"
    },
    {
      "id": "127.29.18.117",
      "type": "IP",
      "size": 0,
      "cost": 3.6,
      "region": "vpc",
      "status": "unattached"
    },
    {
      "id": "127.45.55.77",
      "type": "IP",
      "size": 0,
      "cost": 3.6,
      "region": "vpc",
      "status": "unattached"
    },
    {
      "id": "127.204.11.167",
      "type": "IP",
      "size": 0,
      "cost": 3.6,
      "region": "vpc",
      "status": "unattached"
    },
    {
      "id": "127.151.152.116",
      "type": "IP",
      "size": 0,
      "cost": 3.6,
      "region": "vpc",
      "status": "unattached"
    },
    {
      "id": "127.189.204.112",
      "type": "IP",
      "size": 0,
      "cost": 3.6,
      "region": "vpc",
      "status": "unattached"
    },
    {
      "id": "127.4.41.231",
      "type": "IP",
      "size": 0,
      "cost": 3.6,
      "region": "vpc",
      "status": "unattached"
    },
    {
      "id": "127.184.70.41",
      "type": "IP",
      "size": 0,
      "cost": 3.6,
      "region": "vpc",
      "status": "unattached"
    },
    {
      "id": "127.95.130.217",
      "type": "IP",
      "size": 0,
      "cost": 3.6,
      "region": "vpc",
      "status": "unattached"
    },
    {
      "id": "127.221.171.49",
      "type": "IP",
      "size": 0,
      "cost": 3.6,
      "region": "vpc",
      "status": "unattached"
    },
    {
      "id": "127.239.133.3",
      "type": "IP",
      "size": 0,
      "cost": 3.6,
      "region": "vpc",
      "status": "unattached"
    },
    {
      "id": "127.168.30.222",
      "type": "IP",
      "size": 0,
      "cost": 3.6,
      "region": "vpc",
      "status": "unattached"
    },
    {
      "id": "127.4.158.120",
      "type": "IP",
      "size": 0,
      "cost": 3.6,
      "region": "vpc",
      "status": "unattached"
    },
    {
      "id": "127.179.51.63",
      "type": "IP",
      "size": 0,
      "cost": 3.6,
      "region": "vpc",
      "status": "unattached"
    },
    {
      "id": "127.142.249.241",
      "type": "IP",
      "size": 0,
      "cost": 3.6,
      "region": "vpc",
      "status": "unattached"
    }
  ],
  "resources": [
    {
      "id": "vol-950da651803d5dc6e",
      "type": "EBS",
      "size": 4000,
      "cost": 320,
      "region": "us-east-1a",
      "status": "available"
    },
    {
      "id": "vol-1017b9accb784af18",
      "type": "EBS",
      "size": 4000,
      "cost": 320,
      "region": "us-east-1a",
      "status": "available"
    },
    {
      "id": "vol-8d69e1686215c8079",
      "type": "EBS",
      "size": 4000,
      "cost": 320,
      "region": "us-east-1a",
      "status": "available"
    },
    {
      "id": "vol-74333717a11bca8cc",
      "type": "EBS",
      "size": 4000,
      "cost": 320,
      "region": "us-east-1a",
      "status": "available"
    },
    {
      "id": "vol-c13da5e759e33c8c0",
      "type": "EBS",
      "size": 4000,
      "cost": 320,
      "region": "us-east-1a",
      "status": "available"
    },
    {
      "id": "vol-23a8648c0e54fecff",
      "type": "EBS",
      "size": 4000,
      "cost": 320,
      "region": "us-east-1a",
      "status": "available"
    },
    {
      "id": "vol-1e7811e65660a8f0c",
      "type": "EBS",
      "size": 4000,
      "cost": 320,
      "region": "us-east-1a",
      "status": "available"
    },
    {
      "id": "vol-74d59696c010d9de2",
      "type": "EBS",
      "size": 4000,
      "cost": 320,
      "region": "us-east-1a",
      "status": "available"
    },
    {
      "id": "vol-324b67a4e99465a76",
      "type": "EBS",
      "size": 4000,
      "cost": 320,
      "region": "us-east-1a",
      "status": "available"
    },
    {
      "id": "vol-2d7167f38ba3d8e08",
      "type": "EBS",
      "size": 4000,
      "cost": 320,
      "region": "us-east-1a",
      "status": "available"
    },
    {
      "id": "vol-85874225498566abf",
      "type": "EBS",
      "size": 1500,
      "cost": 120,
      "region": "us-east-1b",
      "status": "available"
    },
    {
      "id": "vol-c039e04d93aeee31c",
      "type": "EBS",
      "size": 1500,
      "cost": 120,
      "region": "us-east-1b",
      "status": "available"
    },
    {
      "id": "vol-91e5376900ec31111",
      "type": "EBS",
      "size": 1500,
      "cost": 120,
      "region": "us-east-1b",
      "status": "available"
    },
    {
      "id": "vol-1341eba750b4a0397",
      "type": "EBS",
      "size": 1500,
      "cost": 120,
      "region": "us-east-1b",
      "status": "available"
    },
    {
      "id": "vol-5e8ccdc21c376a2a8",
      "type": "EBS",
      "size": 1500,
      "cost": 120,
      "region": "us-east-1b",
      "status": "available"
    },
    {
      "id": "vol-2cb31731b58f21ae8",
      "type": "EBS",
      "size": 1500,
      "cost": 120,
      "region": "us-east-1b",
      "status": "available"
    },
    {
      "id": "vol-c1ea3122904ee26a3",
      "type": "EBS",
      "size": 1500,
      "cost": 120,
      "region": "us-east-1b",
      "status": "available"
    },
    {
      "id": "vol-27e896dfd6281d242",
      "type": "EBS",
      "size": 1500,
      "cost": 120,
      "region": "us-east-1b",
      "status": "available"
    },
    {
      "id": "vol-cc49acfd45b74ad93",
      "type": "EBS",
      "size": 1500,
      "cost": 120,
      "region": "us-east-1b",
      "status": "available"
    },
    {
      "id": "vol-4ee7cdad4de1dd0e0",
      "type": "EBS",
      "size": 1500,
      "cost": 120,
      "region": "us-east-1b",
      "status": "available"
    },
    {
      "id": "vol-248db038910dc7f71",
      "type": "EBS",
      "size": 1500,
      "cost": 120,
      "region": "us-east-1b",
      "status": "available"
    },
    {
      "id": "vol-8955df6a53cd5d848",
      "type": "EBS",
      "size": 1500,
      "cost": 120,
      "region": "us-east-1b",
      "status": "available"
    },
    {
      "id": "vol-476706ef5a8e4a9da",
      "type": "EBS",
      "size": 1500,
      "cost": 120,
      "region": "us-east-1b",
      "status": "available"
    },
    {
      "id": "vol-b8f25424c7ca55f6b",
      "type": "EBS",
      "size": 1500,
      "cost": 120,
      "region": "us-east-1b",
      "status": "available"
    },
    {
      "id": "vol-21e47ed9a13a0e3da",
      "type": "EBS",
      "size": 1500,
      "cost": 120,
      "region": "us-east-1b",
      "status": "available"
    },
    {
      "id": "vol-4eed909ac442e27b2",
      "type": "EBS",
      "size": 1500,
      "cost": 120,
      "region": "us-east-1b",
      "status": "available"
    },
    {
      "id": "vol-60c4f2ebf467b4703",
      "type": "EBS",
      "size": 1500,
      "cost": 120,
      "region": "us-east-1b",
      "status": "available"
    },
    {
      "id": "vol-e0d34007c933318f7",
      "type": "EBS",
      "size": 1500,
      "cost": 120,
      "region": "us-east-1b",
      "status": "available"
    },
    {
      "id": "vol-58d89aa4d070520cb",
      "type": "EBS",
      "size": 1500,
      "cost": 120,
      "region": "us-east-1b",
      "status": "available"
    },
    {
      "id": "vol-1bcff6d0bb169b60e",
      "type": "EBS",
      "size": 1500,
      "cost": 120,
      "region": "us-east-1b",
      "status": "available"
    },
    {
      "id": "vol-bfc24adf3e7376a56",
      "type": "EBS",
      "size": 50,
      "cost": 4,
      "region": "us-east-1c",
      "status": "available"
    },
    {
      "id": "vol-bfe4f140b60e22c30",
      "type": "EBS",
      "size": 50,
      "cost": 4,
      "region": "us-east-1c",
      "status": "available"
    },
    {
      "id": "vol-8bf50f644ccc0099d",
      "type": "EBS",
      "size": 50,
      "cost": 4,
      "region": "us-east-1c",
      "status": "available"
    },
    {
      "id": "vol-d30a4b830a4a2fb43",
      "type": "EBS",
      "size": 50,
      "cost": 4,
      "region": "us-east-1c",
      "status": "available"
    },
    {
      "id": "vol-79dfe5568d6cf8745",
      "type": "EBS",
      "size": 50,
      "cost": 4,
      "region": "us-east-1c",
      "status": "available"
    },
    {
      "id": "vol-86f23c472de4f94e5",
      "type": "EBS",
      "size": 50,
      "cost": 4,
      "region": "us-east-1c",
      "status": "available"
    },
    {
      "id": "vol-6c1d6b80a6854dc9e",
      "type": "EBS",
      "size": 50,
      "cost": 4,
      "region": "us-east-1c",
      "status": "available"
    },
    {
      "id": "vol-f0a1e19dbf7df4f39",
      "type": "EBS",
      "size": 50,
      "cost": 4,
      "region": "us-east-1c",
      "status": "available"
    },
    {
      "id": "vol-3ea6fe492c3ef302e",
      "type": "EBS",
      "size": 50,
      "cost": 4,
      "region": "us-east-1c",
      "status": "available"
    },
    {
      "id": "vol-3f1ce2e2bf4818ca6",
      "type": "EBS",
      "size": 50,
      "cost": 4,
      "region": "us-east-1c",
      "status": "available"
    },
    {
      "id": "vol-012b26c2d23240b55",
      "type": "EBS",
      "size": 50,
      "cost": 4,
      "region": "us-east-1c",
      "status": "available"
    },
    {
      "id": "vol-60dfb877eea94c16a",
      "type": "EBS",
      "size": 50,
      "cost": 4,
      "region": "us-east-1c",
      "status": "available"
    },
    {
      "id": "vol-7973645d299ce0460",
      "type": "EBS",
      "size": 50,
      "cost": 4,
      "region": "us-east-1c",
      "status": "available"
    },
    {
      "id": "vol-4bc6b9cd2d96519f6",
      "type": "EBS",
      "size": 50,
      "cost": 4,
      "region": "us-east-1c",
      "status": "available"
    },
    {
      "id": "vol-bb2c1059529b9659d",
      "type": "EBS",
      "size": 50,
      "cost": 4,
      "region": "us-east-1c",
      "status": "available"
    },
    {
      "id": "vol-8586c18b503c9dc0a",
      "type": "EBS",
      "size": 50,
      "cost": 4,
      "region": "us-east-1c",
      "status": "available"
    },
    {
      "id": "vol-bb8fc7d54167b8513",
      "type": "EBS",
      "size": 50,
      "cost": 4,
      "region": "us-east-1c",
      "status": "available"
    },
    {
      "id": "vol-e4d82dfc37cc98f25",
      "type": "EBS",
      "size": 50,
      "cost": 4,
      "region": "us-east-1c",
      "status": "available"
    },
    {
      "id": "vol-7da36e6e18ee21123",
      "type": "EBS",
      "size": 50,
      "cost": 4,
      "region": "us-east-1c",
      "status": "available"
    },
    {
      "id": "vol-267827e4b4db825ce",
      "type": "EBS",
      "size": 50,
      "cost": 4,
      "region": "us-east-1c",
      "status": "available"
    },
    {
      "id": "vol-b41619ff4e3679a0a",
      "type": "EBS",
      "size": 50,
      "cost": 4,
      "region": "us-east-1c",
      "status": "available"
    },
    {
      "id": "vol-e0144ce9145f0bbc0",
      "type": "EBS",
      "size": 50,
      "cost": 4,
      "region": "us-east-1c",
      "status": "available"
    },
    {
      "id": "vol-1cc1ca801a039f62f",
      "type": "EBS",
      "size": 50,
      "cost": 4,
      "region": "us-east-1c",
      "status": "available"
    },
    {
      "id": "vol-9bb720f9ec88b2438",
      "type": "EBS",
      "size": 50,
      "cost": 4,
      "region": "us-east-1c",
      "status": "available"
    },
    {
      "id": "vol-9f8a90c0c23776024",
      "type": "EBS",
      "size": 50,
      "cost": 4,
      "region": "us-east-1c",
      "status": "available"
    },
    {
      "id": "vol-43c6eae2dbc069bea",
      "type": "EBS",
      "size": 50,
      "cost": 4,
      "region": "us-east-1c",
      "status": "available"
    },
    {
      "id": "vol-786462d9b2432c72c",
      "type": "EBS",
      "size": 50,
      "cost": 4,
      "region": "us-east-1c",
      "status": "available"
    },
    {
      "id": "vol-a84364817fc41c303",
      "type": "EBS",
      "size": 50,
      "cost": 4,
      "region": "us-east-1c",
      "status": "available"
    },
    {
      "id": "vol-6f00fdd1ba2c4647c",
      "type": "EBS",
      "size": 50,
      "cost": 4,
      "region": "us-east-1c",
      "status": "available"
    },
    {
      "id": "vol-0413bc484c45b3d42",
      "type": "EBS",
      "size": 50,
      "cost": 4,
      "region": "us-east-1c",
      "status": "available"
    },
    {
      "id": "vol-ec15812841c0ef773",
      "type": "EBS",
      "size": 50,
      "cost": 4,
      "region": "us-east-1c",
      "status": "available"
    },
    {
      "id": "vol-84ba869c40bfdfc17",
      "type": "EBS",
      "size": 50,
      "cost": 4,
      "region": "us-east-1c",
      "status": "available"
    },
    {
      "id": "vol-365d036ff9a57f135",
      "type": "EBS",
      "size": 50,
      "cost": 4,
      "region": "us-east-1c",
      "status": "available"
    },
    {
      "id": "vol-eb65c49e1263ad8ed",
      "type": "EBS",
      "size": 50,
      "cost": 4,
      "region": "us-east-1c",
      "status": "available"
    },
    {
      "id": "vol-e3aed59b24c92c97e",
      "type": "EBS",
      "size": 50,
      "cost": 4,
      "region": "us-east-1c",
      "status": "available"
    },
    {
      "id": "vol-24675edb35157bed5",
      "type": "EBS",
      "size": 50,
      "cost": 4,
      "region": "us-east-1c",
      "status": "available"
    },
    {
      "id": "vol-83994150e38e5c5c0",
      "type": "EBS",
      "size": 50,
      "cost": 4,
      "region": "us-east-1c",
      "status": "available"
    },
    {
      "id": "vol-1acfa530bd124c509",
      "type": "EBS",
      "size": 50,
      "cost": 4,
      "region": "us-east-1c",
      "status": "available"
    },
    {
      "id": "vol-7375fa9021d812ec8",
      "type": "EBS",
      "size": 50,
      "cost": 4,
      "region": "us-east-1c",
      "status": "available"
    },
    {
      "id": "vol-b71024826da5ebd47",
      "type": "EBS",
      "size": 50,
      "cost": 4,
      "region": "us-east-1c",
      "status": "available"
    },
    {
      "id": "vol-9029b3a2278488be1",
      "type": "EBS",
      "size": 50,
      "cost": 4,
      "region": "us-east-1c",
      "status": "available"
    },
    {
      "id": "vol-8c16e9acfa3f8acdf",
      "type": "EBS",
      "size": 50,
      "cost": 4,
      "region": "us-east-1c",
      "status": "available"
    },
    {
      "id": "vol-2e2ff3b7ee5920f01",
      "type": "EBS",
      "size": 50,
      "cost": 4,
      "region": "us-east-1c",
      "status": "available"
    },
    {
      "id": "vol-cba143ec0790b9999",
      "type": "EBS",
      "size": 50,
      "cost": 4,
      "region": "us-east-1c",
      "status": "available"
    },
    {
      "id": "vol-d34a30eae2f4aa747",
      "type": "EBS",
      "size": 50,
      "cost": 4,
      "region": "us-east-1c",
      "status": "available"
    },
    {
      "id": "vol-e44e191a0e00d9910",
      "type": "EBS",
      "size": 50,
      "cost": 4,
      "region": "us-east-1c",
      "status": "available"
    },
    {
      "id": "vol-303af71af34a95acc",
      "type": "EBS",
      "size": 50,
      "cost": 4,
      "region": "us-east-1c",
      "status": "available"
    },
    {
      "id": "vol-a06ceeb387f3db546",
      "type": "EBS",
      "size": 50,
      "cost": 4,
      "region": "us-east-1c",
      "status": "available"
    },
    {
      "id": "vol-fc2ef7133c01b990e",
      "type": "EBS",
      "size": 50,
      "cost": 4,
      "region": "us-east-1c",
      "status": "available"
    },
    {
      "id": "vol-189d6c9f4e9114816",
      "type": "EBS",
      "size": 50,
      "cost": 4,
      "region": "us-east-1c",
      "status": "available"
    },
    {
      "id": "vol-4586403d0e636dc29",
      "type": "EBS",
      "size": 500,
      "cost": 40,
      "region": "us-east-1a",
      "status": "available"
    },
    {
      "id": "vol-4f27225175f2d6b6e",
      "type": "EBS",
      "size": 500,
      "cost": 40,
      "region": "us-east-1a",
      "status": "available"
    },
    {
      "id": "vol-3a3b31f2461444dfc",
      "type": "EBS",
      "size": 500,
      "cost": 40,
      "region": "us-east-1a",
      "status": "available"
    },
    {
      "id": "vol-0cba3bdf1fd77bb71",
      "type": "EBS",
      "size": 500,
      "cost": 40,
      "region": "us-east-1a",
      "status": "available"
    },
    {
      "id": "vol-4aad594b8252eea55",
      "type": "EBS",
      "size": 500,
      "cost": 40,
      "region": "us-east-1a",
      "status": "available"
    },
    {
      "id": "vol-dc8f36462a1125c1a",
      "type": "EBS",
      "size": 500,
      "cost": 40,
      "region": "us-east-1a",
      "status": "available"
    },
    {
      "id": "vol-9a2fee892cd8d0864",
      "type": "EBS",
      "size": 500,
      "cost": 40,
      "region": "us-east-1a",
      "status": "available"
    },
    {
      "id": "vol-33f8e8305ce870cbb",
      "type": "EBS",
      "size": 500,
      "cost": 40,
      "region": "us-east-1a",
      "status": "available"
    },
    {
      "id": "vol-a69c36f11fa62609c",
      "type": "EBS",
      "size": 500,
      "cost": 40,
      "region": "us-east-1a",
      "status": "available"
    },
    {
      "id": "vol-9e1d4004b67533726",
      "type": "EBS",
      "size": 500,
      "cost": 40,
      "region": "us-east-1a",
      "status": "available"
    },
    {
      "id": "vol-a5b94d06ecf3e7194",
      "type": "EBS",
      "size": 500,
      "cost": 40,
      "region": "us-east-1a",
      "status": "available"
    },
    {
      "id": "vol-93ea7dd7c1d0bd9c4",
      "type": "EBS",
      "size": 500,
      "cost": 40,
      "region": "us-east-1a",
      "status": "available"
    },
    {
      "id": "vol-6fcf6aea1704f65ed",
      "type": "EBS",
      "size": 500,
      "cost": 40,
      "region": "us-east-1a",
      "status": "available"
    },
    {
      "id": "vol-aa8deee8f83b80e86",
      "type": "EBS",
      "size": 500,
      "cost": 40,
      "region": "us-east-1a",
      "status": "available"
    },
    {
      "id": "vol-19d52a99eca839785",
      "type": "EBS",
      "size": 500,
      "cost": 40,
      "region": "us-east-1a",
      "status": "available"
    },
    {
      "id": "vol-53c5be61b22a31512",
      "type": "EBS",
      "size": 500,
      "cost": 40,
      "region": "us-east-1a",
      "status": "available"
    },
    {
      "id": "vol-1e10549e4c3cbbdab",
      "type": "EBS",
      "size": 500,
      "cost": 40,
      "region": "us-east-1a",
      "status": "available"
    },
    {
      "id": "vol-8f39e7dba70c810bb",
      "type": "EBS",
      "size": 500,
      "cost": 40,
      "region": "us-east-1a",
      "status": "available"
    },
    {
      "id": "vol-dceb972d681fb8334",
      "type": "EBS",
      "size": 500,
      "cost": 40,
      "region": "us-east-1a",
      "status": "available"
    },
    {
      "id": "vol-0d863e1d22e7ccfd7",
      "type": "EBS",
      "size": 500,
      "cost": 40,
      "region": "us-east-1a",
      "status": "available"
    },
    {
      "id": "vol-4bceb26097cdf3202",
      "type": "EBS",
      "size": 500,
      "cost": 40,
      "region": "us-east-1a",
      "status": "available"
    },
    {
      "id": "vol-6b5ceb01f6f63896b",
      "type": "EBS",
      "size": 500,
      "cost": 40,
      "region": "us-east-1a",
      "status": "available"
    },
    {
      "id": "vol-593a778b48746f691",
      "type": "EBS",
      "size": 500,
      "cost": 40,
      "region": "us-east-1a",
      "status": "available"
    },
    {
      "id": "vol-36bccabb34efc85ce",
      "type": "EBS",
      "size": 500,
      "cost": 40,
      "region": "us-east-1a",
      "status": "available"
    },
    {
      "id": "vol-e43e88698a894e32e",
      "type": "EBS",
      "size": 500,
      "cost": 40,
      "region": "us-east-1a",
      "status": "available"
    },
    {
      "id": "vol-7fa621848516a8941",
      "type": "EBS",
      "size": 500,
      "cost": 40,
      "region": "us-east-1a",
      "status": "available"
    },
    {
      "id": "vol-5c5acb7fdf87d2c9b",
      "type": "EBS",
      "size": 500,
      "cost": 40,
      "region": "us-east-1a",
      "status": "available"
    },
    {
      "id": "vol-49a426f17b8fa2c25",
      "type": "EBS",
      "size": 500,
      "cost": 40,
      "region": "us-east-1a",
      "status": "available"
    },
    {
      "id": "vol-ed3da46996e012413",
      "type": "EBS",
      "size": 500,
      "cost": 40,
      "region": "us-east-1a",
      "status": "available"
    },
    {
      "id": "vol-207e3eaa48c317977",
      "type": "EBS",
      "size": 500,
      "cost": 40,
      "region": "us-east-1a",
      "status": "available"
    },
    {
      "id": "vol-75bc9449784dbc84f",
      "type": "EBS",
      "size": 15,
      "cost": 1.2,
      "region": "us-east-1a",
      "status": "available"
    },
    {
      "id": "vol-614560b14ce5b1749",
      "type": "EBS",
      "size": 20,
      "cost": 1.6,
      "region": "us-east-1a",
      "status": "available"
    },
    {
      "id": "vol-4c2a40eb731616d7e",
      "type": "EBS",
      "size": 25,
      "cost": 2,
      "region": "us-east-1a",
      "status": "available"
    },
    {
      "id": "vol-b0c391bec4755fb96",
      "type": "EBS",
      "size": 5,
      "cost": 0.4,
      "region": "us-east-1b",
      "status": "available"
    },
    {
      "id": "vol-c85ad4f9186c0d1b9",
      "type": "EBS",
      "size": 5,
      "cost": 0.4,
      "region": "us-east-1b",
      "status": "available"
    },
    {
      "id": "127.58.60.3",
      "type": "IP",
      "size": 0,
      "cost": 3.6,
      "region": "vpc",
      "status": "unattached"
    },
    {
      "id": "127.164.174.171",
      "type": "IP",
      "size": 0,
      "cost": 3.6,
      "region": "vpc",
      "status": "unattached"
    },
    {
      "id": "127.154.190.114",
      "type": "IP",
      "size": 0,
      "cost": 3.6,
      "region": "vpc",
      "status": "unattached"
    },
    {
      "id": "127.117.150.104",
      "type": "IP",
      "size": 0,
      "cost": 3.6,
      "region": "vpc",
      "status": "unattached"
    },
    {
      "id": "127.254.4.255",
      "type": "IP",
      "size": 0,
      "cost": 3.6,
      "region": "vpc",
      "status": "unattached"
    },
    {
      "id": "127.15.109.20",
      "type": "IP",
      "size": 0,
      "cost": 3.6,
      "region": "vpc",
      "status": "unattached"
    },
    {
      "id": "127.80.155.250",
      "type": "IP",
      "size": 0,
      "cost": 3.6,
      "region": "vpc",
      "status": "unattached"
    },
    {
      "id": "127.65.152.200",
      "type": "IP",
      "size": 0,
      "cost": 3.6,
      "region": "vpc",
      "status": "unattached"
    },
    {
      "id": "127.98.180.93",
      "type": "IP",
      "size": 0,
      "cost": 3.6,
      "region": "vpc",
      "status": "unattached"
    },
    {
      "id": "127.79.220.239",
      "type": "IP",
      "size": 0,
      "cost": 3.6,
      "region": "vpc",
      "status": "unattached"
    },
    {
      "id": "127.142.226.124",
      "type": "IP",
      "size": 0,
      "cost": 3.6,
      "region": "vpc",
      "status": "unattached"
    },
    {
      "id": "127.41.24.239",
      "type": "IP",
      "size": 0,
      "cost": 3.6,
      "region": "vpc",
      "status": "unattached"
    },
    {
      "id": "127.114.234.145",
      "type": "IP",
      "size": 0,
      "cost": 3.6,
      "region": "vpc",
      "status": "unattached"
    },
    {
      "id": "127.224.217.237",
      "type": "IP",
      "size": 0,
      "cost": 3.6,
      "region": "vpc",
      "status": "unattached"
    },
    {
      "id": "127.199.17.101",
      "type": "IP",
      "size": 0,
      "cost": 3.6,
      "region": "vpc",
      "status": "unattached"
    },
    {
      "id": "127.96.222.167",
      "type": "IP",
      "size": 0,
      "cost": 3.6,
      "region": "vpc",
      "status": "unattached"
    },
    {
      "id": "127.230.233.227",
      "type": "IP",
      "size": 0,
      "cost": 3.6,
      "region": "vpc",
      "status": "unattached"
    },
    {
      "id": "127.173.23.4",
      "type": "IP",
      "size": 0,
      "cost": 3.6,
      "region": "vpc",
      "status": "unattached"
    },
    {
      "id": "127.227.90.227",
      "type": "IP",
      "size": 0,
      "cost": 3.6,
      "region": "vpc",
      "status": "unattached"
    },
    {
      "id": "127.42.35.112",
      "type": "IP",
      "size": 0,
      "cost": 3.6,
      "region": "vpc",
      "status": "unattached"
    },
    {
      "id": "127.0.207.195",
      "type": "IP",
      "size": 0,
      "cost": 3.6,
      "region": "vpc",
      "status": "unattached"
    },
    {
      "id": "127.50.146.208",
      "type": "IP",
      "size": 0,
      "cost": 3.6,
      "region": "vpc",
      "status": "unattached"
    },
    {
      "id": "127.56.133.86",
      "type": "IP",
      "size": 0,
      "cost": 3.6,
      "region": "vpc",
      "status": "unattached"
    },
    {
      "id": "127.128.5.228",
      "type": "IP",
      "size": 0,
      "cost": 3.6,
      "region": "vpc",
      "status": "unattached"
    },
    {
      "id": "127.156.145.170",
      "type": "IP",
      "size": 0,
      "cost": 3.6,
      "region": "vpc",
      "status": "unattached"
    },
    {
      "id": "127.124.170.189",
      "type": "IP",
      "size": 0,
      "cost": 3.6,
      "region": "vpc",
      "status": "unattached"
    },
    {
      "id": "127.220.202.184",
      "type": "IP",
      "size": 0,
      "cost": 3.6,
      "region": "vpc",
      "status": "unattached"
    },
    {
      "id": "127.251.131.207",
      "type": "IP",
      "size": 0,
      "cost": 3.6,
      "region": "vpc",
      "status": "unattached"
    },
    {
      "id": "127.75.88.149",
      "type": "IP",
      "size": 0,
      "cost": 3.6,
      "region": "vpc",
      "status": "unattached"
    },
    {
      "id": "127.156.93.154",
      "type": "IP",
      "size": 0,
      "cost": 3.6,
      "region": "vpc",
      "status": "unattached"
    },
    {
      "id": "127.143.116.213",
      "type": "IP",
      "size": 0,
      "cost": 3.6,
      "region": "vpc",
      "status": "unattached"
    },
    {
      "id": "127.184.217.178",
      "type": "IP",
      "size": 0,
      "cost": 3.6,
      "region": "vpc",
      "status": "unattached"
    },
    {
      "id": "127.29.86.168",
      "type": "IP",
      "size": 0,
      "cost": 3.6,
      "region": "vpc",
      "status": "unattached"
    },
    {
      "id": "127.221.104.187",
      "type": "IP",
      "size": 0,
      "cost": 3.6,
      "region": "vpc",
      "status": "unattached"
    },
    {
      "id": "127.59.222.154",
      "type": "IP",
      "size": 0,
      "cost": 3.6,
      "region": "vpc",
      "status": "unattached"
    },
    {
      "id": "127.142.115.216",
      "type": "IP",
      "size": 0,
      "cost": 3.6,
      "region": "vpc",
      "status": "unattached"
    },
    {
      "id": "127.191.31.182",
      "type": "IP",
      "size": 0,
      "cost": 3.6,
      "region": "vpc",
      "status": "unattached"
    },
    {
      "id": "127.29.18.117",
      "type": "IP",
      "size": 0,
      "cost": 3.6,
      "region": "vpc",
      "status": "unattached"
    },
    {
      "id": "127.45.55.77",
      "type": "IP",
      "size": 0,
      "cost": 3.6,
      "region": "vpc",
      "status": "unattached"
    },
    {
      "id": "127.204.11.167",
      "type": "IP",
      "size": 0,
      "cost": 3.6,
      "region": "vpc",
      "status": "unattached"
    },
    {
      "id": "127.151.152.116",
      "type": "IP",
      "size": 0,
      "cost": 3.6,
      "region": "vpc",
      "status": "unattached"
    },
    {
      "id": "127.189.204.112",
      "type": "IP",
      "size": 0,
      "cost": 3.6,
      "region": "vpc",
      "status": "unattached"
    },
    {
      "id": "127.4.41.231",
      "type": "IP",
      "size": 0,
      "cost": 3.6,
      "region": "vpc",
      "status": "unattached"
    },
    {
      "id": "127.184.70.41",
      "type": "IP",
      "size": 0,
      "cost": 3.6,
      "region": "vpc",
      "status": "unattached"
    },
    {
      "id": "127.95.130.217",
      "type": "IP",
      "size": 0,
      "cost": 3.6,
      "region": "vpc",
      "status": "unattached"
    },
    {
      "id": "127.221.171.49",
      "type": "IP",
      "size": 0,
      "cost": 3.6,
      "region": "vpc",
      "status": "unattached"
    },
    {
      "id": "127.239.133.3",
      "type": "IP",
      "size": 0,
      "cost": 3.6,
      "region": "vpc",
      "status": "unattached"
    },
    {
      "id": "127.168.30.222",
      "type": "IP",
      "size": 0,
      "cost": 3.6,
      "region": "vpc",
      "status": "unattached"
    },
    {
      "id": "127.4.158.120",
      "type": "IP",
      "size": 0,
      "cost": 3.6,
      "region": "vpc",
      "status": "unattached"
    },
    {
      "id": "127.179.51.63",
      "type": "IP",
      "size": 0,
      "cost": 3.6,
      "region": "vpc",
      "status": "unattached"
    },
    {
      "id": "127.142.249.241",
      "type": "IP",
      "size": 0,
      "cost": 3.6,
      "region": "vpc",
      "status": "unattached"
    }
  ],
  "alerts": [
    {
      "id": "5e0ed289-7674-4c93-802b-f7d78514f506",
      "type": "SECURITY",
      "severity": "HIGH",
      "title": "Unencrypted EBS Volume",
      "description": "EBS Volume \"vol-331866699515ff793\" is not encrypted. AWS recommends enabling encryption at rest to protect sensitive data from unauthorized access.",
      "resourceId": "vol-331866699515ff793",
      "resourceName": "vol-331866699515ff793",
      "ruleId": "ebs-unencrypted",
      "timestamp": "2026-04-16T19:19:17.526Z",
      "metadata": {
        "volumeId": "vol-331866699515ff793",
        "size": 8,
        "encrypted": false,
        "zone": "us-east-1a"
      }
    },
    {
      "id": "be07acda-9afb-4d85-a2d5-10efc59ec228",
      "type": "SECURITY",
      "severity": "HIGH",
      "title": "Unencrypted EBS Volume",
      "description": "EBS Volume \"vol-a27e4931f88e02d8e\" is not encrypted. AWS recommends enabling encryption at rest to protect sensitive data from unauthorized access.",
      "resourceId": "vol-a27e4931f88e02d8e",
      "resourceName": "vol-a27e4931f88e02d8e",
      "ruleId": "ebs-unencrypted",
      "timestamp": "2026-04-16T19:19:17.526Z",
      "metadata": {
        "volumeId": "vol-a27e4931f88e02d8e",
        "size": 8,
        "encrypted": false,
        "zone": "us-east-1a"
      }
    },
    {
      "id": "e85d2c89-f758-4b56-b927-df783be1befa",
      "type": "SECURITY",
      "severity": "HIGH",
      "title": "Unencrypted EBS Volume",
      "description": "EBS Volume \"vol-0a6b1271000b2501b\" is not encrypted. AWS recommends enabling encryption at rest to protect sensitive data from unauthorized access.",
      "resourceId": "vol-0a6b1271000b2501b",
      "resourceName": "vol-0a6b1271000b2501b",
      "ruleId": "ebs-unencrypted",
      "timestamp": "2026-04-16T19:19:17.526Z",
      "metadata": {
        "volumeId": "vol-0a6b1271000b2501b",
        "size": 8,
        "encrypted": false,
        "zone": "us-east-1a"
      }
    },
    {
      "id": "97f2841c-1a63-431e-9d6b-fcc7dbb42a83",
      "type": "SECURITY",
      "severity": "HIGH",
      "title": "Unencrypted EBS Volume",
      "description": "EBS Volume \"vol-7209cb19e272dc5bb\" is not encrypted. AWS recommends enabling encryption at rest to protect sensitive data from unauthorized access.",
      "resourceId": "vol-7209cb19e272dc5bb",
      "resourceName": "vol-7209cb19e272dc5bb",
      "ruleId": "ebs-unencrypted",
      "timestamp": "2026-04-16T19:19:17.526Z",
      "metadata": {
        "volumeId": "vol-7209cb19e272dc5bb",
        "size": 8,
        "encrypted": false,
        "zone": "us-east-1a"
      }
    },
    {
      "id": "9f0dd1af-f3ab-4dfe-bdca-87281ee0c27c",
      "type": "SECURITY",
      "severity": "HIGH",
      "title": "Unencrypted EBS Volume",
      "description": "EBS Volume \"vol-1f9999510b1f5c5b0\" is not encrypted. AWS recommends enabling encryption at rest to protect sensitive data from unauthorized access.",
      "resourceId": "vol-1f9999510b1f5c5b0",
      "resourceName": "vol-1f9999510b1f5c5b0",
      "ruleId": "ebs-unencrypted",
      "timestamp": "2026-04-16T19:19:17.526Z",
      "metadata": {
        "volumeId": "vol-1f9999510b1f5c5b0",
        "size": 8,
        "encrypted": false,
        "zone": "us-east-1a"
      }
    },
    {
      "id": "02920a58-2a0d-481d-960f-a5985cbdaa88",
      "type": "SECURITY",
      "severity": "HIGH",
      "title": "Unencrypted EBS Volume",
      "description": "EBS Volume \"vol-b01bd95d3fd24f556\" is not encrypted. AWS recommends enabling encryption at rest to protect sensitive data from unauthorized access.",
      "resourceId": "vol-b01bd95d3fd24f556",
      "resourceName": "vol-b01bd95d3fd24f556",
      "ruleId": "ebs-unencrypted",
      "timestamp": "2026-04-16T19:19:17.526Z",
      "metadata": {
        "volumeId": "vol-b01bd95d3fd24f556",
        "size": 8,
        "encrypted": false,
        "zone": "us-east-1a"
      }
    },
    {
      "id": "7f63aa68-2156-42ea-a055-fd509d356cac",
      "type": "SECURITY",
      "severity": "HIGH",
      "title": "Unencrypted EBS Volume",
      "description": "EBS Volume \"vol-100b0a4e34513aa0f\" is not encrypted. AWS recommends enabling encryption at rest to protect sensitive data from unauthorized access.",
      "resourceId": "vol-100b0a4e34513aa0f",
      "resourceName": "vol-100b0a4e34513aa0f",
      "ruleId": "ebs-unencrypted",
      "timestamp": "2026-04-16T19:19:17.526Z",
      "metadata": {
        "volumeId": "vol-100b0a4e34513aa0f",
        "size": 8,
        "encrypted": false,
        "zone": "us-east-1a"
      }
    },
    {
      "id": "5d9df187-bc44-4b27-8fc9-4e1d82360c8a",
      "type": "SECURITY",
      "severity": "HIGH",
      "title": "Unencrypted EBS Volume",
      "description": "EBS Volume \"vol-a2b147084a61bb50b\" is not encrypted. AWS recommends enabling encryption at rest to protect sensitive data from unauthorized access.",
      "resourceId": "vol-a2b147084a61bb50b",
      "resourceName": "vol-a2b147084a61bb50b",
      "ruleId": "ebs-unencrypted",
      "timestamp": "2026-04-16T19:19:17.526Z",
      "metadata": {
        "volumeId": "vol-a2b147084a61bb50b",
        "size": 8,
        "encrypted": false,
        "zone": "us-east-1a"
      }
    },
    {
      "id": "95a3c36f-a245-47b8-a4c4-4c575f2fada3",
      "type": "SECURITY",
      "severity": "HIGH",
      "title": "Unencrypted EBS Volume",
      "description": "EBS Volume \"vol-93ecc6fb1b95b761a\" is not encrypted. AWS recommends enabling encryption at rest to protect sensitive data from unauthorized access.",
      "resourceId": "vol-93ecc6fb1b95b761a",
      "resourceName": "vol-93ecc6fb1b95b761a",
      "ruleId": "ebs-unencrypted",
      "timestamp": "2026-04-16T19:19:17.526Z",
      "metadata": {
        "volumeId": "vol-93ecc6fb1b95b761a",
        "size": 8,
        "encrypted": false,
        "zone": "us-east-1a"
      }
    },
    {
      "id": "180c5eaa-3181-4b4f-a09b-b6755cd80174",
      "type": "SECURITY",
      "severity": "HIGH",
      "title": "Unencrypted EBS Volume",
      "description": "EBS Volume \"vol-a26add63d8efbeb93\" is not encrypted. AWS recommends enabling encryption at rest to protect sensitive data from unauthorized access.",
      "resourceId": "vol-a26add63d8efbeb93",
      "resourceName": "vol-a26add63d8efbeb93",
      "ruleId": "ebs-unencrypted",
      "timestamp": "2026-04-16T19:19:17.526Z",
      "metadata": {
        "volumeId": "vol-a26add63d8efbeb93",
        "size": 8,
        "encrypted": false,
        "zone": "us-east-1a"
      }
    },
    {
      "id": "ca128b44-7fe5-4b24-9238-e62402201657",
      "type": "SECURITY",
      "severity": "HIGH",
      "title": "Unencrypted EBS Volume",
      "description": "EBS Volume \"vol-ecdfd32e0238d916d\" is not encrypted. AWS recommends enabling encryption at rest to protect sensitive data from unauthorized access.",
      "resourceId": "vol-ecdfd32e0238d916d",
      "resourceName": "vol-ecdfd32e0238d916d",
      "ruleId": "ebs-unencrypted",
      "timestamp": "2026-04-16T19:19:17.526Z",
      "metadata": {
        "volumeId": "vol-ecdfd32e0238d916d",
        "size": 8,
        "encrypted": false,
        "zone": "us-east-1a"
      }
    },
    {
      "id": "993f8a27-f4ea-4117-8aad-d3517cd374c9",
      "type": "SECURITY",
      "severity": "HIGH",
      "title": "Unencrypted EBS Volume",
      "description": "EBS Volume \"vol-75b50bdf14cc687e7\" is not encrypted. AWS recommends enabling encryption at rest to protect sensitive data from unauthorized access.",
      "resourceId": "vol-75b50bdf14cc687e7",
      "resourceName": "vol-75b50bdf14cc687e7",
      "ruleId": "ebs-unencrypted",
      "timestamp": "2026-04-16T19:19:17.526Z",
      "metadata": {
        "volumeId": "vol-75b50bdf14cc687e7",
        "size": 8,
        "encrypted": false,
        "zone": "us-east-1a"
      }
    },
    {
      "id": "6a23eedf-7a57-4f9a-af5b-9bfc1798c5a7",
      "type": "SECURITY",
      "severity": "HIGH",
      "title": "Unencrypted EBS Volume",
      "description": "EBS Volume \"vol-8def1c9e4a88f081f\" is not encrypted. AWS recommends enabling encryption at rest to protect sensitive data from unauthorized access.",
      "resourceId": "vol-8def1c9e4a88f081f",
      "resourceName": "vol-8def1c9e4a88f081f",
      "ruleId": "ebs-unencrypted",
      "timestamp": "2026-04-16T19:19:17.526Z",
      "metadata": {
        "volumeId": "vol-8def1c9e4a88f081f",
        "size": 8,
        "encrypted": false,
        "zone": "us-east-1a"
      }
    },
    {
      "id": "3849922f-5afb-4de9-83be-a22ba0c7efc9",
      "type": "SECURITY",
      "severity": "HIGH",
      "title": "Unencrypted EBS Volume",
      "description": "EBS Volume \"vol-f6e0be751d2cd354b\" is not encrypted. AWS recommends enabling encryption at rest to protect sensitive data from unauthorized access.",
      "resourceId": "vol-f6e0be751d2cd354b",
      "resourceName": "vol-f6e0be751d2cd354b",
      "ruleId": "ebs-unencrypted",
      "timestamp": "2026-04-16T19:19:17.526Z",
      "metadata": {
        "volumeId": "vol-f6e0be751d2cd354b",
        "size": 8,
        "encrypted": false,
        "zone": "us-east-1a"
      }
    },
    {
      "id": "ae44687c-d64c-4d44-a238-6d61846de0cd",
      "type": "SECURITY",
      "severity": "HIGH",
      "title": "Unencrypted EBS Volume",
      "description": "EBS Volume \"vol-fa70da1b45a015c9d\" is not encrypted. AWS recommends enabling encryption at rest to protect sensitive data from unauthorized access.",
      "resourceId": "vol-fa70da1b45a015c9d",
      "resourceName": "vol-fa70da1b45a015c9d",
      "ruleId": "ebs-unencrypted",
      "timestamp": "2026-04-16T19:19:17.526Z",
      "metadata": {
        "volumeId": "vol-fa70da1b45a015c9d",
        "size": 8,
        "encrypted": false,
        "zone": "us-east-1a"
      }
    },
    {
      "id": "fc88bdda-7635-4a07-a923-2b1aff6f2048",
      "type": "SECURITY",
      "severity": "HIGH",
      "title": "Unencrypted EBS Volume",
      "description": "EBS Volume \"vol-621e3081180c17ce2\" is not encrypted. AWS recommends enabling encryption at rest to protect sensitive data from unauthorized access.",
      "resourceId": "vol-621e3081180c17ce2",
      "resourceName": "vol-621e3081180c17ce2",
      "ruleId": "ebs-unencrypted",
      "timestamp": "2026-04-16T19:19:17.526Z",
      "metadata": {
        "volumeId": "vol-621e3081180c17ce2",
        "size": 8,
        "encrypted": false,
        "zone": "us-east-1a"
      }
    },
    {
      "id": "406e0362-508e-49b8-9381-97e7c78d13d3",
      "type": "SECURITY",
      "severity": "HIGH",
      "title": "Unencrypted EBS Volume",
      "description": "EBS Volume \"vol-590b209494a7a2497\" is not encrypted. AWS recommends enabling encryption at rest to protect sensitive data from unauthorized access.",
      "resourceId": "vol-590b209494a7a2497",
      "resourceName": "vol-590b209494a7a2497",
      "ruleId": "ebs-unencrypted",
      "timestamp": "2026-04-16T19:19:17.526Z",
      "metadata": {
        "volumeId": "vol-590b209494a7a2497",
        "size": 8,
        "encrypted": false,
        "zone": "us-east-1a"
      }
    },
    {
      "id": "2839975b-53ec-489d-a1da-db9d546c959c",
      "type": "SECURITY",
      "severity": "HIGH",
      "title": "Unencrypted EBS Volume",
      "description": "EBS Volume \"vol-214e7dc3172d93c70\" is not encrypted. AWS recommends enabling encryption at rest to protect sensitive data from unauthorized access.",
      "resourceId": "vol-214e7dc3172d93c70",
      "resourceName": "vol-214e7dc3172d93c70",
      "ruleId": "ebs-unencrypted",
      "timestamp": "2026-04-16T19:19:17.526Z",
      "metadata": {
        "volumeId": "vol-214e7dc3172d93c70",
        "size": 8,
        "encrypted": false,
        "zone": "us-east-1a"
      }
    },
    {
      "id": "d05dc229-5c3b-4ca9-906d-1139a50a2441",
      "type": "SECURITY",
      "severity": "HIGH",
      "title": "Unencrypted EBS Volume",
      "description": "EBS Volume \"vol-0077ed4f4736ff2ab\" is not encrypted. AWS recommends enabling encryption at rest to protect sensitive data from unauthorized access.",
      "resourceId": "vol-0077ed4f4736ff2ab",
      "resourceName": "vol-0077ed4f4736ff2ab",
      "ruleId": "ebs-unencrypted",
      "timestamp": "2026-04-16T19:19:17.526Z",
      "metadata": {
        "volumeId": "vol-0077ed4f4736ff2ab",
        "size": 8,
        "encrypted": false,
        "zone": "us-east-1a"
      }
    },
    {
      "id": "143e8ac9-d0e8-4e1e-a2f8-bc94279a85b5",
      "type": "SECURITY",
      "severity": "HIGH",
      "title": "Unencrypted EBS Volume",
      "description": "EBS Volume \"vol-666b58dafa6568049\" is not encrypted. AWS recommends enabling encryption at rest to protect sensitive data from unauthorized access.",
      "resourceId": "vol-666b58dafa6568049",
      "resourceName": "vol-666b58dafa6568049",
      "ruleId": "ebs-unencrypted",
      "timestamp": "2026-04-16T19:19:17.526Z",
      "metadata": {
        "volumeId": "vol-666b58dafa6568049",
        "size": 8,
        "encrypted": false,
        "zone": "us-east-1a"
      }
    },
    {
      "id": "e1d6f8e8-4dce-438e-9a24-db5d873aadf5",
      "type": "SECURITY",
      "severity": "HIGH",
      "title": "Unencrypted EBS Volume",
      "description": "EBS Volume \"vol-b2b1e366fbad32aad\" is not encrypted. AWS recommends enabling encryption at rest to protect sensitive data from unauthorized access.",
      "resourceId": "vol-b2b1e366fbad32aad",
      "resourceName": "vol-b2b1e366fbad32aad",
      "ruleId": "ebs-unencrypted",
      "timestamp": "2026-04-16T19:19:17.526Z",
      "metadata": {
        "volumeId": "vol-b2b1e366fbad32aad",
        "size": 8,
        "encrypted": false,
        "zone": "us-east-1a"
      }
    },
    {
      "id": "2009306f-0593-4052-b4ce-cb707c4ea476",
      "type": "SECURITY",
      "severity": "HIGH",
      "title": "Unencrypted EBS Volume",
      "description": "EBS Volume \"vol-2f35ce6d43c851b97\" is not encrypted. AWS recommends enabling encryption at rest to protect sensitive data from unauthorized access.",
      "resourceId": "vol-2f35ce6d43c851b97",
      "resourceName": "vol-2f35ce6d43c851b97",
      "ruleId": "ebs-unencrypted",
      "timestamp": "2026-04-16T19:19:17.526Z",
      "metadata": {
        "volumeId": "vol-2f35ce6d43c851b97",
        "size": 8,
        "encrypted": false,
        "zone": "us-east-1a"
      }
    },
    {
      "id": "7e990d3a-90d0-46ad-b9f1-84682b74c2e1",
      "type": "SECURITY",
      "severity": "HIGH",
      "title": "Unencrypted EBS Volume",
      "description": "EBS Volume \"vol-8dfb424f58ee68fb9\" is not encrypted. AWS recommends enabling encryption at rest to protect sensitive data from unauthorized access.",
      "resourceId": "vol-8dfb424f58ee68fb9",
      "resourceName": "vol-8dfb424f58ee68fb9",
      "ruleId": "ebs-unencrypted",
      "timestamp": "2026-04-16T19:19:17.526Z",
      "metadata": {
        "volumeId": "vol-8dfb424f58ee68fb9",
        "size": 8,
        "encrypted": false,
        "zone": "us-east-1a"
      }
    },
    {
      "id": "1849d686-3ccb-4ae4-8c0c-23a0818fbc14",
      "type": "SECURITY",
      "severity": "HIGH",
      "title": "Unencrypted EBS Volume",
      "description": "EBS Volume \"vol-dc59c2d97c3eb2cb7\" is not encrypted. AWS recommends enabling encryption at rest to protect sensitive data from unauthorized access.",
      "resourceId": "vol-dc59c2d97c3eb2cb7",
      "resourceName": "vol-dc59c2d97c3eb2cb7",
      "ruleId": "ebs-unencrypted",
      "timestamp": "2026-04-16T19:19:17.526Z",
      "metadata": {
        "volumeId": "vol-dc59c2d97c3eb2cb7",
        "size": 8,
        "encrypted": false,
        "zone": "us-east-1a"
      }
    },
    {
      "id": "3b366302-7132-4162-82c3-aefd069b7682",
      "type": "SECURITY",
      "severity": "HIGH",
      "title": "Unencrypted EBS Volume",
      "description": "EBS Volume \"vol-698394d4d17585e56\" is not encrypted. AWS recommends enabling encryption at rest to protect sensitive data from unauthorized access.",
      "resourceId": "vol-698394d4d17585e56",
      "resourceName": "vol-698394d4d17585e56",
      "ruleId": "ebs-unencrypted",
      "timestamp": "2026-04-16T19:19:17.526Z",
      "metadata": {
        "volumeId": "vol-698394d4d17585e56",
        "size": 8,
        "encrypted": false,
        "zone": "us-east-1a"
      }
    },
    {
      "id": "fb5cfc55-6878-4338-b253-d7e60beab079",
      "type": "SECURITY",
      "severity": "HIGH",
      "title": "Unencrypted EBS Volume",
      "description": "EBS Volume \"vol-69fc710058a0b2afb\" is not encrypted. AWS recommends enabling encryption at rest to protect sensitive data from unauthorized access.",
      "resourceId": "vol-69fc710058a0b2afb",
      "resourceName": "vol-69fc710058a0b2afb",
      "ruleId": "ebs-unencrypted",
      "timestamp": "2026-04-16T19:19:17.526Z",
      "metadata": {
        "volumeId": "vol-69fc710058a0b2afb",
        "size": 8,
        "encrypted": false,
        "zone": "us-east-1a"
      }
    },
    {
      "id": "b513e734-e92d-4997-94d2-a0e248ca8df2",
      "type": "SECURITY",
      "severity": "HIGH",
      "title": "Unencrypted EBS Volume",
      "description": "EBS Volume \"vol-d69e1ea5d03c9c725\" is not encrypted. AWS recommends enabling encryption at rest to protect sensitive data from unauthorized access.",
      "resourceId": "vol-d69e1ea5d03c9c725",
      "resourceName": "vol-d69e1ea5d03c9c725",
      "ruleId": "ebs-unencrypted",
      "timestamp": "2026-04-16T19:19:17.526Z",
      "metadata": {
        "volumeId": "vol-d69e1ea5d03c9c725",
        "size": 8,
        "encrypted": false,
        "zone": "us-east-1a"
      }
    },
    {
      "id": "448f676d-f6e0-47e3-8077-b5225a371266",
      "type": "SECURITY",
      "severity": "HIGH",
      "title": "Unencrypted EBS Volume",
      "description": "EBS Volume \"vol-2c442324904399d12\" is not encrypted. AWS recommends enabling encryption at rest to protect sensitive data from unauthorized access.",
      "resourceId": "vol-2c442324904399d12",
      "resourceName": "vol-2c442324904399d12",
      "ruleId": "ebs-unencrypted",
      "timestamp": "2026-04-16T19:19:17.526Z",
      "metadata": {
        "volumeId": "vol-2c442324904399d12",
        "size": 8,
        "encrypted": false,
        "zone": "us-east-1a"
      }
    },
    {
      "id": "03ee52e4-5361-44e4-be69-e32ad69f94bf",
      "type": "SECURITY",
      "severity": "HIGH",
      "title": "Unencrypted EBS Volume",
      "description": "EBS Volume \"vol-3f5fda97369bf921d\" is not encrypted. AWS recommends enabling encryption at rest to protect sensitive data from unauthorized access.",
      "resourceId": "vol-3f5fda97369bf921d",
      "resourceName": "vol-3f5fda97369bf921d",
      "ruleId": "ebs-unencrypted",
      "timestamp": "2026-04-16T19:19:17.526Z",
      "metadata": {
        "volumeId": "vol-3f5fda97369bf921d",
        "size": 8,
        "encrypted": false,
        "zone": "us-east-1a"
      }
    },
    {
      "id": "c0b97da7-7984-402f-b670-1d96bb9063ea",
      "type": "SECURITY",
      "severity": "HIGH",
      "title": "Unencrypted EBS Volume",
      "description": "EBS Volume \"vol-f598b6ef816da3050\" is not encrypted. AWS recommends enabling encryption at rest to protect sensitive data from unauthorized access.",
      "resourceId": "vol-f598b6ef816da3050",
      "resourceName": "vol-f598b6ef816da3050",
      "ruleId": "ebs-unencrypted",
      "timestamp": "2026-04-16T19:19:17.526Z",
      "metadata": {
        "volumeId": "vol-f598b6ef816da3050",
        "size": 8,
        "encrypted": false,
        "zone": "us-east-1a"
      }
    },
    {
      "id": "4f349586-ee11-4051-9ce5-9a9463a8a882",
      "type": "SECURITY",
      "severity": "HIGH",
      "title": "Unencrypted EBS Volume",
      "description": "EBS Volume \"vol-950da651803d5dc6e\" is not encrypted. AWS recommends enabling encryption at rest to protect sensitive data from unauthorized access.",
      "resourceId": "vol-950da651803d5dc6e",
      "resourceName": "vol-950da651803d5dc6e",
      "ruleId": "ebs-unencrypted",
      "timestamp": "2026-04-16T19:19:17.526Z",
      "metadata": {
        "volumeId": "vol-950da651803d5dc6e",
        "size": 4000,
        "encrypted": false,
        "zone": "us-east-1a"
      }
    },
    {
      "id": "79dab85a-3617-4d91-96eb-c5005d794813",
      "type": "SECURITY",
      "severity": "HIGH",
      "title": "Unencrypted EBS Volume",
      "description": "EBS Volume \"vol-1017b9accb784af18\" is not encrypted. AWS recommends enabling encryption at rest to protect sensitive data from unauthorized access.",
      "resourceId": "vol-1017b9accb784af18",
      "resourceName": "vol-1017b9accb784af18",
      "ruleId": "ebs-unencrypted",
      "timestamp": "2026-04-16T19:19:17.526Z",
      "metadata": {
        "volumeId": "vol-1017b9accb784af18",
        "size": 4000,
        "encrypted": false,
        "zone": "us-east-1a"
      }
    },
    {
      "id": "a5a1e877-174e-46d7-b285-1244760c0c2c",
      "type": "SECURITY",
      "severity": "HIGH",
      "title": "Unencrypted EBS Volume",
      "description": "EBS Volume \"vol-8d69e1686215c8079\" is not encrypted. AWS recommends enabling encryption at rest to protect sensitive data from unauthorized access.",
      "resourceId": "vol-8d69e1686215c8079",
      "resourceName": "vol-8d69e1686215c8079",
      "ruleId": "ebs-unencrypted",
      "timestamp": "2026-04-16T19:19:17.526Z",
      "metadata": {
        "volumeId": "vol-8d69e1686215c8079",
        "size": 4000,
        "encrypted": false,
        "zone": "us-east-1a"
      }
    },
    {
      "id": "48ad492c-d78d-4ed6-ac2a-0fe863bb3e23",
      "type": "SECURITY",
      "severity": "HIGH",
      "title": "Unencrypted EBS Volume",
      "description": "EBS Volume \"vol-74333717a11bca8cc\" is not encrypted. AWS recommends enabling encryption at rest to protect sensitive data from unauthorized access.",
      "resourceId": "vol-74333717a11bca8cc",
      "resourceName": "vol-74333717a11bca8cc",
      "ruleId": "ebs-unencrypted",
      "timestamp": "2026-04-16T19:19:17.526Z",
      "metadata": {
        "volumeId": "vol-74333717a11bca8cc",
        "size": 4000,
        "encrypted": false,
        "zone": "us-east-1a"
      }
    },
    {
      "id": "e3b39117-c2ba-449d-a5f0-422c3a0ddbbd",
      "type": "SECURITY",
      "severity": "HIGH",
      "title": "Unencrypted EBS Volume",
      "description": "EBS Volume \"vol-c13da5e759e33c8c0\" is not encrypted. AWS recommends enabling encryption at rest to protect sensitive data from unauthorized access.",
      "resourceId": "vol-c13da5e759e33c8c0",
      "resourceName": "vol-c13da5e759e33c8c0",
      "ruleId": "ebs-unencrypted",
      "timestamp": "2026-04-16T19:19:17.526Z",
      "metadata": {
        "volumeId": "vol-c13da5e759e33c8c0",
        "size": 4000,
        "encrypted": false,
        "zone": "us-east-1a"
      }
    },
    {
      "id": "49c4b013-fa64-4e88-bcda-84b86bcf6901",
      "type": "SECURITY",
      "severity": "HIGH",
      "title": "Unencrypted EBS Volume",
      "description": "EBS Volume \"vol-23a8648c0e54fecff\" is not encrypted. AWS recommends enabling encryption at rest to protect sensitive data from unauthorized access.",
      "resourceId": "vol-23a8648c0e54fecff",
      "resourceName": "vol-23a8648c0e54fecff",
      "ruleId": "ebs-unencrypted",
      "timestamp": "2026-04-16T19:19:17.526Z",
      "metadata": {
        "volumeId": "vol-23a8648c0e54fecff",
        "size": 4000,
        "encrypted": false,
        "zone": "us-east-1a"
      }
    },
    {
      "id": "2df742dd-74cf-40cf-bdaf-b7a2a50c185c",
      "type": "SECURITY",
      "severity": "HIGH",
      "title": "Unencrypted EBS Volume",
      "description": "EBS Volume \"vol-1e7811e65660a8f0c\" is not encrypted. AWS recommends enabling encryption at rest to protect sensitive data from unauthorized access.",
      "resourceId": "vol-1e7811e65660a8f0c",
      "resourceName": "vol-1e7811e65660a8f0c",
      "ruleId": "ebs-unencrypted",
      "timestamp": "2026-04-16T19:19:17.526Z",
      "metadata": {
        "volumeId": "vol-1e7811e65660a8f0c",
        "size": 4000,
        "encrypted": false,
        "zone": "us-east-1a"
      }
    },
    {
      "id": "f875631c-3a59-4b90-b0fb-2f4d0c0d8cd3",
      "type": "SECURITY",
      "severity": "HIGH",
      "title": "Unencrypted EBS Volume",
      "description": "EBS Volume \"vol-74d59696c010d9de2\" is not encrypted. AWS recommends enabling encryption at rest to protect sensitive data from unauthorized access.",
      "resourceId": "vol-74d59696c010d9de2",
      "resourceName": "vol-74d59696c010d9de2",
      "ruleId": "ebs-unencrypted",
      "timestamp": "2026-04-16T19:19:17.526Z",
      "metadata": {
        "volumeId": "vol-74d59696c010d9de2",
        "size": 4000,
        "encrypted": false,
        "zone": "us-east-1a"
      }
    },
    {
      "id": "c6cfa2fe-da2a-497d-a729-5edd4427a8c7",
      "type": "SECURITY",
      "severity": "HIGH",
      "title": "Unencrypted EBS Volume",
      "description": "EBS Volume \"vol-324b67a4e99465a76\" is not encrypted. AWS recommends enabling encryption at rest to protect sensitive data from unauthorized access.",
      "resourceId": "vol-324b67a4e99465a76",
      "resourceName": "vol-324b67a4e99465a76",
      "ruleId": "ebs-unencrypted",
      "timestamp": "2026-04-16T19:19:17.526Z",
      "metadata": {
        "volumeId": "vol-324b67a4e99465a76",
        "size": 4000,
        "encrypted": false,
        "zone": "us-east-1a"
      }
    },
    {
      "id": "ac314d0a-11b0-4ff3-ac06-d945e1d7ee0b",
      "type": "SECURITY",
      "severity": "HIGH",
      "title": "Unencrypted EBS Volume",
      "description": "EBS Volume \"vol-2d7167f38ba3d8e08\" is not encrypted. AWS recommends enabling encryption at rest to protect sensitive data from unauthorized access.",
      "resourceId": "vol-2d7167f38ba3d8e08",
      "resourceName": "vol-2d7167f38ba3d8e08",
      "ruleId": "ebs-unencrypted",
      "timestamp": "2026-04-16T19:19:17.526Z",
      "metadata": {
        "volumeId": "vol-2d7167f38ba3d8e08",
        "size": 4000,
        "encrypted": false,
        "zone": "us-east-1a"
      }
    },
    {
      "id": "6cef1e15-c668-4033-a621-219186d3637e",
      "type": "SECURITY",
      "severity": "HIGH",
      "title": "Unencrypted EBS Volume",
      "description": "EBS Volume \"vol-85874225498566abf\" is not encrypted. AWS recommends enabling encryption at rest to protect sensitive data from unauthorized access.",
      "resourceId": "vol-85874225498566abf",
      "resourceName": "vol-85874225498566abf",
      "ruleId": "ebs-unencrypted",
      "timestamp": "2026-04-16T19:19:17.526Z",
      "metadata": {
        "volumeId": "vol-85874225498566abf",
        "size": 1500,
        "encrypted": false,
        "zone": "us-east-1b"
      }
    },
    {
      "id": "a2cf1485-765e-4223-93e0-10ebfa4272b7",
      "type": "SECURITY",
      "severity": "HIGH",
      "title": "Unencrypted EBS Volume",
      "description": "EBS Volume \"vol-c039e04d93aeee31c\" is not encrypted. AWS recommends enabling encryption at rest to protect sensitive data from unauthorized access.",
      "resourceId": "vol-c039e04d93aeee31c",
      "resourceName": "vol-c039e04d93aeee31c",
      "ruleId": "ebs-unencrypted",
      "timestamp": "2026-04-16T19:19:17.526Z",
      "metadata": {
        "volumeId": "vol-c039e04d93aeee31c",
        "size": 1500,
        "encrypted": false,
        "zone": "us-east-1b"
      }
    },
    {
      "id": "1b61581e-f6f4-46cb-89d3-96ff3aaebb70",
      "type": "SECURITY",
      "severity": "HIGH",
      "title": "Unencrypted EBS Volume",
      "description": "EBS Volume \"vol-91e5376900ec31111\" is not encrypted. AWS recommends enabling encryption at rest to protect sensitive data from unauthorized access.",
      "resourceId": "vol-91e5376900ec31111",
      "resourceName": "vol-91e5376900ec31111",
      "ruleId": "ebs-unencrypted",
      "timestamp": "2026-04-16T19:19:17.526Z",
      "metadata": {
        "volumeId": "vol-91e5376900ec31111",
        "size": 1500,
        "encrypted": false,
        "zone": "us-east-1b"
      }
    },
    {
      "id": "521fe524-2a90-4b9f-a67a-21205a146e4a",
      "type": "SECURITY",
      "severity": "HIGH",
      "title": "Unencrypted EBS Volume",
      "description": "EBS Volume \"vol-1341eba750b4a0397\" is not encrypted. AWS recommends enabling encryption at rest to protect sensitive data from unauthorized access.",
      "resourceId": "vol-1341eba750b4a0397",
      "resourceName": "vol-1341eba750b4a0397",
      "ruleId": "ebs-unencrypted",
      "timestamp": "2026-04-16T19:19:17.526Z",
      "metadata": {
        "volumeId": "vol-1341eba750b4a0397",
        "size": 1500,
        "encrypted": false,
        "zone": "us-east-1b"
      }
    },
    {
      "id": "01103e15-d03a-48f5-a808-9a4467605e54",
      "type": "SECURITY",
      "severity": "HIGH",
      "title": "Unencrypted EBS Volume",
      "description": "EBS Volume \"vol-5e8ccdc21c376a2a8\" is not encrypted. AWS recommends enabling encryption at rest to protect sensitive data from unauthorized access.",
      "resourceId": "vol-5e8ccdc21c376a2a8",
      "resourceName": "vol-5e8ccdc21c376a2a8",
      "ruleId": "ebs-unencrypted",
      "timestamp": "2026-04-16T19:19:17.526Z",
      "metadata": {
        "volumeId": "vol-5e8ccdc21c376a2a8",
        "size": 1500,
        "encrypted": false,
        "zone": "us-east-1b"
      }
    },
    {
      "id": "bd04bc3d-73e0-4e4b-a7c3-fd5c76cd6974",
      "type": "SECURITY",
      "severity": "HIGH",
      "title": "Unencrypted EBS Volume",
      "description": "EBS Volume \"vol-2cb31731b58f21ae8\" is not encrypted. AWS recommends enabling encryption at rest to protect sensitive data from unauthorized access.",
      "resourceId": "vol-2cb31731b58f21ae8",
      "resourceName": "vol-2cb31731b58f21ae8",
      "ruleId": "ebs-unencrypted",
      "timestamp": "2026-04-16T19:19:17.526Z",
      "metadata": {
        "volumeId": "vol-2cb31731b58f21ae8",
        "size": 1500,
        "encrypted": false,
        "zone": "us-east-1b"
      }
    },
    {
      "id": "4380216b-1659-4304-abb6-67a6bfb2b61c",
      "type": "SECURITY",
      "severity": "HIGH",
      "title": "Unencrypted EBS Volume",
      "description": "EBS Volume \"vol-c1ea3122904ee26a3\" is not encrypted. AWS recommends enabling encryption at rest to protect sensitive data from unauthorized access.",
      "resourceId": "vol-c1ea3122904ee26a3",
      "resourceName": "vol-c1ea3122904ee26a3",
      "ruleId": "ebs-unencrypted",
      "timestamp": "2026-04-16T19:19:17.526Z",
      "metadata": {
        "volumeId": "vol-c1ea3122904ee26a3",
        "size": 1500,
        "encrypted": false,
        "zone": "us-east-1b"
      }
    },
    {
      "id": "37f12485-5478-4953-a4b9-037c8add4319",
      "type": "SECURITY",
      "severity": "HIGH",
      "title": "Unencrypted EBS Volume",
      "description": "EBS Volume \"vol-27e896dfd6281d242\" is not encrypted. AWS recommends enabling encryption at rest to protect sensitive data from unauthorized access.",
      "resourceId": "vol-27e896dfd6281d242",
      "resourceName": "vol-27e896dfd6281d242",
      "ruleId": "ebs-unencrypted",
      "timestamp": "2026-04-16T19:19:17.526Z",
      "metadata": {
        "volumeId": "vol-27e896dfd6281d242",
        "size": 1500,
        "encrypted": false,
        "zone": "us-east-1b"
      }
    },
    {
      "id": "9af7ddbe-bfa2-4376-a0b2-c2ca4d44e6e9",
      "type": "SECURITY",
      "severity": "HIGH",
      "title": "Unencrypted EBS Volume",
      "description": "EBS Volume \"vol-cc49acfd45b74ad93\" is not encrypted. AWS recommends enabling encryption at rest to protect sensitive data from unauthorized access.",
      "resourceId": "vol-cc49acfd45b74ad93",
      "resourceName": "vol-cc49acfd45b74ad93",
      "ruleId": "ebs-unencrypted",
      "timestamp": "2026-04-16T19:19:17.526Z",
      "metadata": {
        "volumeId": "vol-cc49acfd45b74ad93",
        "size": 1500,
        "encrypted": false,
        "zone": "us-east-1b"
      }
    },
    {
      "id": "29a0b60e-8243-4bab-82cd-3e0207497f23",
      "type": "SECURITY",
      "severity": "HIGH",
      "title": "Unencrypted EBS Volume",
      "description": "EBS Volume \"vol-4ee7cdad4de1dd0e0\" is not encrypted. AWS recommends enabling encryption at rest to protect sensitive data from unauthorized access.",
      "resourceId": "vol-4ee7cdad4de1dd0e0",
      "resourceName": "vol-4ee7cdad4de1dd0e0",
      "ruleId": "ebs-unencrypted",
      "timestamp": "2026-04-16T19:19:17.526Z",
      "metadata": {
        "volumeId": "vol-4ee7cdad4de1dd0e0",
        "size": 1500,
        "encrypted": false,
        "zone": "us-east-1b"
      }
    },
    {
      "id": "4d9a6ddc-6e02-461b-a285-c72e1e401be4",
      "type": "SECURITY",
      "severity": "HIGH",
      "title": "Unencrypted EBS Volume",
      "description": "EBS Volume \"vol-248db038910dc7f71\" is not encrypted. AWS recommends enabling encryption at rest to protect sensitive data from unauthorized access.",
      "resourceId": "vol-248db038910dc7f71",
      "resourceName": "vol-248db038910dc7f71",
      "ruleId": "ebs-unencrypted",
      "timestamp": "2026-04-16T19:19:17.526Z",
      "metadata": {
        "volumeId": "vol-248db038910dc7f71",
        "size": 1500,
        "encrypted": false,
        "zone": "us-east-1b"
      }
    },
    {
      "id": "e4eeb39f-2b23-456b-8b51-8fbea135d203",
      "type": "SECURITY",
      "severity": "HIGH",
      "title": "Unencrypted EBS Volume",
      "description": "EBS Volume \"vol-8955df6a53cd5d848\" is not encrypted. AWS recommends enabling encryption at rest to protect sensitive data from unauthorized access.",
      "resourceId": "vol-8955df6a53cd5d848",
      "resourceName": "vol-8955df6a53cd5d848",
      "ruleId": "ebs-unencrypted",
      "timestamp": "2026-04-16T19:19:17.526Z",
      "metadata": {
        "volumeId": "vol-8955df6a53cd5d848",
        "size": 1500,
        "encrypted": false,
        "zone": "us-east-1b"
      }
    },
    {
      "id": "8658f89d-aa0f-46b0-8e34-87415ddc9839",
      "type": "SECURITY",
      "severity": "HIGH",
      "title": "Unencrypted EBS Volume",
      "description": "EBS Volume \"vol-476706ef5a8e4a9da\" is not encrypted. AWS recommends enabling encryption at rest to protect sensitive data from unauthorized access.",
      "resourceId": "vol-476706ef5a8e4a9da",
      "resourceName": "vol-476706ef5a8e4a9da",
      "ruleId": "ebs-unencrypted",
      "timestamp": "2026-04-16T19:19:17.526Z",
      "metadata": {
        "volumeId": "vol-476706ef5a8e4a9da",
        "size": 1500,
        "encrypted": false,
        "zone": "us-east-1b"
      }
    },
    {
      "id": "27ac4efb-8053-4833-9633-f0e188707d4e",
      "type": "SECURITY",
      "severity": "HIGH",
      "title": "Unencrypted EBS Volume",
      "description": "EBS Volume \"vol-b8f25424c7ca55f6b\" is not encrypted. AWS recommends enabling encryption at rest to protect sensitive data from unauthorized access.",
      "resourceId": "vol-b8f25424c7ca55f6b",
      "resourceName": "vol-b8f25424c7ca55f6b",
      "ruleId": "ebs-unencrypted",
      "timestamp": "2026-04-16T19:19:17.526Z",
      "metadata": {
        "volumeId": "vol-b8f25424c7ca55f6b",
        "size": 1500,
        "encrypted": false,
        "zone": "us-east-1b"
      }
    },
    {
      "id": "e90b4568-6f36-45c8-b2c4-257fb593c603",
      "type": "SECURITY",
      "severity": "HIGH",
      "title": "Unencrypted EBS Volume",
      "description": "EBS Volume \"vol-21e47ed9a13a0e3da\" is not encrypted. AWS recommends enabling encryption at rest to protect sensitive data from unauthorized access.",
      "resourceId": "vol-21e47ed9a13a0e3da",
      "resourceName": "vol-21e47ed9a13a0e3da",
      "ruleId": "ebs-unencrypted",
      "timestamp": "2026-04-16T19:19:17.526Z",
      "metadata": {
        "volumeId": "vol-21e47ed9a13a0e3da",
        "size": 1500,
        "encrypted": false,
        "zone": "us-east-1b"
      }
    },
    {
      "id": "71358511-6692-48f5-a94a-6147aefbc867",
      "type": "SECURITY",
      "severity": "HIGH",
      "title": "Unencrypted EBS Volume",
      "description": "EBS Volume \"vol-4eed909ac442e27b2\" is not encrypted. AWS recommends enabling encryption at rest to protect sensitive data from unauthorized access.",
      "resourceId": "vol-4eed909ac442e27b2",
      "resourceName": "vol-4eed909ac442e27b2",
      "ruleId": "ebs-unencrypted",
      "timestamp": "2026-04-16T19:19:17.526Z",
      "metadata": {
        "volumeId": "vol-4eed909ac442e27b2",
        "size": 1500,
        "encrypted": false,
        "zone": "us-east-1b"
      }
    },
    {
      "id": "07d31c88-d0db-483b-9c43-2f03c9ced8c0",
      "type": "SECURITY",
      "severity": "HIGH",
      "title": "Unencrypted EBS Volume",
      "description": "EBS Volume \"vol-60c4f2ebf467b4703\" is not encrypted. AWS recommends enabling encryption at rest to protect sensitive data from unauthorized access.",
      "resourceId": "vol-60c4f2ebf467b4703",
      "resourceName": "vol-60c4f2ebf467b4703",
      "ruleId": "ebs-unencrypted",
      "timestamp": "2026-04-16T19:19:17.526Z",
      "metadata": {
        "volumeId": "vol-60c4f2ebf467b4703",
        "size": 1500,
        "encrypted": false,
        "zone": "us-east-1b"
      }
    },
    {
      "id": "7c0b45e5-15f6-4c17-adad-a40fd373878c",
      "type": "SECURITY",
      "severity": "HIGH",
      "title": "Unencrypted EBS Volume",
      "description": "EBS Volume \"vol-e0d34007c933318f7\" is not encrypted. AWS recommends enabling encryption at rest to protect sensitive data from unauthorized access.",
      "resourceId": "vol-e0d34007c933318f7",
      "resourceName": "vol-e0d34007c933318f7",
      "ruleId": "ebs-unencrypted",
      "timestamp": "2026-04-16T19:19:17.526Z",
      "metadata": {
        "volumeId": "vol-e0d34007c933318f7",
        "size": 1500,
        "encrypted": false,
        "zone": "us-east-1b"
      }
    },
    {
      "id": "656396fa-76fa-4379-b8eb-560daca5eb96",
      "type": "SECURITY",
      "severity": "HIGH",
      "title": "Unencrypted EBS Volume",
      "description": "EBS Volume \"vol-58d89aa4d070520cb\" is not encrypted. AWS recommends enabling encryption at rest to protect sensitive data from unauthorized access.",
      "resourceId": "vol-58d89aa4d070520cb",
      "resourceName": "vol-58d89aa4d070520cb",
      "ruleId": "ebs-unencrypted",
      "timestamp": "2026-04-16T19:19:17.526Z",
      "metadata": {
        "volumeId": "vol-58d89aa4d070520cb",
        "size": 1500,
        "encrypted": false,
        "zone": "us-east-1b"
      }
    },
    {
      "id": "0f700645-37ef-4848-87b2-b4a6793de717",
      "type": "SECURITY",
      "severity": "HIGH",
      "title": "Unencrypted EBS Volume",
      "description": "EBS Volume \"vol-1bcff6d0bb169b60e\" is not encrypted. AWS recommends enabling encryption at rest to protect sensitive data from unauthorized access.",
      "resourceId": "vol-1bcff6d0bb169b60e",
      "resourceName": "vol-1bcff6d0bb169b60e",
      "ruleId": "ebs-unencrypted",
      "timestamp": "2026-04-16T19:19:17.526Z",
      "metadata": {
        "volumeId": "vol-1bcff6d0bb169b60e",
        "size": 1500,
        "encrypted": false,
        "zone": "us-east-1b"
      }
    },
    {
      "id": "6c3b2075-3d52-4f68-8a36-c367bfe360b3",
      "type": "SECURITY",
      "severity": "HIGH",
      "title": "Unencrypted EBS Volume",
      "description": "EBS Volume \"vol-bfc24adf3e7376a56\" is not encrypted. AWS recommends enabling encryption at rest to protect sensitive data from unauthorized access.",
      "resourceId": "vol-bfc24adf3e7376a56",
      "resourceName": "vol-bfc24adf3e7376a56",
      "ruleId": "ebs-unencrypted",
      "timestamp": "2026-04-16T19:19:17.526Z",
      "metadata": {
        "volumeId": "vol-bfc24adf3e7376a56",
        "size": 50,
        "encrypted": false,
        "zone": "us-east-1c"
      }
    },
    {
      "id": "ffd897f7-38ff-45b4-98c6-6d9a4fb4fa93",
      "type": "SECURITY",
      "severity": "HIGH",
      "title": "Unencrypted EBS Volume",
      "description": "EBS Volume \"vol-bfe4f140b60e22c30\" is not encrypted. AWS recommends enabling encryption at rest to protect sensitive data from unauthorized access.",
      "resourceId": "vol-bfe4f140b60e22c30",
      "resourceName": "vol-bfe4f140b60e22c30",
      "ruleId": "ebs-unencrypted",
      "timestamp": "2026-04-16T19:19:17.526Z",
      "metadata": {
        "volumeId": "vol-bfe4f140b60e22c30",
        "size": 50,
        "encrypted": false,
        "zone": "us-east-1c"
      }
    },
    {
      "id": "9ee3e32a-e9ec-4f28-82b3-886abbc80921",
      "type": "SECURITY",
      "severity": "HIGH",
      "title": "Unencrypted EBS Volume",
      "description": "EBS Volume \"vol-8bf50f644ccc0099d\" is not encrypted. AWS recommends enabling encryption at rest to protect sensitive data from unauthorized access.",
      "resourceId": "vol-8bf50f644ccc0099d",
      "resourceName": "vol-8bf50f644ccc0099d",
      "ruleId": "ebs-unencrypted",
      "timestamp": "2026-04-16T19:19:17.526Z",
      "metadata": {
        "volumeId": "vol-8bf50f644ccc0099d",
        "size": 50,
        "encrypted": false,
        "zone": "us-east-1c"
      }
    },
    {
      "id": "17381732-6180-4eaf-813f-7bab09591738",
      "type": "SECURITY",
      "severity": "HIGH",
      "title": "Unencrypted EBS Volume",
      "description": "EBS Volume \"vol-d30a4b830a4a2fb43\" is not encrypted. AWS recommends enabling encryption at rest to protect sensitive data from unauthorized access.",
      "resourceId": "vol-d30a4b830a4a2fb43",
      "resourceName": "vol-d30a4b830a4a2fb43",
      "ruleId": "ebs-unencrypted",
      "timestamp": "2026-04-16T19:19:17.526Z",
      "metadata": {
        "volumeId": "vol-d30a4b830a4a2fb43",
        "size": 50,
        "encrypted": false,
        "zone": "us-east-1c"
      }
    },
    {
      "id": "0cc9a9e8-9a29-4b31-957a-eed8b2b6351c",
      "type": "SECURITY",
      "severity": "HIGH",
      "title": "Unencrypted EBS Volume",
      "description": "EBS Volume \"vol-79dfe5568d6cf8745\" is not encrypted. AWS recommends enabling encryption at rest to protect sensitive data from unauthorized access.",
      "resourceId": "vol-79dfe5568d6cf8745",
      "resourceName": "vol-79dfe5568d6cf8745",
      "ruleId": "ebs-unencrypted",
      "timestamp": "2026-04-16T19:19:17.526Z",
      "metadata": {
        "volumeId": "vol-79dfe5568d6cf8745",
        "size": 50,
        "encrypted": false,
        "zone": "us-east-1c"
      }
    },
    {
      "id": "d75d5b10-ad83-4b7c-9bef-f6a0389572b8",
      "type": "SECURITY",
      "severity": "HIGH",
      "title": "Unencrypted EBS Volume",
      "description": "EBS Volume \"vol-86f23c472de4f94e5\" is not encrypted. AWS recommends enabling encryption at rest to protect sensitive data from unauthorized access.",
      "resourceId": "vol-86f23c472de4f94e5",
      "resourceName": "vol-86f23c472de4f94e5",
      "ruleId": "ebs-unencrypted",
      "timestamp": "2026-04-16T19:19:17.526Z",
      "metadata": {
        "volumeId": "vol-86f23c472de4f94e5",
        "size": 50,
        "encrypted": false,
        "zone": "us-east-1c"
      }
    },
    {
      "id": "7818aee6-bb30-46da-a01e-522d353eecf2",
      "type": "SECURITY",
      "severity": "HIGH",
      "title": "Unencrypted EBS Volume",
      "description": "EBS Volume \"vol-6c1d6b80a6854dc9e\" is not encrypted. AWS recommends enabling encryption at rest to protect sensitive data from unauthorized access.",
      "resourceId": "vol-6c1d6b80a6854dc9e",
      "resourceName": "vol-6c1d6b80a6854dc9e",
      "ruleId": "ebs-unencrypted",
      "timestamp": "2026-04-16T19:19:17.526Z",
      "metadata": {
        "volumeId": "vol-6c1d6b80a6854dc9e",
        "size": 50,
        "encrypted": false,
        "zone": "us-east-1c"
      }
    },
    {
      "id": "e2f4fc41-4755-42c9-8a75-a4a1409d9a2d",
      "type": "SECURITY",
      "severity": "HIGH",
      "title": "Unencrypted EBS Volume",
      "description": "EBS Volume \"vol-f0a1e19dbf7df4f39\" is not encrypted. AWS recommends enabling encryption at rest to protect sensitive data from unauthorized access.",
      "resourceId": "vol-f0a1e19dbf7df4f39",
      "resourceName": "vol-f0a1e19dbf7df4f39",
      "ruleId": "ebs-unencrypted",
      "timestamp": "2026-04-16T19:19:17.526Z",
      "metadata": {
        "volumeId": "vol-f0a1e19dbf7df4f39",
        "size": 50,
        "encrypted": false,
        "zone": "us-east-1c"
      }
    },
    {
      "id": "60324bfd-0755-4e62-a3ec-040fe734324c",
      "type": "SECURITY",
      "severity": "HIGH",
      "title": "Unencrypted EBS Volume",
      "description": "EBS Volume \"vol-3ea6fe492c3ef302e\" is not encrypted. AWS recommends enabling encryption at rest to protect sensitive data from unauthorized access.",
      "resourceId": "vol-3ea6fe492c3ef302e",
      "resourceName": "vol-3ea6fe492c3ef302e",
      "ruleId": "ebs-unencrypted",
      "timestamp": "2026-04-16T19:19:17.526Z",
      "metadata": {
        "volumeId": "vol-3ea6fe492c3ef302e",
        "size": 50,
        "encrypted": false,
        "zone": "us-east-1c"
      }
    },
    {
      "id": "a0b22dbd-38c0-4772-a5bd-6f7468121906",
      "type": "SECURITY",
      "severity": "HIGH",
      "title": "Unencrypted EBS Volume",
      "description": "EBS Volume \"vol-3f1ce2e2bf4818ca6\" is not encrypted. AWS recommends enabling encryption at rest to protect sensitive data from unauthorized access.",
      "resourceId": "vol-3f1ce2e2bf4818ca6",
      "resourceName": "vol-3f1ce2e2bf4818ca6",
      "ruleId": "ebs-unencrypted",
      "timestamp": "2026-04-16T19:19:17.526Z",
      "metadata": {
        "volumeId": "vol-3f1ce2e2bf4818ca6",
        "size": 50,
        "encrypted": false,
        "zone": "us-east-1c"
      }
    },
    {
      "id": "b15ac265-a9ad-44ea-b5b5-765f3f4961b5",
      "type": "SECURITY",
      "severity": "HIGH",
      "title": "Unencrypted EBS Volume",
      "description": "EBS Volume \"vol-012b26c2d23240b55\" is not encrypted. AWS recommends enabling encryption at rest to protect sensitive data from unauthorized access.",
      "resourceId": "vol-012b26c2d23240b55",
      "resourceName": "vol-012b26c2d23240b55",
      "ruleId": "ebs-unencrypted",
      "timestamp": "2026-04-16T19:19:17.526Z",
      "metadata": {
        "volumeId": "vol-012b26c2d23240b55",
        "size": 50,
        "encrypted": false,
        "zone": "us-east-1c"
      }
    },
    {
      "id": "a3434eb5-91de-4cc5-be87-c0efcbf082b1",
      "type": "SECURITY",
      "severity": "HIGH",
      "title": "Unencrypted EBS Volume",
      "description": "EBS Volume \"vol-60dfb877eea94c16a\" is not encrypted. AWS recommends enabling encryption at rest to protect sensitive data from unauthorized access.",
      "resourceId": "vol-60dfb877eea94c16a",
      "resourceName": "vol-60dfb877eea94c16a",
      "ruleId": "ebs-unencrypted",
      "timestamp": "2026-04-16T19:19:17.526Z",
      "metadata": {
        "volumeId": "vol-60dfb877eea94c16a",
        "size": 50,
        "encrypted": false,
        "zone": "us-east-1c"
      }
    },
    {
      "id": "95be6004-121c-4a0a-8fa3-041232c51758",
      "type": "SECURITY",
      "severity": "HIGH",
      "title": "Unencrypted EBS Volume",
      "description": "EBS Volume \"vol-7973645d299ce0460\" is not encrypted. AWS recommends enabling encryption at rest to protect sensitive data from unauthorized access.",
      "resourceId": "vol-7973645d299ce0460",
      "resourceName": "vol-7973645d299ce0460",
      "ruleId": "ebs-unencrypted",
      "timestamp": "2026-04-16T19:19:17.526Z",
      "metadata": {
        "volumeId": "vol-7973645d299ce0460",
        "size": 50,
        "encrypted": false,
        "zone": "us-east-1c"
      }
    },
    {
      "id": "7f642fb1-0b87-4e7b-9456-dd075ef45ab1",
      "type": "SECURITY",
      "severity": "HIGH",
      "title": "Unencrypted EBS Volume",
      "description": "EBS Volume \"vol-4bc6b9cd2d96519f6\" is not encrypted. AWS recommends enabling encryption at rest to protect sensitive data from unauthorized access.",
      "resourceId": "vol-4bc6b9cd2d96519f6",
      "resourceName": "vol-4bc6b9cd2d96519f6",
      "ruleId": "ebs-unencrypted",
      "timestamp": "2026-04-16T19:19:17.526Z",
      "metadata": {
        "volumeId": "vol-4bc6b9cd2d96519f6",
        "size": 50,
        "encrypted": false,
        "zone": "us-east-1c"
      }
    },
    {
      "id": "c97a0173-6c34-4b51-8cb6-0dd16ef0c73a",
      "type": "SECURITY",
      "severity": "HIGH",
      "title": "Unencrypted EBS Volume",
      "description": "EBS Volume \"vol-bb2c1059529b9659d\" is not encrypted. AWS recommends enabling encryption at rest to protect sensitive data from unauthorized access.",
      "resourceId": "vol-bb2c1059529b9659d",
      "resourceName": "vol-bb2c1059529b9659d",
      "ruleId": "ebs-unencrypted",
      "timestamp": "2026-04-16T19:19:17.526Z",
      "metadata": {
        "volumeId": "vol-bb2c1059529b9659d",
        "size": 50,
        "encrypted": false,
        "zone": "us-east-1c"
      }
    },
    {
      "id": "6a29715f-392e-4219-bd1c-72d5428829b4",
      "type": "SECURITY",
      "severity": "HIGH",
      "title": "Unencrypted EBS Volume",
      "description": "EBS Volume \"vol-8586c18b503c9dc0a\" is not encrypted. AWS recommends enabling encryption at rest to protect sensitive data from unauthorized access.",
      "resourceId": "vol-8586c18b503c9dc0a",
      "resourceName": "vol-8586c18b503c9dc0a",
      "ruleId": "ebs-unencrypted",
      "timestamp": "2026-04-16T19:19:17.526Z",
      "metadata": {
        "volumeId": "vol-8586c18b503c9dc0a",
        "size": 50,
        "encrypted": false,
        "zone": "us-east-1c"
      }
    },
    {
      "id": "149bc48b-e03a-4b3b-9032-ecf98d05a21c",
      "type": "SECURITY",
      "severity": "HIGH",
      "title": "Unencrypted EBS Volume",
      "description": "EBS Volume \"vol-bb8fc7d54167b8513\" is not encrypted. AWS recommends enabling encryption at rest to protect sensitive data from unauthorized access.",
      "resourceId": "vol-bb8fc7d54167b8513",
      "resourceName": "vol-bb8fc7d54167b8513",
      "ruleId": "ebs-unencrypted",
      "timestamp": "2026-04-16T19:19:17.526Z",
      "metadata": {
        "volumeId": "vol-bb8fc7d54167b8513",
        "size": 50,
        "encrypted": false,
        "zone": "us-east-1c"
      }
    },
    {
      "id": "dd23cfc6-3776-4bdc-80fa-9313ff952cca",
      "type": "SECURITY",
      "severity": "HIGH",
      "title": "Unencrypted EBS Volume",
      "description": "EBS Volume \"vol-e4d82dfc37cc98f25\" is not encrypted. AWS recommends enabling encryption at rest to protect sensitive data from unauthorized access.",
      "resourceId": "vol-e4d82dfc37cc98f25",
      "resourceName": "vol-e4d82dfc37cc98f25",
      "ruleId": "ebs-unencrypted",
      "timestamp": "2026-04-16T19:19:17.526Z",
      "metadata": {
        "volumeId": "vol-e4d82dfc37cc98f25",
        "size": 50,
        "encrypted": false,
        "zone": "us-east-1c"
      }
    },
    {
      "id": "b1434fbd-f7f6-4982-b40c-3ee1128b2e92",
      "type": "SECURITY",
      "severity": "HIGH",
      "title": "Unencrypted EBS Volume",
      "description": "EBS Volume \"vol-7da36e6e18ee21123\" is not encrypted. AWS recommends enabling encryption at rest to protect sensitive data from unauthorized access.",
      "resourceId": "vol-7da36e6e18ee21123",
      "resourceName": "vol-7da36e6e18ee21123",
      "ruleId": "ebs-unencrypted",
      "timestamp": "2026-04-16T19:19:17.526Z",
      "metadata": {
        "volumeId": "vol-7da36e6e18ee21123",
        "size": 50,
        "encrypted": false,
        "zone": "us-east-1c"
      }
    },
    {
      "id": "e1cce313-1d23-4525-8396-de868f06645c",
      "type": "SECURITY",
      "severity": "HIGH",
      "title": "Unencrypted EBS Volume",
      "description": "EBS Volume \"vol-267827e4b4db825ce\" is not encrypted. AWS recommends enabling encryption at rest to protect sensitive data from unauthorized access.",
      "resourceId": "vol-267827e4b4db825ce",
      "resourceName": "vol-267827e4b4db825ce",
      "ruleId": "ebs-unencrypted",
      "timestamp": "2026-04-16T19:19:17.526Z",
      "metadata": {
        "volumeId": "vol-267827e4b4db825ce",
        "size": 50,
        "encrypted": false,
        "zone": "us-east-1c"
      }
    },
    {
      "id": "8a190512-bee9-4320-86af-48750655272b",
      "type": "SECURITY",
      "severity": "HIGH",
      "title": "Unencrypted EBS Volume",
      "description": "EBS Volume \"vol-b41619ff4e3679a0a\" is not encrypted. AWS recommends enabling encryption at rest to protect sensitive data from unauthorized access.",
      "resourceId": "vol-b41619ff4e3679a0a",
      "resourceName": "vol-b41619ff4e3679a0a",
      "ruleId": "ebs-unencrypted",
      "timestamp": "2026-04-16T19:19:17.526Z",
      "metadata": {
        "volumeId": "vol-b41619ff4e3679a0a",
        "size": 50,
        "encrypted": false,
        "zone": "us-east-1c"
      }
    },
    {
      "id": "bcbb7a3d-6491-4f59-bee0-2901591d56e4",
      "type": "SECURITY",
      "severity": "HIGH",
      "title": "Unencrypted EBS Volume",
      "description": "EBS Volume \"vol-e0144ce9145f0bbc0\" is not encrypted. AWS recommends enabling encryption at rest to protect sensitive data from unauthorized access.",
      "resourceId": "vol-e0144ce9145f0bbc0",
      "resourceName": "vol-e0144ce9145f0bbc0",
      "ruleId": "ebs-unencrypted",
      "timestamp": "2026-04-16T19:19:17.526Z",
      "metadata": {
        "volumeId": "vol-e0144ce9145f0bbc0",
        "size": 50,
        "encrypted": false,
        "zone": "us-east-1c"
      }
    },
    {
      "id": "f4070e49-9332-4f26-819b-1425937d2e07",
      "type": "SECURITY",
      "severity": "HIGH",
      "title": "Unencrypted EBS Volume",
      "description": "EBS Volume \"vol-1cc1ca801a039f62f\" is not encrypted. AWS recommends enabling encryption at rest to protect sensitive data from unauthorized access.",
      "resourceId": "vol-1cc1ca801a039f62f",
      "resourceName": "vol-1cc1ca801a039f62f",
      "ruleId": "ebs-unencrypted",
      "timestamp": "2026-04-16T19:19:17.526Z",
      "metadata": {
        "volumeId": "vol-1cc1ca801a039f62f",
        "size": 50,
        "encrypted": false,
        "zone": "us-east-1c"
      }
    },
    {
      "id": "0e02eb78-99b5-4391-8354-08fd9e3c8bba",
      "type": "SECURITY",
      "severity": "HIGH",
      "title": "Unencrypted EBS Volume",
      "description": "EBS Volume \"vol-9bb720f9ec88b2438\" is not encrypted. AWS recommends enabling encryption at rest to protect sensitive data from unauthorized access.",
      "resourceId": "vol-9bb720f9ec88b2438",
      "resourceName": "vol-9bb720f9ec88b2438",
      "ruleId": "ebs-unencrypted",
      "timestamp": "2026-04-16T19:19:17.526Z",
      "metadata": {
        "volumeId": "vol-9bb720f9ec88b2438",
        "size": 50,
        "encrypted": false,
        "zone": "us-east-1c"
      }
    },
    {
      "id": "4dfd1868-0664-4047-b5d0-42b606846e28",
      "type": "SECURITY",
      "severity": "HIGH",
      "title": "Unencrypted EBS Volume",
      "description": "EBS Volume \"vol-9f8a90c0c23776024\" is not encrypted. AWS recommends enabling encryption at rest to protect sensitive data from unauthorized access.",
      "resourceId": "vol-9f8a90c0c23776024",
      "resourceName": "vol-9f8a90c0c23776024",
      "ruleId": "ebs-unencrypted",
      "timestamp": "2026-04-16T19:19:17.526Z",
      "metadata": {
        "volumeId": "vol-9f8a90c0c23776024",
        "size": 50,
        "encrypted": false,
        "zone": "us-east-1c"
      }
    },
    {
      "id": "4f0c57a0-8b55-4cd6-8204-a8169eabe76a",
      "type": "SECURITY",
      "severity": "HIGH",
      "title": "Unencrypted EBS Volume",
      "description": "EBS Volume \"vol-43c6eae2dbc069bea\" is not encrypted. AWS recommends enabling encryption at rest to protect sensitive data from unauthorized access.",
      "resourceId": "vol-43c6eae2dbc069bea",
      "resourceName": "vol-43c6eae2dbc069bea",
      "ruleId": "ebs-unencrypted",
      "timestamp": "2026-04-16T19:19:17.526Z",
      "metadata": {
        "volumeId": "vol-43c6eae2dbc069bea",
        "size": 50,
        "encrypted": false,
        "zone": "us-east-1c"
      }
    },
    {
      "id": "c14ff0bd-8e19-4cee-9488-3cad69328a4c",
      "type": "SECURITY",
      "severity": "HIGH",
      "title": "Unencrypted EBS Volume",
      "description": "EBS Volume \"vol-786462d9b2432c72c\" is not encrypted. AWS recommends enabling encryption at rest to protect sensitive data from unauthorized access.",
      "resourceId": "vol-786462d9b2432c72c",
      "resourceName": "vol-786462d9b2432c72c",
      "ruleId": "ebs-unencrypted",
      "timestamp": "2026-04-16T19:19:17.526Z",
      "metadata": {
        "volumeId": "vol-786462d9b2432c72c",
        "size": 50,
        "encrypted": false,
        "zone": "us-east-1c"
      }
    },
    {
      "id": "2a9c0ce2-1e74-4cef-a528-df85933741ea",
      "type": "SECURITY",
      "severity": "HIGH",
      "title": "Unencrypted EBS Volume",
      "description": "EBS Volume \"vol-a84364817fc41c303\" is not encrypted. AWS recommends enabling encryption at rest to protect sensitive data from unauthorized access.",
      "resourceId": "vol-a84364817fc41c303",
      "resourceName": "vol-a84364817fc41c303",
      "ruleId": "ebs-unencrypted",
      "timestamp": "2026-04-16T19:19:17.526Z",
      "metadata": {
        "volumeId": "vol-a84364817fc41c303",
        "size": 50,
        "encrypted": false,
        "zone": "us-east-1c"
      }
    },
    {
      "id": "246a5bf0-4787-49d1-8545-fd4a40f3e969",
      "type": "SECURITY",
      "severity": "HIGH",
      "title": "Unencrypted EBS Volume",
      "description": "EBS Volume \"vol-6f00fdd1ba2c4647c\" is not encrypted. AWS recommends enabling encryption at rest to protect sensitive data from unauthorized access.",
      "resourceId": "vol-6f00fdd1ba2c4647c",
      "resourceName": "vol-6f00fdd1ba2c4647c",
      "ruleId": "ebs-unencrypted",
      "timestamp": "2026-04-16T19:19:17.526Z",
      "metadata": {
        "volumeId": "vol-6f00fdd1ba2c4647c",
        "size": 50,
        "encrypted": false,
        "zone": "us-east-1c"
      }
    },
    {
      "id": "4fba682b-5f10-4d63-bcca-c82add338e8a",
      "type": "SECURITY",
      "severity": "HIGH",
      "title": "Unencrypted EBS Volume",
      "description": "EBS Volume \"vol-0413bc484c45b3d42\" is not encrypted. AWS recommends enabling encryption at rest to protect sensitive data from unauthorized access.",
      "resourceId": "vol-0413bc484c45b3d42",
      "resourceName": "vol-0413bc484c45b3d42",
      "ruleId": "ebs-unencrypted",
      "timestamp": "2026-04-16T19:19:17.526Z",
      "metadata": {
        "volumeId": "vol-0413bc484c45b3d42",
        "size": 50,
        "encrypted": false,
        "zone": "us-east-1c"
      }
    },
    {
      "id": "d3ecf566-678b-4ba8-a714-beaa22a77ed9",
      "type": "SECURITY",
      "severity": "HIGH",
      "title": "Unencrypted EBS Volume",
      "description": "EBS Volume \"vol-ec15812841c0ef773\" is not encrypted. AWS recommends enabling encryption at rest to protect sensitive data from unauthorized access.",
      "resourceId": "vol-ec15812841c0ef773",
      "resourceName": "vol-ec15812841c0ef773",
      "ruleId": "ebs-unencrypted",
      "timestamp": "2026-04-16T19:19:17.526Z",
      "metadata": {
        "volumeId": "vol-ec15812841c0ef773",
        "size": 50,
        "encrypted": false,
        "zone": "us-east-1c"
      }
    },
    {
      "id": "a06c7642-76e8-49e5-b9fc-362752af1be6",
      "type": "SECURITY",
      "severity": "HIGH",
      "title": "Unencrypted EBS Volume",
      "description": "EBS Volume \"vol-84ba869c40bfdfc17\" is not encrypted. AWS recommends enabling encryption at rest to protect sensitive data from unauthorized access.",
      "resourceId": "vol-84ba869c40bfdfc17",
      "resourceName": "vol-84ba869c40bfdfc17",
      "ruleId": "ebs-unencrypted",
      "timestamp": "2026-04-16T19:19:17.526Z",
      "metadata": {
        "volumeId": "vol-84ba869c40bfdfc17",
        "size": 50,
        "encrypted": false,
        "zone": "us-east-1c"
      }
    },
    {
      "id": "3cdcaaeb-baa3-4d6b-a89d-0057279d0fb4",
      "type": "SECURITY",
      "severity": "HIGH",
      "title": "Unencrypted EBS Volume",
      "description": "EBS Volume \"vol-365d036ff9a57f135\" is not encrypted. AWS recommends enabling encryption at rest to protect sensitive data from unauthorized access.",
      "resourceId": "vol-365d036ff9a57f135",
      "resourceName": "vol-365d036ff9a57f135",
      "ruleId": "ebs-unencrypted",
      "timestamp": "2026-04-16T19:19:17.526Z",
      "metadata": {
        "volumeId": "vol-365d036ff9a57f135",
        "size": 50,
        "encrypted": false,
        "zone": "us-east-1c"
      }
    },
    {
      "id": "6eeac30c-7f5b-4b50-8e3e-70a39fd95cd7",
      "type": "SECURITY",
      "severity": "HIGH",
      "title": "Unencrypted EBS Volume",
      "description": "EBS Volume \"vol-eb65c49e1263ad8ed\" is not encrypted. AWS recommends enabling encryption at rest to protect sensitive data from unauthorized access.",
      "resourceId": "vol-eb65c49e1263ad8ed",
      "resourceName": "vol-eb65c49e1263ad8ed",
      "ruleId": "ebs-unencrypted",
      "timestamp": "2026-04-16T19:19:17.526Z",
      "metadata": {
        "volumeId": "vol-eb65c49e1263ad8ed",
        "size": 50,
        "encrypted": false,
        "zone": "us-east-1c"
      }
    },
    {
      "id": "483e9084-0ea4-475d-b868-2ee6c5f02e65",
      "type": "SECURITY",
      "severity": "HIGH",
      "title": "Unencrypted EBS Volume",
      "description": "EBS Volume \"vol-e3aed59b24c92c97e\" is not encrypted. AWS recommends enabling encryption at rest to protect sensitive data from unauthorized access.",
      "resourceId": "vol-e3aed59b24c92c97e",
      "resourceName": "vol-e3aed59b24c92c97e",
      "ruleId": "ebs-unencrypted",
      "timestamp": "2026-04-16T19:19:17.526Z",
      "metadata": {
        "volumeId": "vol-e3aed59b24c92c97e",
        "size": 50,
        "encrypted": false,
        "zone": "us-east-1c"
      }
    },
    {
      "id": "0151b060-7fae-41db-97e0-d9ceadbbeeb6",
      "type": "SECURITY",
      "severity": "HIGH",
      "title": "Unencrypted EBS Volume",
      "description": "EBS Volume \"vol-24675edb35157bed5\" is not encrypted. AWS recommends enabling encryption at rest to protect sensitive data from unauthorized access.",
      "resourceId": "vol-24675edb35157bed5",
      "resourceName": "vol-24675edb35157bed5",
      "ruleId": "ebs-unencrypted",
      "timestamp": "2026-04-16T19:19:17.526Z",
      "metadata": {
        "volumeId": "vol-24675edb35157bed5",
        "size": 50,
        "encrypted": false,
        "zone": "us-east-1c"
      }
    },
    {
      "id": "8a747db1-50d6-4767-a79a-2a2b6d51972d",
      "type": "SECURITY",
      "severity": "HIGH",
      "title": "Unencrypted EBS Volume",
      "description": "EBS Volume \"vol-83994150e38e5c5c0\" is not encrypted. AWS recommends enabling encryption at rest to protect sensitive data from unauthorized access.",
      "resourceId": "vol-83994150e38e5c5c0",
      "resourceName": "vol-83994150e38e5c5c0",
      "ruleId": "ebs-unencrypted",
      "timestamp": "2026-04-16T19:19:17.526Z",
      "metadata": {
        "volumeId": "vol-83994150e38e5c5c0",
        "size": 50,
        "encrypted": false,
        "zone": "us-east-1c"
      }
    },
    {
      "id": "6257094a-ac64-497e-8040-940fd13239b2",
      "type": "SECURITY",
      "severity": "HIGH",
      "title": "Unencrypted EBS Volume",
      "description": "EBS Volume \"vol-1acfa530bd124c509\" is not encrypted. AWS recommends enabling encryption at rest to protect sensitive data from unauthorized access.",
      "resourceId": "vol-1acfa530bd124c509",
      "resourceName": "vol-1acfa530bd124c509",
      "ruleId": "ebs-unencrypted",
      "timestamp": "2026-04-16T19:19:17.526Z",
      "metadata": {
        "volumeId": "vol-1acfa530bd124c509",
        "size": 50,
        "encrypted": false,
        "zone": "us-east-1c"
      }
    },
    {
      "id": "ab0f0a0f-5ae3-4f5a-96b9-981c06736c34",
      "type": "SECURITY",
      "severity": "HIGH",
      "title": "Unencrypted EBS Volume",
      "description": "EBS Volume \"vol-7375fa9021d812ec8\" is not encrypted. AWS recommends enabling encryption at rest to protect sensitive data from unauthorized access.",
      "resourceId": "vol-7375fa9021d812ec8",
      "resourceName": "vol-7375fa9021d812ec8",
      "ruleId": "ebs-unencrypted",
      "timestamp": "2026-04-16T19:19:17.526Z",
      "metadata": {
        "volumeId": "vol-7375fa9021d812ec8",
        "size": 50,
        "encrypted": false,
        "zone": "us-east-1c"
      }
    },
    {
      "id": "bf13b4d1-492d-4cc6-a08e-d15c27c982ec",
      "type": "SECURITY",
      "severity": "HIGH",
      "title": "Unencrypted EBS Volume",
      "description": "EBS Volume \"vol-b71024826da5ebd47\" is not encrypted. AWS recommends enabling encryption at rest to protect sensitive data from unauthorized access.",
      "resourceId": "vol-b71024826da5ebd47",
      "resourceName": "vol-b71024826da5ebd47",
      "ruleId": "ebs-unencrypted",
      "timestamp": "2026-04-16T19:19:17.526Z",
      "metadata": {
        "volumeId": "vol-b71024826da5ebd47",
        "size": 50,
        "encrypted": false,
        "zone": "us-east-1c"
      }
    },
    {
      "id": "c1d3a5e3-104e-4444-9876-bc563c35ccc2",
      "type": "SECURITY",
      "severity": "HIGH",
      "title": "Unencrypted EBS Volume",
      "description": "EBS Volume \"vol-9029b3a2278488be1\" is not encrypted. AWS recommends enabling encryption at rest to protect sensitive data from unauthorized access.",
      "resourceId": "vol-9029b3a2278488be1",
      "resourceName": "vol-9029b3a2278488be1",
      "ruleId": "ebs-unencrypted",
      "timestamp": "2026-04-16T19:19:17.526Z",
      "metadata": {
        "volumeId": "vol-9029b3a2278488be1",
        "size": 50,
        "encrypted": false,
        "zone": "us-east-1c"
      }
    },
    {
      "id": "ab5409a2-ca7d-435b-82ca-e5a7cdf9bcc0",
      "type": "SECURITY",
      "severity": "HIGH",
      "title": "Unencrypted EBS Volume",
      "description": "EBS Volume \"vol-8c16e9acfa3f8acdf\" is not encrypted. AWS recommends enabling encryption at rest to protect sensitive data from unauthorized access.",
      "resourceId": "vol-8c16e9acfa3f8acdf",
      "resourceName": "vol-8c16e9acfa3f8acdf",
      "ruleId": "ebs-unencrypted",
      "timestamp": "2026-04-16T19:19:17.526Z",
      "metadata": {
        "volumeId": "vol-8c16e9acfa3f8acdf",
        "size": 50,
        "encrypted": false,
        "zone": "us-east-1c"
      }
    },
    {
      "id": "2e519b82-5dc6-4c3d-8881-928b2e076cae",
      "type": "SECURITY",
      "severity": "HIGH",
      "title": "Unencrypted EBS Volume",
      "description": "EBS Volume \"vol-2e2ff3b7ee5920f01\" is not encrypted. AWS recommends enabling encryption at rest to protect sensitive data from unauthorized access.",
      "resourceId": "vol-2e2ff3b7ee5920f01",
      "resourceName": "vol-2e2ff3b7ee5920f01",
      "ruleId": "ebs-unencrypted",
      "timestamp": "2026-04-16T19:19:17.526Z",
      "metadata": {
        "volumeId": "vol-2e2ff3b7ee5920f01",
        "size": 50,
        "encrypted": false,
        "zone": "us-east-1c"
      }
    },
    {
      "id": "c7082b6f-4173-4670-836b-fd03431eb07a",
      "type": "SECURITY",
      "severity": "HIGH",
      "title": "Unencrypted EBS Volume",
      "description": "EBS Volume \"vol-cba143ec0790b9999\" is not encrypted. AWS recommends enabling encryption at rest to protect sensitive data from unauthorized access.",
      "resourceId": "vol-cba143ec0790b9999",
      "resourceName": "vol-cba143ec0790b9999",
      "ruleId": "ebs-unencrypted",
      "timestamp": "2026-04-16T19:19:17.526Z",
      "metadata": {
        "volumeId": "vol-cba143ec0790b9999",
        "size": 50,
        "encrypted": false,
        "zone": "us-east-1c"
      }
    },
    {
      "id": "5534c88b-3368-49a4-a87b-79e5b0f2b231",
      "type": "SECURITY",
      "severity": "HIGH",
      "title": "Unencrypted EBS Volume",
      "description": "EBS Volume \"vol-d34a30eae2f4aa747\" is not encrypted. AWS recommends enabling encryption at rest to protect sensitive data from unauthorized access.",
      "resourceId": "vol-d34a30eae2f4aa747",
      "resourceName": "vol-d34a30eae2f4aa747",
      "ruleId": "ebs-unencrypted",
      "timestamp": "2026-04-16T19:19:17.526Z",
      "metadata": {
        "volumeId": "vol-d34a30eae2f4aa747",
        "size": 50,
        "encrypted": false,
        "zone": "us-east-1c"
      }
    },
    {
      "id": "775caa84-9699-4849-85a9-58ca6b8c5d21",
      "type": "SECURITY",
      "severity": "HIGH",
      "title": "Unencrypted EBS Volume",
      "description": "EBS Volume \"vol-e44e191a0e00d9910\" is not encrypted. AWS recommends enabling encryption at rest to protect sensitive data from unauthorized access.",
      "resourceId": "vol-e44e191a0e00d9910",
      "resourceName": "vol-e44e191a0e00d9910",
      "ruleId": "ebs-unencrypted",
      "timestamp": "2026-04-16T19:19:17.526Z",
      "metadata": {
        "volumeId": "vol-e44e191a0e00d9910",
        "size": 50,
        "encrypted": false,
        "zone": "us-east-1c"
      }
    },
    {
      "id": "468965e7-6185-451c-a73a-ee8e1b0181d7",
      "type": "SECURITY",
      "severity": "HIGH",
      "title": "Unencrypted EBS Volume",
      "description": "EBS Volume \"vol-303af71af34a95acc\" is not encrypted. AWS recommends enabling encryption at rest to protect sensitive data from unauthorized access.",
      "resourceId": "vol-303af71af34a95acc",
      "resourceName": "vol-303af71af34a95acc",
      "ruleId": "ebs-unencrypted",
      "timestamp": "2026-04-16T19:19:17.526Z",
      "metadata": {
        "volumeId": "vol-303af71af34a95acc",
        "size": 50,
        "encrypted": false,
        "zone": "us-east-1c"
      }
    },
    {
      "id": "0dca5bfe-a2ca-4e6b-8c1f-428915f17ffa",
      "type": "SECURITY",
      "severity": "HIGH",
      "title": "Unencrypted EBS Volume",
      "description": "EBS Volume \"vol-a06ceeb387f3db546\" is not encrypted. AWS recommends enabling encryption at rest to protect sensitive data from unauthorized access.",
      "resourceId": "vol-a06ceeb387f3db546",
      "resourceName": "vol-a06ceeb387f3db546",
      "ruleId": "ebs-unencrypted",
      "timestamp": "2026-04-16T19:19:17.526Z",
      "metadata": {
        "volumeId": "vol-a06ceeb387f3db546",
        "size": 50,
        "encrypted": false,
        "zone": "us-east-1c"
      }
    },
    {
      "id": "eb7eaaf4-3736-4a8b-8a6b-ce6a610f75cc",
      "type": "SECURITY",
      "severity": "HIGH",
      "title": "Unencrypted EBS Volume",
      "description": "EBS Volume \"vol-fc2ef7133c01b990e\" is not encrypted. AWS recommends enabling encryption at rest to protect sensitive data from unauthorized access.",
      "resourceId": "vol-fc2ef7133c01b990e",
      "resourceName": "vol-fc2ef7133c01b990e",
      "ruleId": "ebs-unencrypted",
      "timestamp": "2026-04-16T19:19:17.526Z",
      "metadata": {
        "volumeId": "vol-fc2ef7133c01b990e",
        "size": 50,
        "encrypted": false,
        "zone": "us-east-1c"
      }
    },
    {
      "id": "90a2b56c-eb1f-4758-8de3-82e07a8b0c60",
      "type": "SECURITY",
      "severity": "HIGH",
      "title": "Unencrypted EBS Volume",
      "description": "EBS Volume \"vol-189d6c9f4e9114816\" is not encrypted. AWS recommends enabling encryption at rest to protect sensitive data from unauthorized access.",
      "resourceId": "vol-189d6c9f4e9114816",
      "resourceName": "vol-189d6c9f4e9114816",
      "ruleId": "ebs-unencrypted",
      "timestamp": "2026-04-16T19:19:17.526Z",
      "metadata": {
        "volumeId": "vol-189d6c9f4e9114816",
        "size": 50,
        "encrypted": false,
        "zone": "us-east-1c"
      }
    },
    {
      "id": "3d11e1a5-a0d0-4961-9368-002e46c86e4b",
      "type": "SECURITY",
      "severity": "HIGH",
      "title": "Unencrypted EBS Volume",
      "description": "EBS Volume \"vol-4586403d0e636dc29\" is not encrypted. AWS recommends enabling encryption at rest to protect sensitive data from unauthorized access.",
      "resourceId": "vol-4586403d0e636dc29",
      "resourceName": "vol-4586403d0e636dc29",
      "ruleId": "ebs-unencrypted",
      "timestamp": "2026-04-16T19:19:17.526Z",
      "metadata": {
        "volumeId": "vol-4586403d0e636dc29",
        "size": 500,
        "encrypted": false,
        "zone": "us-east-1a"
      }
    },
    {
      "id": "8b4db8e7-093e-49e7-8c23-7560efca570b",
      "type": "SECURITY",
      "severity": "HIGH",
      "title": "Unencrypted EBS Volume",
      "description": "EBS Volume \"vol-4f27225175f2d6b6e\" is not encrypted. AWS recommends enabling encryption at rest to protect sensitive data from unauthorized access.",
      "resourceId": "vol-4f27225175f2d6b6e",
      "resourceName": "vol-4f27225175f2d6b6e",
      "ruleId": "ebs-unencrypted",
      "timestamp": "2026-04-16T19:19:17.526Z",
      "metadata": {
        "volumeId": "vol-4f27225175f2d6b6e",
        "size": 500,
        "encrypted": false,
        "zone": "us-east-1a"
      }
    },
    {
      "id": "dedca3df-308a-40fd-9c0e-b3e40d2c4f39",
      "type": "SECURITY",
      "severity": "HIGH",
      "title": "Unencrypted EBS Volume",
      "description": "EBS Volume \"vol-3a3b31f2461444dfc\" is not encrypted. AWS recommends enabling encryption at rest to protect sensitive data from unauthorized access.",
      "resourceId": "vol-3a3b31f2461444dfc",
      "resourceName": "vol-3a3b31f2461444dfc",
      "ruleId": "ebs-unencrypted",
      "timestamp": "2026-04-16T19:19:17.526Z",
      "metadata": {
        "volumeId": "vol-3a3b31f2461444dfc",
        "size": 500,
        "encrypted": false,
        "zone": "us-east-1a"
      }
    },
    {
      "id": "721be960-a207-4d96-9f77-8d9beb37de42",
      "type": "SECURITY",
      "severity": "HIGH",
      "title": "Unencrypted EBS Volume",
      "description": "EBS Volume \"vol-0cba3bdf1fd77bb71\" is not encrypted. AWS recommends enabling encryption at rest to protect sensitive data from unauthorized access.",
      "resourceId": "vol-0cba3bdf1fd77bb71",
      "resourceName": "vol-0cba3bdf1fd77bb71",
      "ruleId": "ebs-unencrypted",
      "timestamp": "2026-04-16T19:19:17.526Z",
      "metadata": {
        "volumeId": "vol-0cba3bdf1fd77bb71",
        "size": 500,
        "encrypted": false,
        "zone": "us-east-1a"
      }
    },
    {
      "id": "2733f957-b159-4ab8-90e0-f499912bff82",
      "type": "SECURITY",
      "severity": "HIGH",
      "title": "Unencrypted EBS Volume",
      "description": "EBS Volume \"vol-4aad594b8252eea55\" is not encrypted. AWS recommends enabling encryption at rest to protect sensitive data from unauthorized access.",
      "resourceId": "vol-4aad594b8252eea55",
      "resourceName": "vol-4aad594b8252eea55",
      "ruleId": "ebs-unencrypted",
      "timestamp": "2026-04-16T19:19:17.526Z",
      "metadata": {
        "volumeId": "vol-4aad594b8252eea55",
        "size": 500,
        "encrypted": false,
        "zone": "us-east-1a"
      }
    },
    {
      "id": "12f7bad1-b938-4806-8670-cd6fb4ec0201",
      "type": "SECURITY",
      "severity": "HIGH",
      "title": "Unencrypted EBS Volume",
      "description": "EBS Volume \"vol-dc8f36462a1125c1a\" is not encrypted. AWS recommends enabling encryption at rest to protect sensitive data from unauthorized access.",
      "resourceId": "vol-dc8f36462a1125c1a",
      "resourceName": "vol-dc8f36462a1125c1a",
      "ruleId": "ebs-unencrypted",
      "timestamp": "2026-04-16T19:19:17.526Z",
      "metadata": {
        "volumeId": "vol-dc8f36462a1125c1a",
        "size": 500,
        "encrypted": false,
        "zone": "us-east-1a"
      }
    },
    {
      "id": "1a837d08-78c3-4dd7-bf92-c4ba74195f61",
      "type": "SECURITY",
      "severity": "HIGH",
      "title": "Unencrypted EBS Volume",
      "description": "EBS Volume \"vol-9a2fee892cd8d0864\" is not encrypted. AWS recommends enabling encryption at rest to protect sensitive data from unauthorized access.",
      "resourceId": "vol-9a2fee892cd8d0864",
      "resourceName": "vol-9a2fee892cd8d0864",
      "ruleId": "ebs-unencrypted",
      "timestamp": "2026-04-16T19:19:17.526Z",
      "metadata": {
        "volumeId": "vol-9a2fee892cd8d0864",
        "size": 500,
        "encrypted": false,
        "zone": "us-east-1a"
      }
    },
    {
      "id": "7582ac92-7988-4c77-bb6f-c18508808a4f",
      "type": "SECURITY",
      "severity": "HIGH",
      "title": "Unencrypted EBS Volume",
      "description": "EBS Volume \"vol-33f8e8305ce870cbb\" is not encrypted. AWS recommends enabling encryption at rest to protect sensitive data from unauthorized access.",
      "resourceId": "vol-33f8e8305ce870cbb",
      "resourceName": "vol-33f8e8305ce870cbb",
      "ruleId": "ebs-unencrypted",
      "timestamp": "2026-04-16T19:19:17.526Z",
      "metadata": {
        "volumeId": "vol-33f8e8305ce870cbb",
        "size": 500,
        "encrypted": false,
        "zone": "us-east-1a"
      }
    },
    {
      "id": "3c2487dd-fdb3-4c98-a90a-e69bed1723e5",
      "type": "SECURITY",
      "severity": "HIGH",
      "title": "Unencrypted EBS Volume",
      "description": "EBS Volume \"vol-a69c36f11fa62609c\" is not encrypted. AWS recommends enabling encryption at rest to protect sensitive data from unauthorized access.",
      "resourceId": "vol-a69c36f11fa62609c",
      "resourceName": "vol-a69c36f11fa62609c",
      "ruleId": "ebs-unencrypted",
      "timestamp": "2026-04-16T19:19:17.526Z",
      "metadata": {
        "volumeId": "vol-a69c36f11fa62609c",
        "size": 500,
        "encrypted": false,
        "zone": "us-east-1a"
      }
    },
    {
      "id": "44928342-b70c-40d1-bdf2-2cf9e0f30ce5",
      "type": "SECURITY",
      "severity": "HIGH",
      "title": "Unencrypted EBS Volume",
      "description": "EBS Volume \"vol-9e1d4004b67533726\" is not encrypted. AWS recommends enabling encryption at rest to protect sensitive data from unauthorized access.",
      "resourceId": "vol-9e1d4004b67533726",
      "resourceName": "vol-9e1d4004b67533726",
      "ruleId": "ebs-unencrypted",
      "timestamp": "2026-04-16T19:19:17.526Z",
      "metadata": {
        "volumeId": "vol-9e1d4004b67533726",
        "size": 500,
        "encrypted": false,
        "zone": "us-east-1a"
      }
    },
    {
      "id": "50bbf61e-95f1-4df1-a361-b45eb15209a6",
      "type": "SECURITY",
      "severity": "HIGH",
      "title": "Unencrypted EBS Volume",
      "description": "EBS Volume \"vol-a5b94d06ecf3e7194\" is not encrypted. AWS recommends enabling encryption at rest to protect sensitive data from unauthorized access.",
      "resourceId": "vol-a5b94d06ecf3e7194",
      "resourceName": "vol-a5b94d06ecf3e7194",
      "ruleId": "ebs-unencrypted",
      "timestamp": "2026-04-16T19:19:17.526Z",
      "metadata": {
        "volumeId": "vol-a5b94d06ecf3e7194",
        "size": 500,
        "encrypted": false,
        "zone": "us-east-1a"
      }
    },
    {
      "id": "cbb8311a-1e39-4ed2-b618-511f8c949002",
      "type": "SECURITY",
      "severity": "HIGH",
      "title": "Unencrypted EBS Volume",
      "description": "EBS Volume \"vol-93ea7dd7c1d0bd9c4\" is not encrypted. AWS recommends enabling encryption at rest to protect sensitive data from unauthorized access.",
      "resourceId": "vol-93ea7dd7c1d0bd9c4",
      "resourceName": "vol-93ea7dd7c1d0bd9c4",
      "ruleId": "ebs-unencrypted",
      "timestamp": "2026-04-16T19:19:17.526Z",
      "metadata": {
        "volumeId": "vol-93ea7dd7c1d0bd9c4",
        "size": 500,
        "encrypted": false,
        "zone": "us-east-1a"
      }
    },
    {
      "id": "aa9d1a26-062d-4e1e-a79b-ccd4277c608e",
      "type": "SECURITY",
      "severity": "HIGH",
      "title": "Unencrypted EBS Volume",
      "description": "EBS Volume \"vol-6fcf6aea1704f65ed\" is not encrypted. AWS recommends enabling encryption at rest to protect sensitive data from unauthorized access.",
      "resourceId": "vol-6fcf6aea1704f65ed",
      "resourceName": "vol-6fcf6aea1704f65ed",
      "ruleId": "ebs-unencrypted",
      "timestamp": "2026-04-16T19:19:17.526Z",
      "metadata": {
        "volumeId": "vol-6fcf6aea1704f65ed",
        "size": 500,
        "encrypted": false,
        "zone": "us-east-1a"
      }
    },
    {
      "id": "d86d93c2-de0f-4c57-9637-8591ffc1cb09",
      "type": "SECURITY",
      "severity": "HIGH",
      "title": "Unencrypted EBS Volume",
      "description": "EBS Volume \"vol-aa8deee8f83b80e86\" is not encrypted. AWS recommends enabling encryption at rest to protect sensitive data from unauthorized access.",
      "resourceId": "vol-aa8deee8f83b80e86",
      "resourceName": "vol-aa8deee8f83b80e86",
      "ruleId": "ebs-unencrypted",
      "timestamp": "2026-04-16T19:19:17.526Z",
      "metadata": {
        "volumeId": "vol-aa8deee8f83b80e86",
        "size": 500,
        "encrypted": false,
        "zone": "us-east-1a"
      }
    },
    {
      "id": "e5d3919c-2f81-4fab-9a1f-1dff6a5658e8",
      "type": "SECURITY",
      "severity": "HIGH",
      "title": "Unencrypted EBS Volume",
      "description": "EBS Volume \"vol-19d52a99eca839785\" is not encrypted. AWS recommends enabling encryption at rest to protect sensitive data from unauthorized access.",
      "resourceId": "vol-19d52a99eca839785",
      "resourceName": "vol-19d52a99eca839785",
      "ruleId": "ebs-unencrypted",
      "timestamp": "2026-04-16T19:19:17.526Z",
      "metadata": {
        "volumeId": "vol-19d52a99eca839785",
        "size": 500,
        "encrypted": false,
        "zone": "us-east-1a"
      }
    },
    {
      "id": "417d98e7-599d-4d55-aadf-07dd2b55c8ff",
      "type": "SECURITY",
      "severity": "HIGH",
      "title": "Unencrypted EBS Volume",
      "description": "EBS Volume \"vol-53c5be61b22a31512\" is not encrypted. AWS recommends enabling encryption at rest to protect sensitive data from unauthorized access.",
      "resourceId": "vol-53c5be61b22a31512",
      "resourceName": "vol-53c5be61b22a31512",
      "ruleId": "ebs-unencrypted",
      "timestamp": "2026-04-16T19:19:17.526Z",
      "metadata": {
        "volumeId": "vol-53c5be61b22a31512",
        "size": 500,
        "encrypted": false,
        "zone": "us-east-1a"
      }
    },
    {
      "id": "0807c982-8a21-4a07-bc2e-0a8158921623",
      "type": "SECURITY",
      "severity": "HIGH",
      "title": "Unencrypted EBS Volume",
      "description": "EBS Volume \"vol-1e10549e4c3cbbdab\" is not encrypted. AWS recommends enabling encryption at rest to protect sensitive data from unauthorized access.",
      "resourceId": "vol-1e10549e4c3cbbdab",
      "resourceName": "vol-1e10549e4c3cbbdab",
      "ruleId": "ebs-unencrypted",
      "timestamp": "2026-04-16T19:19:17.526Z",
      "metadata": {
        "volumeId": "vol-1e10549e4c3cbbdab",
        "size": 500,
        "encrypted": false,
        "zone": "us-east-1a"
      }
    },
    {
      "id": "ab13dcc4-a0a5-495e-87d0-18b8d609458c",
      "type": "SECURITY",
      "severity": "HIGH",
      "title": "Unencrypted EBS Volume",
      "description": "EBS Volume \"vol-8f39e7dba70c810bb\" is not encrypted. AWS recommends enabling encryption at rest to protect sensitive data from unauthorized access.",
      "resourceId": "vol-8f39e7dba70c810bb",
      "resourceName": "vol-8f39e7dba70c810bb",
      "ruleId": "ebs-unencrypted",
      "timestamp": "2026-04-16T19:19:17.526Z",
      "metadata": {
        "volumeId": "vol-8f39e7dba70c810bb",
        "size": 500,
        "encrypted": false,
        "zone": "us-east-1a"
      }
    },
    {
      "id": "4e4b925b-d309-4043-a24e-07382806af7a",
      "type": "SECURITY",
      "severity": "HIGH",
      "title": "Unencrypted EBS Volume",
      "description": "EBS Volume \"vol-dceb972d681fb8334\" is not encrypted. AWS recommends enabling encryption at rest to protect sensitive data from unauthorized access.",
      "resourceId": "vol-dceb972d681fb8334",
      "resourceName": "vol-dceb972d681fb8334",
      "ruleId": "ebs-unencrypted",
      "timestamp": "2026-04-16T19:19:17.526Z",
      "metadata": {
        "volumeId": "vol-dceb972d681fb8334",
        "size": 500,
        "encrypted": false,
        "zone": "us-east-1a"
      }
    },
    {
      "id": "99b7989b-d7ad-4bb5-b738-43b3ec6038d2",
      "type": "SECURITY",
      "severity": "HIGH",
      "title": "Unencrypted EBS Volume",
      "description": "EBS Volume \"vol-0d863e1d22e7ccfd7\" is not encrypted. AWS recommends enabling encryption at rest to protect sensitive data from unauthorized access.",
      "resourceId": "vol-0d863e1d22e7ccfd7",
      "resourceName": "vol-0d863e1d22e7ccfd7",
      "ruleId": "ebs-unencrypted",
      "timestamp": "2026-04-16T19:19:17.526Z",
      "metadata": {
        "volumeId": "vol-0d863e1d22e7ccfd7",
        "size": 500,
        "encrypted": false,
        "zone": "us-east-1a"
      }
    },
    {
      "id": "0348e745-f104-4c10-abf6-8505cb24842b",
      "type": "SECURITY",
      "severity": "HIGH",
      "title": "Unencrypted EBS Volume",
      "description": "EBS Volume \"vol-4bceb26097cdf3202\" is not encrypted. AWS recommends enabling encryption at rest to protect sensitive data from unauthorized access.",
      "resourceId": "vol-4bceb26097cdf3202",
      "resourceName": "vol-4bceb26097cdf3202",
      "ruleId": "ebs-unencrypted",
      "timestamp": "2026-04-16T19:19:17.526Z",
      "metadata": {
        "volumeId": "vol-4bceb26097cdf3202",
        "size": 500,
        "encrypted": false,
        "zone": "us-east-1a"
      }
    },
    {
      "id": "87287067-6c0d-44be-a221-4b2e80ea3afa",
      "type": "SECURITY",
      "severity": "HIGH",
      "title": "Unencrypted EBS Volume",
      "description": "EBS Volume \"vol-6b5ceb01f6f63896b\" is not encrypted. AWS recommends enabling encryption at rest to protect sensitive data from unauthorized access.",
      "resourceId": "vol-6b5ceb01f6f63896b",
      "resourceName": "vol-6b5ceb01f6f63896b",
      "ruleId": "ebs-unencrypted",
      "timestamp": "2026-04-16T19:19:17.526Z",
      "metadata": {
        "volumeId": "vol-6b5ceb01f6f63896b",
        "size": 500,
        "encrypted": false,
        "zone": "us-east-1a"
      }
    },
    {
      "id": "6baad387-67df-4d3f-a1b4-e11eb60d841d",
      "type": "SECURITY",
      "severity": "HIGH",
      "title": "Unencrypted EBS Volume",
      "description": "EBS Volume \"vol-593a778b48746f691\" is not encrypted. AWS recommends enabling encryption at rest to protect sensitive data from unauthorized access.",
      "resourceId": "vol-593a778b48746f691",
      "resourceName": "vol-593a778b48746f691",
      "ruleId": "ebs-unencrypted",
      "timestamp": "2026-04-16T19:19:17.526Z",
      "metadata": {
        "volumeId": "vol-593a778b48746f691",
        "size": 500,
        "encrypted": false,
        "zone": "us-east-1a"
      }
    },
    {
      "id": "0974f939-7ccb-41b9-af24-cb57cba15c0c",
      "type": "SECURITY",
      "severity": "HIGH",
      "title": "Unencrypted EBS Volume",
      "description": "EBS Volume \"vol-36bccabb34efc85ce\" is not encrypted. AWS recommends enabling encryption at rest to protect sensitive data from unauthorized access.",
      "resourceId": "vol-36bccabb34efc85ce",
      "resourceName": "vol-36bccabb34efc85ce",
      "ruleId": "ebs-unencrypted",
      "timestamp": "2026-04-16T19:19:17.526Z",
      "metadata": {
        "volumeId": "vol-36bccabb34efc85ce",
        "size": 500,
        "encrypted": false,
        "zone": "us-east-1a"
      }
    },
    {
      "id": "34b69881-f7f9-4d7b-aeb8-739458731c21",
      "type": "SECURITY",
      "severity": "HIGH",
      "title": "Unencrypted EBS Volume",
      "description": "EBS Volume \"vol-e43e88698a894e32e\" is not encrypted. AWS recommends enabling encryption at rest to protect sensitive data from unauthorized access.",
      "resourceId": "vol-e43e88698a894e32e",
      "resourceName": "vol-e43e88698a894e32e",
      "ruleId": "ebs-unencrypted",
      "timestamp": "2026-04-16T19:19:17.526Z",
      "metadata": {
        "volumeId": "vol-e43e88698a894e32e",
        "size": 500,
        "encrypted": false,
        "zone": "us-east-1a"
      }
    },
    {
      "id": "1cc93fa3-9668-400e-94a5-bc03f0f1fefa",
      "type": "SECURITY",
      "severity": "HIGH",
      "title": "Unencrypted EBS Volume",
      "description": "EBS Volume \"vol-7fa621848516a8941\" is not encrypted. AWS recommends enabling encryption at rest to protect sensitive data from unauthorized access.",
      "resourceId": "vol-7fa621848516a8941",
      "resourceName": "vol-7fa621848516a8941",
      "ruleId": "ebs-unencrypted",
      "timestamp": "2026-04-16T19:19:17.526Z",
      "metadata": {
        "volumeId": "vol-7fa621848516a8941",
        "size": 500,
        "encrypted": false,
        "zone": "us-east-1a"
      }
    },
    {
      "id": "e8326539-d034-4b3e-ac09-c2f2ddde1d65",
      "type": "SECURITY",
      "severity": "HIGH",
      "title": "Unencrypted EBS Volume",
      "description": "EBS Volume \"vol-5c5acb7fdf87d2c9b\" is not encrypted. AWS recommends enabling encryption at rest to protect sensitive data from unauthorized access.",
      "resourceId": "vol-5c5acb7fdf87d2c9b",
      "resourceName": "vol-5c5acb7fdf87d2c9b",
      "ruleId": "ebs-unencrypted",
      "timestamp": "2026-04-16T19:19:17.526Z",
      "metadata": {
        "volumeId": "vol-5c5acb7fdf87d2c9b",
        "size": 500,
        "encrypted": false,
        "zone": "us-east-1a"
      }
    },
    {
      "id": "e826e783-2794-4e9c-8057-b564038e9075",
      "type": "SECURITY",
      "severity": "HIGH",
      "title": "Unencrypted EBS Volume",
      "description": "EBS Volume \"vol-49a426f17b8fa2c25\" is not encrypted. AWS recommends enabling encryption at rest to protect sensitive data from unauthorized access.",
      "resourceId": "vol-49a426f17b8fa2c25",
      "resourceName": "vol-49a426f17b8fa2c25",
      "ruleId": "ebs-unencrypted",
      "timestamp": "2026-04-16T19:19:17.526Z",
      "metadata": {
        "volumeId": "vol-49a426f17b8fa2c25",
        "size": 500,
        "encrypted": false,
        "zone": "us-east-1a"
      }
    },
    {
      "id": "f301b4e2-2e15-4ecc-afc9-00a0b09f9899",
      "type": "SECURITY",
      "severity": "HIGH",
      "title": "Unencrypted EBS Volume",
      "description": "EBS Volume \"vol-ed3da46996e012413\" is not encrypted. AWS recommends enabling encryption at rest to protect sensitive data from unauthorized access.",
      "resourceId": "vol-ed3da46996e012413",
      "resourceName": "vol-ed3da46996e012413",
      "ruleId": "ebs-unencrypted",
      "timestamp": "2026-04-16T19:19:17.526Z",
      "metadata": {
        "volumeId": "vol-ed3da46996e012413",
        "size": 500,
        "encrypted": false,
        "zone": "us-east-1a"
      }
    },
    {
      "id": "f7cddf80-301e-43d0-8c4a-e1fabfaabf92",
      "type": "SECURITY",
      "severity": "HIGH",
      "title": "Unencrypted EBS Volume",
      "description": "EBS Volume \"vol-207e3eaa48c317977\" is not encrypted. AWS recommends enabling encryption at rest to protect sensitive data from unauthorized access.",
      "resourceId": "vol-207e3eaa48c317977",
      "resourceName": "vol-207e3eaa48c317977",
      "ruleId": "ebs-unencrypted",
      "timestamp": "2026-04-16T19:19:17.526Z",
      "metadata": {
        "volumeId": "vol-207e3eaa48c317977",
        "size": 500,
        "encrypted": false,
        "zone": "us-east-1a"
      }
    },
    {
      "id": "92c01060-0971-40b4-871e-df281c45e12e",
      "type": "SECURITY",
      "severity": "HIGH",
      "title": "Unencrypted EBS Volume",
      "description": "EBS Volume \"vol-75bc9449784dbc84f\" is not encrypted. AWS recommends enabling encryption at rest to protect sensitive data from unauthorized access.",
      "resourceId": "vol-75bc9449784dbc84f",
      "resourceName": "vol-75bc9449784dbc84f",
      "ruleId": "ebs-unencrypted",
      "timestamp": "2026-04-16T19:19:17.526Z",
      "metadata": {
        "volumeId": "vol-75bc9449784dbc84f",
        "size": 15,
        "encrypted": false,
        "zone": "us-east-1a"
      }
    },
    {
      "id": "bf8d8ca1-177f-47f6-9f43-2a51d02b907b",
      "type": "SECURITY",
      "severity": "HIGH",
      "title": "Unencrypted EBS Volume",
      "description": "EBS Volume \"vol-614560b14ce5b1749\" is not encrypted. AWS recommends enabling encryption at rest to protect sensitive data from unauthorized access.",
      "resourceId": "vol-614560b14ce5b1749",
      "resourceName": "vol-614560b14ce5b1749",
      "ruleId": "ebs-unencrypted",
      "timestamp": "2026-04-16T19:19:17.526Z",
      "metadata": {
        "volumeId": "vol-614560b14ce5b1749",
        "size": 20,
        "encrypted": false,
        "zone": "us-east-1a"
      }
    },
    {
      "id": "29cceaf6-0c9c-4bbe-84b8-fbec7a6d3f53",
      "type": "SECURITY",
      "severity": "HIGH",
      "title": "Unencrypted EBS Volume",
      "description": "EBS Volume \"vol-4c2a40eb731616d7e\" is not encrypted. AWS recommends enabling encryption at rest to protect sensitive data from unauthorized access.",
      "resourceId": "vol-4c2a40eb731616d7e",
      "resourceName": "vol-4c2a40eb731616d7e",
      "ruleId": "ebs-unencrypted",
      "timestamp": "2026-04-16T19:19:17.526Z",
      "metadata": {
        "volumeId": "vol-4c2a40eb731616d7e",
        "size": 25,
        "encrypted": false,
        "zone": "us-east-1a"
      }
    },
    {
      "id": "6ac22107-46fe-415c-b3a9-f583803d6749",
      "type": "SECURITY",
      "severity": "HIGH",
      "title": "Unencrypted EBS Volume",
      "description": "EBS Volume \"vol-733659fef86234b60\" is not encrypted. AWS recommends enabling encryption at rest to protect sensitive data from unauthorized access.",
      "resourceId": "vol-733659fef86234b60",
      "resourceName": "vol-733659fef86234b60",
      "ruleId": "ebs-unencrypted",
      "timestamp": "2026-04-16T19:19:17.526Z",
      "metadata": {
        "volumeId": "vol-733659fef86234b60",
        "size": 8,
        "encrypted": false,
        "zone": "us-east-1a"
      }
    },
    {
      "id": "d95b0eb5-847e-4ee6-b5fa-ef9e71c531b6",
      "type": "SECURITY",
      "severity": "HIGH",
      "title": "Unencrypted EBS Volume",
      "description": "EBS Volume \"vol-b0c391bec4755fb96\" is not encrypted. AWS recommends enabling encryption at rest to protect sensitive data from unauthorized access.",
      "resourceId": "vol-b0c391bec4755fb96",
      "resourceName": "vol-b0c391bec4755fb96",
      "ruleId": "ebs-unencrypted",
      "timestamp": "2026-04-16T19:19:17.526Z",
      "metadata": {
        "volumeId": "vol-b0c391bec4755fb96",
        "size": 5,
        "encrypted": false,
        "zone": "us-east-1b"
      }
    },
    {
      "id": "60f3d692-d97c-466d-b322-0fd0c7edb9e5",
      "type": "SECURITY",
      "severity": "HIGH",
      "title": "Unencrypted EBS Volume",
      "description": "EBS Volume \"vol-c85ad4f9186c0d1b9\" is not encrypted. AWS recommends enabling encryption at rest to protect sensitive data from unauthorized access.",
      "resourceId": "vol-c85ad4f9186c0d1b9",
      "resourceName": "vol-c85ad4f9186c0d1b9",
      "ruleId": "ebs-unencrypted",
      "timestamp": "2026-04-16T19:19:17.526Z",
      "metadata": {
        "volumeId": "vol-c85ad4f9186c0d1b9",
        "size": 5,
        "encrypted": false,
        "zone": "us-east-1b"
      }
    },
    {
      "id": "bf87ca44-e5b2-4b8a-9ca6-55a61fecb555",
      "type": "FINOPS",
      "severity": "WARNING",
      "title": "Unused EBS Volume",
      "description": "EBS Volume \"vol-950da651803d5dc6e\" is unattached and not in use, wasting $320.00/month. Consider deleting or reattaching this volume.",
      "resourceId": "vol-950da651803d5dc6e",
      "resourceName": "vol-950da651803d5dc6e",
      "ruleId": "ebs-unattached",
      "timestamp": "2026-04-16T19:19:17.526Z",
      "metadata": {
        "volumeId": "vol-950da651803d5dc6e",
        "size": 4000,
        "state": "available",
        "monthlyCost": 320,
        "zone": "us-east-1a"
      }
    },
    {
      "id": "f0006d6f-b6bc-4612-8c24-c09b708ed314",
      "type": "FINOPS",
      "severity": "WARNING",
      "title": "Unused EBS Volume",
      "description": "EBS Volume \"vol-1017b9accb784af18\" is unattached and not in use, wasting $320.00/month. Consider deleting or reattaching this volume.",
      "resourceId": "vol-1017b9accb784af18",
      "resourceName": "vol-1017b9accb784af18",
      "ruleId": "ebs-unattached",
      "timestamp": "2026-04-16T19:19:17.526Z",
      "metadata": {
        "volumeId": "vol-1017b9accb784af18",
        "size": 4000,
        "state": "available",
        "monthlyCost": 320,
        "zone": "us-east-1a"
      }
    },
    {
      "id": "f71c4803-519d-443b-a32d-37534ea5b3bb",
      "type": "FINOPS",
      "severity": "WARNING",
      "title": "Unused EBS Volume",
      "description": "EBS Volume \"vol-8d69e1686215c8079\" is unattached and not in use, wasting $320.00/month. Consider deleting or reattaching this volume.",
      "resourceId": "vol-8d69e1686215c8079",
      "resourceName": "vol-8d69e1686215c8079",
      "ruleId": "ebs-unattached",
      "timestamp": "2026-04-16T19:19:17.526Z",
      "metadata": {
        "volumeId": "vol-8d69e1686215c8079",
        "size": 4000,
        "state": "available",
        "monthlyCost": 320,
        "zone": "us-east-1a"
      }
    },
    {
      "id": "4a31b00e-5036-4530-b6e2-3d8d50001e1b",
      "type": "FINOPS",
      "severity": "WARNING",
      "title": "Unused EBS Volume",
      "description": "EBS Volume \"vol-74333717a11bca8cc\" is unattached and not in use, wasting $320.00/month. Consider deleting or reattaching this volume.",
      "resourceId": "vol-74333717a11bca8cc",
      "resourceName": "vol-74333717a11bca8cc",
      "ruleId": "ebs-unattached",
      "timestamp": "2026-04-16T19:19:17.526Z",
      "metadata": {
        "volumeId": "vol-74333717a11bca8cc",
        "size": 4000,
        "state": "available",
        "monthlyCost": 320,
        "zone": "us-east-1a"
      }
    },
    {
      "id": "6cb26df3-d093-4d21-acde-37d4b344e213",
      "type": "FINOPS",
      "severity": "WARNING",
      "title": "Unused EBS Volume",
      "description": "EBS Volume \"vol-c13da5e759e33c8c0\" is unattached and not in use, wasting $320.00/month. Consider deleting or reattaching this volume.",
      "resourceId": "vol-c13da5e759e33c8c0",
      "resourceName": "vol-c13da5e759e33c8c0",
      "ruleId": "ebs-unattached",
      "timestamp": "2026-04-16T19:19:17.526Z",
      "metadata": {
        "volumeId": "vol-c13da5e759e33c8c0",
        "size": 4000,
        "state": "available",
        "monthlyCost": 320,
        "zone": "us-east-1a"
      }
    },
    {
      "id": "cc075d9c-cffa-4796-8167-347de716dd19",
      "type": "FINOPS",
      "severity": "WARNING",
      "title": "Unused EBS Volume",
      "description": "EBS Volume \"vol-23a8648c0e54fecff\" is unattached and not in use, wasting $320.00/month. Consider deleting or reattaching this volume.",
      "resourceId": "vol-23a8648c0e54fecff",
      "resourceName": "vol-23a8648c0e54fecff",
      "ruleId": "ebs-unattached",
      "timestamp": "2026-04-16T19:19:17.526Z",
      "metadata": {
        "volumeId": "vol-23a8648c0e54fecff",
        "size": 4000,
        "state": "available",
        "monthlyCost": 320,
        "zone": "us-east-1a"
      }
    },
    {
      "id": "15927f23-f340-49a4-9040-0f62c30d9dd1",
      "type": "FINOPS",
      "severity": "WARNING",
      "title": "Unused EBS Volume",
      "description": "EBS Volume \"vol-1e7811e65660a8f0c\" is unattached and not in use, wasting $320.00/month. Consider deleting or reattaching this volume.",
      "resourceId": "vol-1e7811e65660a8f0c",
      "resourceName": "vol-1e7811e65660a8f0c",
      "ruleId": "ebs-unattached",
      "timestamp": "2026-04-16T19:19:17.526Z",
      "metadata": {
        "volumeId": "vol-1e7811e65660a8f0c",
        "size": 4000,
        "state": "available",
        "monthlyCost": 320,
        "zone": "us-east-1a"
      }
    },
    {
      "id": "c9e9cd26-ed08-4649-8b54-baf7766ff4a7",
      "type": "FINOPS",
      "severity": "WARNING",
      "title": "Unused EBS Volume",
      "description": "EBS Volume \"vol-74d59696c010d9de2\" is unattached and not in use, wasting $320.00/month. Consider deleting or reattaching this volume.",
      "resourceId": "vol-74d59696c010d9de2",
      "resourceName": "vol-74d59696c010d9de2",
      "ruleId": "ebs-unattached",
      "timestamp": "2026-04-16T19:19:17.526Z",
      "metadata": {
        "volumeId": "vol-74d59696c010d9de2",
        "size": 4000,
        "state": "available",
        "monthlyCost": 320,
        "zone": "us-east-1a"
      }
    },
    {
      "id": "528f648e-7de8-41d4-a48c-e2fa1312ba0d",
      "type": "FINOPS",
      "severity": "WARNING",
      "title": "Unused EBS Volume",
      "description": "EBS Volume \"vol-324b67a4e99465a76\" is unattached and not in use, wasting $320.00/month. Consider deleting or reattaching this volume.",
      "resourceId": "vol-324b67a4e99465a76",
      "resourceName": "vol-324b67a4e99465a76",
      "ruleId": "ebs-unattached",
      "timestamp": "2026-04-16T19:19:17.526Z",
      "metadata": {
        "volumeId": "vol-324b67a4e99465a76",
        "size": 4000,
        "state": "available",
        "monthlyCost": 320,
        "zone": "us-east-1a"
      }
    },
    {
      "id": "530c32b4-e9b4-4730-84fe-666d03fbbe81",
      "type": "FINOPS",
      "severity": "WARNING",
      "title": "Unused EBS Volume",
      "description": "EBS Volume \"vol-2d7167f38ba3d8e08\" is unattached and not in use, wasting $320.00/month. Consider deleting or reattaching this volume.",
      "resourceId": "vol-2d7167f38ba3d8e08",
      "resourceName": "vol-2d7167f38ba3d8e08",
      "ruleId": "ebs-unattached",
      "timestamp": "2026-04-16T19:19:17.526Z",
      "metadata": {
        "volumeId": "vol-2d7167f38ba3d8e08",
        "size": 4000,
        "state": "available",
        "monthlyCost": 320,
        "zone": "us-east-1a"
      }
    },
    {
      "id": "e071466c-387e-400a-8d75-bc75adf8b8ed",
      "type": "FINOPS",
      "severity": "WARNING",
      "title": "Unused EBS Volume",
      "description": "EBS Volume \"vol-85874225498566abf\" is unattached and not in use, wasting $120.00/month. Consider deleting or reattaching this volume.",
      "resourceId": "vol-85874225498566abf",
      "resourceName": "vol-85874225498566abf",
      "ruleId": "ebs-unattached",
      "timestamp": "2026-04-16T19:19:17.526Z",
      "metadata": {
        "volumeId": "vol-85874225498566abf",
        "size": 1500,
        "state": "available",
        "monthlyCost": 120,
        "zone": "us-east-1b"
      }
    },
    {
      "id": "02c2a238-72f0-4c8a-8f60-7b547a92548b",
      "type": "FINOPS",
      "severity": "WARNING",
      "title": "Unused EBS Volume",
      "description": "EBS Volume \"vol-c039e04d93aeee31c\" is unattached and not in use, wasting $120.00/month. Consider deleting or reattaching this volume.",
      "resourceId": "vol-c039e04d93aeee31c",
      "resourceName": "vol-c039e04d93aeee31c",
      "ruleId": "ebs-unattached",
      "timestamp": "2026-04-16T19:19:17.526Z",
      "metadata": {
        "volumeId": "vol-c039e04d93aeee31c",
        "size": 1500,
        "state": "available",
        "monthlyCost": 120,
        "zone": "us-east-1b"
      }
    },
    {
      "id": "02502874-f25a-48ab-a043-fee92ffdf607",
      "type": "FINOPS",
      "severity": "WARNING",
      "title": "Unused EBS Volume",
      "description": "EBS Volume \"vol-91e5376900ec31111\" is unattached and not in use, wasting $120.00/month. Consider deleting or reattaching this volume.",
      "resourceId": "vol-91e5376900ec31111",
      "resourceName": "vol-91e5376900ec31111",
      "ruleId": "ebs-unattached",
      "timestamp": "2026-04-16T19:19:17.526Z",
      "metadata": {
        "volumeId": "vol-91e5376900ec31111",
        "size": 1500,
        "state": "available",
        "monthlyCost": 120,
        "zone": "us-east-1b"
      }
    },
    {
      "id": "719b3506-f494-45f6-bc45-fd1f89691da9",
      "type": "FINOPS",
      "severity": "WARNING",
      "title": "Unused EBS Volume",
      "description": "EBS Volume \"vol-1341eba750b4a0397\" is unattached and not in use, wasting $120.00/month. Consider deleting or reattaching this volume.",
      "resourceId": "vol-1341eba750b4a0397",
      "resourceName": "vol-1341eba750b4a0397",
      "ruleId": "ebs-unattached",
      "timestamp": "2026-04-16T19:19:17.526Z",
      "metadata": {
        "volumeId": "vol-1341eba750b4a0397",
        "size": 1500,
        "state": "available",
        "monthlyCost": 120,
        "zone": "us-east-1b"
      }
    },
    {
      "id": "a4ecf185-86f7-4470-b321-435b761d9f59",
      "type": "FINOPS",
      "severity": "WARNING",
      "title": "Unused EBS Volume",
      "description": "EBS Volume \"vol-5e8ccdc21c376a2a8\" is unattached and not in use, wasting $120.00/month. Consider deleting or reattaching this volume.",
      "resourceId": "vol-5e8ccdc21c376a2a8",
      "resourceName": "vol-5e8ccdc21c376a2a8",
      "ruleId": "ebs-unattached",
      "timestamp": "2026-04-16T19:19:17.526Z",
      "metadata": {
        "volumeId": "vol-5e8ccdc21c376a2a8",
        "size": 1500,
        "state": "available",
        "monthlyCost": 120,
        "zone": "us-east-1b"
      }
    },
    {
      "id": "2bf2ab77-93eb-4f8e-9278-d899dac5e496",
      "type": "FINOPS",
      "severity": "WARNING",
      "title": "Unused EBS Volume",
      "description": "EBS Volume \"vol-2cb31731b58f21ae8\" is unattached and not in use, wasting $120.00/month. Consider deleting or reattaching this volume.",
      "resourceId": "vol-2cb31731b58f21ae8",
      "resourceName": "vol-2cb31731b58f21ae8",
      "ruleId": "ebs-unattached",
      "timestamp": "2026-04-16T19:19:17.526Z",
      "metadata": {
        "volumeId": "vol-2cb31731b58f21ae8",
        "size": 1500,
        "state": "available",
        "monthlyCost": 120,
        "zone": "us-east-1b"
      }
    },
    {
      "id": "22f3a6a3-f808-40e4-8046-ed312f10ef33",
      "type": "FINOPS",
      "severity": "WARNING",
      "title": "Unused EBS Volume",
      "description": "EBS Volume \"vol-c1ea3122904ee26a3\" is unattached and not in use, wasting $120.00/month. Consider deleting or reattaching this volume.",
      "resourceId": "vol-c1ea3122904ee26a3",
      "resourceName": "vol-c1ea3122904ee26a3",
      "ruleId": "ebs-unattached",
      "timestamp": "2026-04-16T19:19:17.526Z",
      "metadata": {
        "volumeId": "vol-c1ea3122904ee26a3",
        "size": 1500,
        "state": "available",
        "monthlyCost": 120,
        "zone": "us-east-1b"
      }
    },
    {
      "id": "b0a675ee-3b89-4451-924a-3038aead3cd1",
      "type": "FINOPS",
      "severity": "WARNING",
      "title": "Unused EBS Volume",
      "description": "EBS Volume \"vol-27e896dfd6281d242\" is unattached and not in use, wasting $120.00/month. Consider deleting or reattaching this volume.",
      "resourceId": "vol-27e896dfd6281d242",
      "resourceName": "vol-27e896dfd6281d242",
      "ruleId": "ebs-unattached",
      "timestamp": "2026-04-16T19:19:17.526Z",
      "metadata": {
        "volumeId": "vol-27e896dfd6281d242",
        "size": 1500,
        "state": "available",
        "monthlyCost": 120,
        "zone": "us-east-1b"
      }
    },
    {
      "id": "6dd49bd9-40bc-4be9-9aef-f90b1669f578",
      "type": "FINOPS",
      "severity": "WARNING",
      "title": "Unused EBS Volume",
      "description": "EBS Volume \"vol-cc49acfd45b74ad93\" is unattached and not in use, wasting $120.00/month. Consider deleting or reattaching this volume.",
      "resourceId": "vol-cc49acfd45b74ad93",
      "resourceName": "vol-cc49acfd45b74ad93",
      "ruleId": "ebs-unattached",
      "timestamp": "2026-04-16T19:19:17.526Z",
      "metadata": {
        "volumeId": "vol-cc49acfd45b74ad93",
        "size": 1500,
        "state": "available",
        "monthlyCost": 120,
        "zone": "us-east-1b"
      }
    },
    {
      "id": "646afdfe-9772-46b7-8a03-a1f811a0099e",
      "type": "FINOPS",
      "severity": "WARNING",
      "title": "Unused EBS Volume",
      "description": "EBS Volume \"vol-4ee7cdad4de1dd0e0\" is unattached and not in use, wasting $120.00/month. Consider deleting or reattaching this volume.",
      "resourceId": "vol-4ee7cdad4de1dd0e0",
      "resourceName": "vol-4ee7cdad4de1dd0e0",
      "ruleId": "ebs-unattached",
      "timestamp": "2026-04-16T19:19:17.526Z",
      "metadata": {
        "volumeId": "vol-4ee7cdad4de1dd0e0",
        "size": 1500,
        "state": "available",
        "monthlyCost": 120,
        "zone": "us-east-1b"
      }
    },
    {
      "id": "cf6fcc82-2b23-4f44-a074-3cf6a4bd48c6",
      "type": "FINOPS",
      "severity": "WARNING",
      "title": "Unused EBS Volume",
      "description": "EBS Volume \"vol-248db038910dc7f71\" is unattached and not in use, wasting $120.00/month. Consider deleting or reattaching this volume.",
      "resourceId": "vol-248db038910dc7f71",
      "resourceName": "vol-248db038910dc7f71",
      "ruleId": "ebs-unattached",
      "timestamp": "2026-04-16T19:19:17.526Z",
      "metadata": {
        "volumeId": "vol-248db038910dc7f71",
        "size": 1500,
        "state": "available",
        "monthlyCost": 120,
        "zone": "us-east-1b"
      }
    },
    {
      "id": "879acf1f-6a2f-451e-a2ce-c9696d52f73c",
      "type": "FINOPS",
      "severity": "WARNING",
      "title": "Unused EBS Volume",
      "description": "EBS Volume \"vol-8955df6a53cd5d848\" is unattached and not in use, wasting $120.00/month. Consider deleting or reattaching this volume.",
      "resourceId": "vol-8955df6a53cd5d848",
      "resourceName": "vol-8955df6a53cd5d848",
      "ruleId": "ebs-unattached",
      "timestamp": "2026-04-16T19:19:17.526Z",
      "metadata": {
        "volumeId": "vol-8955df6a53cd5d848",
        "size": 1500,
        "state": "available",
        "monthlyCost": 120,
        "zone": "us-east-1b"
      }
    },
    {
      "id": "38c3aaa5-333e-4958-a9be-95126bcb5472",
      "type": "FINOPS",
      "severity": "WARNING",
      "title": "Unused EBS Volume",
      "description": "EBS Volume \"vol-476706ef5a8e4a9da\" is unattached and not in use, wasting $120.00/month. Consider deleting or reattaching this volume.",
      "resourceId": "vol-476706ef5a8e4a9da",
      "resourceName": "vol-476706ef5a8e4a9da",
      "ruleId": "ebs-unattached",
      "timestamp": "2026-04-16T19:19:17.526Z",
      "metadata": {
        "volumeId": "vol-476706ef5a8e4a9da",
        "size": 1500,
        "state": "available",
        "monthlyCost": 120,
        "zone": "us-east-1b"
      }
    },
    {
      "id": "f2fd8ee0-268e-4a2d-ba29-83c50346f7fa",
      "type": "FINOPS",
      "severity": "WARNING",
      "title": "Unused EBS Volume",
      "description": "EBS Volume \"vol-b8f25424c7ca55f6b\" is unattached and not in use, wasting $120.00/month. Consider deleting or reattaching this volume.",
      "resourceId": "vol-b8f25424c7ca55f6b",
      "resourceName": "vol-b8f25424c7ca55f6b",
      "ruleId": "ebs-unattached",
      "timestamp": "2026-04-16T19:19:17.526Z",
      "metadata": {
        "volumeId": "vol-b8f25424c7ca55f6b",
        "size": 1500,
        "state": "available",
        "monthlyCost": 120,
        "zone": "us-east-1b"
      }
    },
    {
      "id": "7758b63f-7995-4203-ad5b-e9f7fd18cb1f",
      "type": "FINOPS",
      "severity": "WARNING",
      "title": "Unused EBS Volume",
      "description": "EBS Volume \"vol-21e47ed9a13a0e3da\" is unattached and not in use, wasting $120.00/month. Consider deleting or reattaching this volume.",
      "resourceId": "vol-21e47ed9a13a0e3da",
      "resourceName": "vol-21e47ed9a13a0e3da",
      "ruleId": "ebs-unattached",
      "timestamp": "2026-04-16T19:19:17.526Z",
      "metadata": {
        "volumeId": "vol-21e47ed9a13a0e3da",
        "size": 1500,
        "state": "available",
        "monthlyCost": 120,
        "zone": "us-east-1b"
      }
    },
    {
      "id": "8586f2f0-5ae7-486c-87cf-de2847544133",
      "type": "FINOPS",
      "severity": "WARNING",
      "title": "Unused EBS Volume",
      "description": "EBS Volume \"vol-4eed909ac442e27b2\" is unattached and not in use, wasting $120.00/month. Consider deleting or reattaching this volume.",
      "resourceId": "vol-4eed909ac442e27b2",
      "resourceName": "vol-4eed909ac442e27b2",
      "ruleId": "ebs-unattached",
      "timestamp": "2026-04-16T19:19:17.526Z",
      "metadata": {
        "volumeId": "vol-4eed909ac442e27b2",
        "size": 1500,
        "state": "available",
        "monthlyCost": 120,
        "zone": "us-east-1b"
      }
    },
    {
      "id": "fdb98b08-e8f9-4991-8797-edebf8acaf90",
      "type": "FINOPS",
      "severity": "WARNING",
      "title": "Unused EBS Volume",
      "description": "EBS Volume \"vol-60c4f2ebf467b4703\" is unattached and not in use, wasting $120.00/month. Consider deleting or reattaching this volume.",
      "resourceId": "vol-60c4f2ebf467b4703",
      "resourceName": "vol-60c4f2ebf467b4703",
      "ruleId": "ebs-unattached",
      "timestamp": "2026-04-16T19:19:17.526Z",
      "metadata": {
        "volumeId": "vol-60c4f2ebf467b4703",
        "size": 1500,
        "state": "available",
        "monthlyCost": 120,
        "zone": "us-east-1b"
      }
    },
    {
      "id": "72f17127-1df6-40c4-9ce4-57d45fd6d86e",
      "type": "FINOPS",
      "severity": "WARNING",
      "title": "Unused EBS Volume",
      "description": "EBS Volume \"vol-e0d34007c933318f7\" is unattached and not in use, wasting $120.00/month. Consider deleting or reattaching this volume.",
      "resourceId": "vol-e0d34007c933318f7",
      "resourceName": "vol-e0d34007c933318f7",
      "ruleId": "ebs-unattached",
      "timestamp": "2026-04-16T19:19:17.526Z",
      "metadata": {
        "volumeId": "vol-e0d34007c933318f7",
        "size": 1500,
        "state": "available",
        "monthlyCost": 120,
        "zone": "us-east-1b"
      }
    },
    {
      "id": "074f5128-cf5a-48c9-bb67-a336559e30b2",
      "type": "FINOPS",
      "severity": "WARNING",
      "title": "Unused EBS Volume",
      "description": "EBS Volume \"vol-58d89aa4d070520cb\" is unattached and not in use, wasting $120.00/month. Consider deleting or reattaching this volume.",
      "resourceId": "vol-58d89aa4d070520cb",
      "resourceName": "vol-58d89aa4d070520cb",
      "ruleId": "ebs-unattached",
      "timestamp": "2026-04-16T19:19:17.526Z",
      "metadata": {
        "volumeId": "vol-58d89aa4d070520cb",
        "size": 1500,
        "state": "available",
        "monthlyCost": 120,
        "zone": "us-east-1b"
      }
    },
    {
      "id": "1f1e83dc-209a-4830-a341-b23b54a7ff91",
      "type": "FINOPS",
      "severity": "WARNING",
      "title": "Unused EBS Volume",
      "description": "EBS Volume \"vol-1bcff6d0bb169b60e\" is unattached and not in use, wasting $120.00/month. Consider deleting or reattaching this volume.",
      "resourceId": "vol-1bcff6d0bb169b60e",
      "resourceName": "vol-1bcff6d0bb169b60e",
      "ruleId": "ebs-unattached",
      "timestamp": "2026-04-16T19:19:17.526Z",
      "metadata": {
        "volumeId": "vol-1bcff6d0bb169b60e",
        "size": 1500,
        "state": "available",
        "monthlyCost": 120,
        "zone": "us-east-1b"
      }
    },
    {
      "id": "45f19a7b-5625-48ef-96ca-d685c3599e88",
      "type": "FINOPS",
      "severity": "WARNING",
      "title": "Unused EBS Volume",
      "description": "EBS Volume \"vol-bfc24adf3e7376a56\" is unattached and not in use, wasting $4.00/month. Consider deleting or reattaching this volume.",
      "resourceId": "vol-bfc24adf3e7376a56",
      "resourceName": "vol-bfc24adf3e7376a56",
      "ruleId": "ebs-unattached",
      "timestamp": "2026-04-16T19:19:17.526Z",
      "metadata": {
        "volumeId": "vol-bfc24adf3e7376a56",
        "size": 50,
        "state": "available",
        "monthlyCost": 4,
        "zone": "us-east-1c"
      }
    },
    {
      "id": "62932253-ee7c-4aa5-9326-4c3a9a8793b1",
      "type": "FINOPS",
      "severity": "WARNING",
      "title": "Unused EBS Volume",
      "description": "EBS Volume \"vol-bfe4f140b60e22c30\" is unattached and not in use, wasting $4.00/month. Consider deleting or reattaching this volume.",
      "resourceId": "vol-bfe4f140b60e22c30",
      "resourceName": "vol-bfe4f140b60e22c30",
      "ruleId": "ebs-unattached",
      "timestamp": "2026-04-16T19:19:17.526Z",
      "metadata": {
        "volumeId": "vol-bfe4f140b60e22c30",
        "size": 50,
        "state": "available",
        "monthlyCost": 4,
        "zone": "us-east-1c"
      }
    },
    {
      "id": "479db5cf-50c5-4f82-adce-871adff57ef3",
      "type": "FINOPS",
      "severity": "WARNING",
      "title": "Unused EBS Volume",
      "description": "EBS Volume \"vol-8bf50f644ccc0099d\" is unattached and not in use, wasting $4.00/month. Consider deleting or reattaching this volume.",
      "resourceId": "vol-8bf50f644ccc0099d",
      "resourceName": "vol-8bf50f644ccc0099d",
      "ruleId": "ebs-unattached",
      "timestamp": "2026-04-16T19:19:17.526Z",
      "metadata": {
        "volumeId": "vol-8bf50f644ccc0099d",
        "size": 50,
        "state": "available",
        "monthlyCost": 4,
        "zone": "us-east-1c"
      }
    },
    {
      "id": "b6f1cb0f-97bf-4228-a0c7-be230ea32e45",
      "type": "FINOPS",
      "severity": "WARNING",
      "title": "Unused EBS Volume",
      "description": "EBS Volume \"vol-d30a4b830a4a2fb43\" is unattached and not in use, wasting $4.00/month. Consider deleting or reattaching this volume.",
      "resourceId": "vol-d30a4b830a4a2fb43",
      "resourceName": "vol-d30a4b830a4a2fb43",
      "ruleId": "ebs-unattached",
      "timestamp": "2026-04-16T19:19:17.526Z",
      "metadata": {
        "volumeId": "vol-d30a4b830a4a2fb43",
        "size": 50,
        "state": "available",
        "monthlyCost": 4,
        "zone": "us-east-1c"
      }
    },
    {
      "id": "303c8ccc-d5a5-4276-9704-d7e32fa2ba15",
      "type": "FINOPS",
      "severity": "WARNING",
      "title": "Unused EBS Volume",
      "description": "EBS Volume \"vol-79dfe5568d6cf8745\" is unattached and not in use, wasting $4.00/month. Consider deleting or reattaching this volume.",
      "resourceId": "vol-79dfe5568d6cf8745",
      "resourceName": "vol-79dfe5568d6cf8745",
      "ruleId": "ebs-unattached",
      "timestamp": "2026-04-16T19:19:17.526Z",
      "metadata": {
        "volumeId": "vol-79dfe5568d6cf8745",
        "size": 50,
        "state": "available",
        "monthlyCost": 4,
        "zone": "us-east-1c"
      }
    },
    {
      "id": "603ac8e4-5739-4ad0-9e9c-528d1dd5dbcc",
      "type": "FINOPS",
      "severity": "WARNING",
      "title": "Unused EBS Volume",
      "description": "EBS Volume \"vol-86f23c472de4f94e5\" is unattached and not in use, wasting $4.00/month. Consider deleting or reattaching this volume.",
      "resourceId": "vol-86f23c472de4f94e5",
      "resourceName": "vol-86f23c472de4f94e5",
      "ruleId": "ebs-unattached",
      "timestamp": "2026-04-16T19:19:17.526Z",
      "metadata": {
        "volumeId": "vol-86f23c472de4f94e5",
        "size": 50,
        "state": "available",
        "monthlyCost": 4,
        "zone": "us-east-1c"
      }
    },
    {
      "id": "11708bf6-77b5-4605-9228-11eb17ce1f21",
      "type": "FINOPS",
      "severity": "WARNING",
      "title": "Unused EBS Volume",
      "description": "EBS Volume \"vol-6c1d6b80a6854dc9e\" is unattached and not in use, wasting $4.00/month. Consider deleting or reattaching this volume.",
      "resourceId": "vol-6c1d6b80a6854dc9e",
      "resourceName": "vol-6c1d6b80a6854dc9e",
      "ruleId": "ebs-unattached",
      "timestamp": "2026-04-16T19:19:17.526Z",
      "metadata": {
        "volumeId": "vol-6c1d6b80a6854dc9e",
        "size": 50,
        "state": "available",
        "monthlyCost": 4,
        "zone": "us-east-1c"
      }
    },
    {
      "id": "02f060e2-6ddc-418b-ab34-8ca9a8966601",
      "type": "FINOPS",
      "severity": "WARNING",
      "title": "Unused EBS Volume",
      "description": "EBS Volume \"vol-f0a1e19dbf7df4f39\" is unattached and not in use, wasting $4.00/month. Consider deleting or reattaching this volume.",
      "resourceId": "vol-f0a1e19dbf7df4f39",
      "resourceName": "vol-f0a1e19dbf7df4f39",
      "ruleId": "ebs-unattached",
      "timestamp": "2026-04-16T19:19:17.526Z",
      "metadata": {
        "volumeId": "vol-f0a1e19dbf7df4f39",
        "size": 50,
        "state": "available",
        "monthlyCost": 4,
        "zone": "us-east-1c"
      }
    },
    {
      "id": "d10bd514-a866-4d9c-a02e-61a4c12b1514",
      "type": "FINOPS",
      "severity": "WARNING",
      "title": "Unused EBS Volume",
      "description": "EBS Volume \"vol-3ea6fe492c3ef302e\" is unattached and not in use, wasting $4.00/month. Consider deleting or reattaching this volume.",
      "resourceId": "vol-3ea6fe492c3ef302e",
      "resourceName": "vol-3ea6fe492c3ef302e",
      "ruleId": "ebs-unattached",
      "timestamp": "2026-04-16T19:19:17.526Z",
      "metadata": {
        "volumeId": "vol-3ea6fe492c3ef302e",
        "size": 50,
        "state": "available",
        "monthlyCost": 4,
        "zone": "us-east-1c"
      }
    },
    {
      "id": "93756843-b31c-4234-bb6e-3de668fc148c",
      "type": "FINOPS",
      "severity": "WARNING",
      "title": "Unused EBS Volume",
      "description": "EBS Volume \"vol-3f1ce2e2bf4818ca6\" is unattached and not in use, wasting $4.00/month. Consider deleting or reattaching this volume.",
      "resourceId": "vol-3f1ce2e2bf4818ca6",
      "resourceName": "vol-3f1ce2e2bf4818ca6",
      "ruleId": "ebs-unattached",
      "timestamp": "2026-04-16T19:19:17.526Z",
      "metadata": {
        "volumeId": "vol-3f1ce2e2bf4818ca6",
        "size": 50,
        "state": "available",
        "monthlyCost": 4,
        "zone": "us-east-1c"
      }
    },
    {
      "id": "b61d47ba-e469-44b2-9424-c5ab2657c6b4",
      "type": "FINOPS",
      "severity": "WARNING",
      "title": "Unused EBS Volume",
      "description": "EBS Volume \"vol-012b26c2d23240b55\" is unattached and not in use, wasting $4.00/month. Consider deleting or reattaching this volume.",
      "resourceId": "vol-012b26c2d23240b55",
      "resourceName": "vol-012b26c2d23240b55",
      "ruleId": "ebs-unattached",
      "timestamp": "2026-04-16T19:19:17.526Z",
      "metadata": {
        "volumeId": "vol-012b26c2d23240b55",
        "size": 50,
        "state": "available",
        "monthlyCost": 4,
        "zone": "us-east-1c"
      }
    },
    {
      "id": "90da430c-6925-4bf7-9fe9-b8593d383c26",
      "type": "FINOPS",
      "severity": "WARNING",
      "title": "Unused EBS Volume",
      "description": "EBS Volume \"vol-60dfb877eea94c16a\" is unattached and not in use, wasting $4.00/month. Consider deleting or reattaching this volume.",
      "resourceId": "vol-60dfb877eea94c16a",
      "resourceName": "vol-60dfb877eea94c16a",
      "ruleId": "ebs-unattached",
      "timestamp": "2026-04-16T19:19:17.526Z",
      "metadata": {
        "volumeId": "vol-60dfb877eea94c16a",
        "size": 50,
        "state": "available",
        "monthlyCost": 4,
        "zone": "us-east-1c"
      }
    },
    {
      "id": "2317b57f-c1d7-48cc-b82f-423d9431a16e",
      "type": "FINOPS",
      "severity": "WARNING",
      "title": "Unused EBS Volume",
      "description": "EBS Volume \"vol-7973645d299ce0460\" is unattached and not in use, wasting $4.00/month. Consider deleting or reattaching this volume.",
      "resourceId": "vol-7973645d299ce0460",
      "resourceName": "vol-7973645d299ce0460",
      "ruleId": "ebs-unattached",
      "timestamp": "2026-04-16T19:19:17.526Z",
      "metadata": {
        "volumeId": "vol-7973645d299ce0460",
        "size": 50,
        "state": "available",
        "monthlyCost": 4,
        "zone": "us-east-1c"
      }
    },
    {
      "id": "10d575f6-30a2-44c7-95db-44714d56b861",
      "type": "FINOPS",
      "severity": "WARNING",
      "title": "Unused EBS Volume",
      "description": "EBS Volume \"vol-4bc6b9cd2d96519f6\" is unattached and not in use, wasting $4.00/month. Consider deleting or reattaching this volume.",
      "resourceId": "vol-4bc6b9cd2d96519f6",
      "resourceName": "vol-4bc6b9cd2d96519f6",
      "ruleId": "ebs-unattached",
      "timestamp": "2026-04-16T19:19:17.526Z",
      "metadata": {
        "volumeId": "vol-4bc6b9cd2d96519f6",
        "size": 50,
        "state": "available",
        "monthlyCost": 4,
        "zone": "us-east-1c"
      }
    },
    {
      "id": "fe67508c-b2ee-4238-bb8b-a21850fb72fc",
      "type": "FINOPS",
      "severity": "WARNING",
      "title": "Unused EBS Volume",
      "description": "EBS Volume \"vol-bb2c1059529b9659d\" is unattached and not in use, wasting $4.00/month. Consider deleting or reattaching this volume.",
      "resourceId": "vol-bb2c1059529b9659d",
      "resourceName": "vol-bb2c1059529b9659d",
      "ruleId": "ebs-unattached",
      "timestamp": "2026-04-16T19:19:17.526Z",
      "metadata": {
        "volumeId": "vol-bb2c1059529b9659d",
        "size": 50,
        "state": "available",
        "monthlyCost": 4,
        "zone": "us-east-1c"
      }
    },
    {
      "id": "ff965757-3121-48bc-b596-9f377ce1012f",
      "type": "FINOPS",
      "severity": "WARNING",
      "title": "Unused EBS Volume",
      "description": "EBS Volume \"vol-8586c18b503c9dc0a\" is unattached and not in use, wasting $4.00/month. Consider deleting or reattaching this volume.",
      "resourceId": "vol-8586c18b503c9dc0a",
      "resourceName": "vol-8586c18b503c9dc0a",
      "ruleId": "ebs-unattached",
      "timestamp": "2026-04-16T19:19:17.526Z",
      "metadata": {
        "volumeId": "vol-8586c18b503c9dc0a",
        "size": 50,
        "state": "available",
        "monthlyCost": 4,
        "zone": "us-east-1c"
      }
    },
    {
      "id": "dc46ed49-b7b2-4aec-a08e-4c69985e1cca",
      "type": "FINOPS",
      "severity": "WARNING",
      "title": "Unused EBS Volume",
      "description": "EBS Volume \"vol-bb8fc7d54167b8513\" is unattached and not in use, wasting $4.00/month. Consider deleting or reattaching this volume.",
      "resourceId": "vol-bb8fc7d54167b8513",
      "resourceName": "vol-bb8fc7d54167b8513",
      "ruleId": "ebs-unattached",
      "timestamp": "2026-04-16T19:19:17.526Z",
      "metadata": {
        "volumeId": "vol-bb8fc7d54167b8513",
        "size": 50,
        "state": "available",
        "monthlyCost": 4,
        "zone": "us-east-1c"
      }
    },
    {
      "id": "fe98a8a9-5a57-45f9-904b-b586d8927639",
      "type": "FINOPS",
      "severity": "WARNING",
      "title": "Unused EBS Volume",
      "description": "EBS Volume \"vol-e4d82dfc37cc98f25\" is unattached and not in use, wasting $4.00/month. Consider deleting or reattaching this volume.",
      "resourceId": "vol-e4d82dfc37cc98f25",
      "resourceName": "vol-e4d82dfc37cc98f25",
      "ruleId": "ebs-unattached",
      "timestamp": "2026-04-16T19:19:17.526Z",
      "metadata": {
        "volumeId": "vol-e4d82dfc37cc98f25",
        "size": 50,
        "state": "available",
        "monthlyCost": 4,
        "zone": "us-east-1c"
      }
    },
    {
      "id": "5988cff6-c22c-4d44-81dc-95c622e5b3cb",
      "type": "FINOPS",
      "severity": "WARNING",
      "title": "Unused EBS Volume",
      "description": "EBS Volume \"vol-7da36e6e18ee21123\" is unattached and not in use, wasting $4.00/month. Consider deleting or reattaching this volume.",
      "resourceId": "vol-7da36e6e18ee21123",
      "resourceName": "vol-7da36e6e18ee21123",
      "ruleId": "ebs-unattached",
      "timestamp": "2026-04-16T19:19:17.526Z",
      "metadata": {
        "volumeId": "vol-7da36e6e18ee21123",
        "size": 50,
        "state": "available",
        "monthlyCost": 4,
        "zone": "us-east-1c"
      }
    },
    {
      "id": "a05e98ac-3901-48ba-8f86-351410886ae3",
      "type": "FINOPS",
      "severity": "WARNING",
      "title": "Unused EBS Volume",
      "description": "EBS Volume \"vol-267827e4b4db825ce\" is unattached and not in use, wasting $4.00/month. Consider deleting or reattaching this volume.",
      "resourceId": "vol-267827e4b4db825ce",
      "resourceName": "vol-267827e4b4db825ce",
      "ruleId": "ebs-unattached",
      "timestamp": "2026-04-16T19:19:17.526Z",
      "metadata": {
        "volumeId": "vol-267827e4b4db825ce",
        "size": 50,
        "state": "available",
        "monthlyCost": 4,
        "zone": "us-east-1c"
      }
    },
    {
      "id": "c3cf021b-ee52-4e2a-a444-fd8e6a79378a",
      "type": "FINOPS",
      "severity": "WARNING",
      "title": "Unused EBS Volume",
      "description": "EBS Volume \"vol-b41619ff4e3679a0a\" is unattached and not in use, wasting $4.00/month. Consider deleting or reattaching this volume.",
      "resourceId": "vol-b41619ff4e3679a0a",
      "resourceName": "vol-b41619ff4e3679a0a",
      "ruleId": "ebs-unattached",
      "timestamp": "2026-04-16T19:19:17.526Z",
      "metadata": {
        "volumeId": "vol-b41619ff4e3679a0a",
        "size": 50,
        "state": "available",
        "monthlyCost": 4,
        "zone": "us-east-1c"
      }
    },
    {
      "id": "e6271534-7fa8-4192-8311-238521754687",
      "type": "FINOPS",
      "severity": "WARNING",
      "title": "Unused EBS Volume",
      "description": "EBS Volume \"vol-e0144ce9145f0bbc0\" is unattached and not in use, wasting $4.00/month. Consider deleting or reattaching this volume.",
      "resourceId": "vol-e0144ce9145f0bbc0",
      "resourceName": "vol-e0144ce9145f0bbc0",
      "ruleId": "ebs-unattached",
      "timestamp": "2026-04-16T19:19:17.526Z",
      "metadata": {
        "volumeId": "vol-e0144ce9145f0bbc0",
        "size": 50,
        "state": "available",
        "monthlyCost": 4,
        "zone": "us-east-1c"
      }
    },
    {
      "id": "b9f7332d-4b9d-4132-ace4-1f34533a328d",
      "type": "FINOPS",
      "severity": "WARNING",
      "title": "Unused EBS Volume",
      "description": "EBS Volume \"vol-1cc1ca801a039f62f\" is unattached and not in use, wasting $4.00/month. Consider deleting or reattaching this volume.",
      "resourceId": "vol-1cc1ca801a039f62f",
      "resourceName": "vol-1cc1ca801a039f62f",
      "ruleId": "ebs-unattached",
      "timestamp": "2026-04-16T19:19:17.526Z",
      "metadata": {
        "volumeId": "vol-1cc1ca801a039f62f",
        "size": 50,
        "state": "available",
        "monthlyCost": 4,
        "zone": "us-east-1c"
      }
    },
    {
      "id": "5a62c6e1-fa8c-449e-bfff-96c42d8288c1",
      "type": "FINOPS",
      "severity": "WARNING",
      "title": "Unused EBS Volume",
      "description": "EBS Volume \"vol-9bb720f9ec88b2438\" is unattached and not in use, wasting $4.00/month. Consider deleting or reattaching this volume.",
      "resourceId": "vol-9bb720f9ec88b2438",
      "resourceName": "vol-9bb720f9ec88b2438",
      "ruleId": "ebs-unattached",
      "timestamp": "2026-04-16T19:19:17.526Z",
      "metadata": {
        "volumeId": "vol-9bb720f9ec88b2438",
        "size": 50,
        "state": "available",
        "monthlyCost": 4,
        "zone": "us-east-1c"
      }
    },
    {
      "id": "41777c8a-f5dd-4e72-aad3-0f3e7b01179a",
      "type": "FINOPS",
      "severity": "WARNING",
      "title": "Unused EBS Volume",
      "description": "EBS Volume \"vol-9f8a90c0c23776024\" is unattached and not in use, wasting $4.00/month. Consider deleting or reattaching this volume.",
      "resourceId": "vol-9f8a90c0c23776024",
      "resourceName": "vol-9f8a90c0c23776024",
      "ruleId": "ebs-unattached",
      "timestamp": "2026-04-16T19:19:17.526Z",
      "metadata": {
        "volumeId": "vol-9f8a90c0c23776024",
        "size": 50,
        "state": "available",
        "monthlyCost": 4,
        "zone": "us-east-1c"
      }
    },
    {
      "id": "edeea3c1-c1fa-4e19-8714-db1b7ee39612",
      "type": "FINOPS",
      "severity": "WARNING",
      "title": "Unused EBS Volume",
      "description": "EBS Volume \"vol-43c6eae2dbc069bea\" is unattached and not in use, wasting $4.00/month. Consider deleting or reattaching this volume.",
      "resourceId": "vol-43c6eae2dbc069bea",
      "resourceName": "vol-43c6eae2dbc069bea",
      "ruleId": "ebs-unattached",
      "timestamp": "2026-04-16T19:19:17.526Z",
      "metadata": {
        "volumeId": "vol-43c6eae2dbc069bea",
        "size": 50,
        "state": "available",
        "monthlyCost": 4,
        "zone": "us-east-1c"
      }
    },
    {
      "id": "dae5c277-5e6b-420a-8dcc-4aee341cc4b9",
      "type": "FINOPS",
      "severity": "WARNING",
      "title": "Unused EBS Volume",
      "description": "EBS Volume \"vol-786462d9b2432c72c\" is unattached and not in use, wasting $4.00/month. Consider deleting or reattaching this volume.",
      "resourceId": "vol-786462d9b2432c72c",
      "resourceName": "vol-786462d9b2432c72c",
      "ruleId": "ebs-unattached",
      "timestamp": "2026-04-16T19:19:17.526Z",
      "metadata": {
        "volumeId": "vol-786462d9b2432c72c",
        "size": 50,
        "state": "available",
        "monthlyCost": 4,
        "zone": "us-east-1c"
      }
    },
    {
      "id": "757df1e1-5bd6-4bcb-b63d-b41e7f72d2d1",
      "type": "FINOPS",
      "severity": "WARNING",
      "title": "Unused EBS Volume",
      "description": "EBS Volume \"vol-a84364817fc41c303\" is unattached and not in use, wasting $4.00/month. Consider deleting or reattaching this volume.",
      "resourceId": "vol-a84364817fc41c303",
      "resourceName": "vol-a84364817fc41c303",
      "ruleId": "ebs-unattached",
      "timestamp": "2026-04-16T19:19:17.526Z",
      "metadata": {
        "volumeId": "vol-a84364817fc41c303",
        "size": 50,
        "state": "available",
        "monthlyCost": 4,
        "zone": "us-east-1c"
      }
    },
    {
      "id": "1339e626-a542-40e4-aae0-af4a1e24d780",
      "type": "FINOPS",
      "severity": "WARNING",
      "title": "Unused EBS Volume",
      "description": "EBS Volume \"vol-6f00fdd1ba2c4647c\" is unattached and not in use, wasting $4.00/month. Consider deleting or reattaching this volume.",
      "resourceId": "vol-6f00fdd1ba2c4647c",
      "resourceName": "vol-6f00fdd1ba2c4647c",
      "ruleId": "ebs-unattached",
      "timestamp": "2026-04-16T19:19:17.526Z",
      "metadata": {
        "volumeId": "vol-6f00fdd1ba2c4647c",
        "size": 50,
        "state": "available",
        "monthlyCost": 4,
        "zone": "us-east-1c"
      }
    },
    {
      "id": "ae81b458-3e7b-4256-a2a5-ab5c767c45d3",
      "type": "FINOPS",
      "severity": "WARNING",
      "title": "Unused EBS Volume",
      "description": "EBS Volume \"vol-0413bc484c45b3d42\" is unattached and not in use, wasting $4.00/month. Consider deleting or reattaching this volume.",
      "resourceId": "vol-0413bc484c45b3d42",
      "resourceName": "vol-0413bc484c45b3d42",
      "ruleId": "ebs-unattached",
      "timestamp": "2026-04-16T19:19:17.526Z",
      "metadata": {
        "volumeId": "vol-0413bc484c45b3d42",
        "size": 50,
        "state": "available",
        "monthlyCost": 4,
        "zone": "us-east-1c"
      }
    },
    {
      "id": "b937c563-00e4-4b60-9844-2443de9d86cb",
      "type": "FINOPS",
      "severity": "WARNING",
      "title": "Unused EBS Volume",
      "description": "EBS Volume \"vol-ec15812841c0ef773\" is unattached and not in use, wasting $4.00/month. Consider deleting or reattaching this volume.",
      "resourceId": "vol-ec15812841c0ef773",
      "resourceName": "vol-ec15812841c0ef773",
      "ruleId": "ebs-unattached",
      "timestamp": "2026-04-16T19:19:17.526Z",
      "metadata": {
        "volumeId": "vol-ec15812841c0ef773",
        "size": 50,
        "state": "available",
        "monthlyCost": 4,
        "zone": "us-east-1c"
      }
    },
    {
      "id": "5541f9a0-35ea-4123-bb61-3a593975c4a4",
      "type": "FINOPS",
      "severity": "WARNING",
      "title": "Unused EBS Volume",
      "description": "EBS Volume \"vol-84ba869c40bfdfc17\" is unattached and not in use, wasting $4.00/month. Consider deleting or reattaching this volume.",
      "resourceId": "vol-84ba869c40bfdfc17",
      "resourceName": "vol-84ba869c40bfdfc17",
      "ruleId": "ebs-unattached",
      "timestamp": "2026-04-16T19:19:17.526Z",
      "metadata": {
        "volumeId": "vol-84ba869c40bfdfc17",
        "size": 50,
        "state": "available",
        "monthlyCost": 4,
        "zone": "us-east-1c"
      }
    },
    {
      "id": "8f5f91d1-dbfb-4269-a67b-40fa56f8ee42",
      "type": "FINOPS",
      "severity": "WARNING",
      "title": "Unused EBS Volume",
      "description": "EBS Volume \"vol-365d036ff9a57f135\" is unattached and not in use, wasting $4.00/month. Consider deleting or reattaching this volume.",
      "resourceId": "vol-365d036ff9a57f135",
      "resourceName": "vol-365d036ff9a57f135",
      "ruleId": "ebs-unattached",
      "timestamp": "2026-04-16T19:19:17.526Z",
      "metadata": {
        "volumeId": "vol-365d036ff9a57f135",
        "size": 50,
        "state": "available",
        "monthlyCost": 4,
        "zone": "us-east-1c"
      }
    },
    {
      "id": "3de0cc47-30d4-46b6-aef5-1d7fbf7653bd",
      "type": "FINOPS",
      "severity": "WARNING",
      "title": "Unused EBS Volume",
      "description": "EBS Volume \"vol-eb65c49e1263ad8ed\" is unattached and not in use, wasting $4.00/month. Consider deleting or reattaching this volume.",
      "resourceId": "vol-eb65c49e1263ad8ed",
      "resourceName": "vol-eb65c49e1263ad8ed",
      "ruleId": "ebs-unattached",
      "timestamp": "2026-04-16T19:19:17.526Z",
      "metadata": {
        "volumeId": "vol-eb65c49e1263ad8ed",
        "size": 50,
        "state": "available",
        "monthlyCost": 4,
        "zone": "us-east-1c"
      }
    },
    {
      "id": "fa9d5c19-9e68-49e9-8101-3ddda54f2d3f",
      "type": "FINOPS",
      "severity": "WARNING",
      "title": "Unused EBS Volume",
      "description": "EBS Volume \"vol-e3aed59b24c92c97e\" is unattached and not in use, wasting $4.00/month. Consider deleting or reattaching this volume.",
      "resourceId": "vol-e3aed59b24c92c97e",
      "resourceName": "vol-e3aed59b24c92c97e",
      "ruleId": "ebs-unattached",
      "timestamp": "2026-04-16T19:19:17.526Z",
      "metadata": {
        "volumeId": "vol-e3aed59b24c92c97e",
        "size": 50,
        "state": "available",
        "monthlyCost": 4,
        "zone": "us-east-1c"
      }
    },
    {
      "id": "9cb28b29-c70a-4edc-b8a4-551bc5da354b",
      "type": "FINOPS",
      "severity": "WARNING",
      "title": "Unused EBS Volume",
      "description": "EBS Volume \"vol-24675edb35157bed5\" is unattached and not in use, wasting $4.00/month. Consider deleting or reattaching this volume.",
      "resourceId": "vol-24675edb35157bed5",
      "resourceName": "vol-24675edb35157bed5",
      "ruleId": "ebs-unattached",
      "timestamp": "2026-04-16T19:19:17.526Z",
      "metadata": {
        "volumeId": "vol-24675edb35157bed5",
        "size": 50,
        "state": "available",
        "monthlyCost": 4,
        "zone": "us-east-1c"
      }
    },
    {
      "id": "851e4c41-d6af-4662-9e48-d0747972a4ba",
      "type": "FINOPS",
      "severity": "WARNING",
      "title": "Unused EBS Volume",
      "description": "EBS Volume \"vol-83994150e38e5c5c0\" is unattached and not in use, wasting $4.00/month. Consider deleting or reattaching this volume.",
      "resourceId": "vol-83994150e38e5c5c0",
      "resourceName": "vol-83994150e38e5c5c0",
      "ruleId": "ebs-unattached",
      "timestamp": "2026-04-16T19:19:17.526Z",
      "metadata": {
        "volumeId": "vol-83994150e38e5c5c0",
        "size": 50,
        "state": "available",
        "monthlyCost": 4,
        "zone": "us-east-1c"
      }
    },
    {
      "id": "ff5ec7f9-9eed-4580-8890-01ebacc255c1",
      "type": "FINOPS",
      "severity": "WARNING",
      "title": "Unused EBS Volume",
      "description": "EBS Volume \"vol-1acfa530bd124c509\" is unattached and not in use, wasting $4.00/month. Consider deleting or reattaching this volume.",
      "resourceId": "vol-1acfa530bd124c509",
      "resourceName": "vol-1acfa530bd124c509",
      "ruleId": "ebs-unattached",
      "timestamp": "2026-04-16T19:19:17.526Z",
      "metadata": {
        "volumeId": "vol-1acfa530bd124c509",
        "size": 50,
        "state": "available",
        "monthlyCost": 4,
        "zone": "us-east-1c"
      }
    },
    {
      "id": "06037ecd-0222-4def-b65c-ecd01a582159",
      "type": "FINOPS",
      "severity": "WARNING",
      "title": "Unused EBS Volume",
      "description": "EBS Volume \"vol-7375fa9021d812ec8\" is unattached and not in use, wasting $4.00/month. Consider deleting or reattaching this volume.",
      "resourceId": "vol-7375fa9021d812ec8",
      "resourceName": "vol-7375fa9021d812ec8",
      "ruleId": "ebs-unattached",
      "timestamp": "2026-04-16T19:19:17.526Z",
      "metadata": {
        "volumeId": "vol-7375fa9021d812ec8",
        "size": 50,
        "state": "available",
        "monthlyCost": 4,
        "zone": "us-east-1c"
      }
    },
    {
      "id": "d60e413f-1dcd-4c59-ae52-e2ef2481cda4",
      "type": "FINOPS",
      "severity": "WARNING",
      "title": "Unused EBS Volume",
      "description": "EBS Volume \"vol-b71024826da5ebd47\" is unattached and not in use, wasting $4.00/month. Consider deleting or reattaching this volume.",
      "resourceId": "vol-b71024826da5ebd47",
      "resourceName": "vol-b71024826da5ebd47",
      "ruleId": "ebs-unattached",
      "timestamp": "2026-04-16T19:19:17.526Z",
      "metadata": {
        "volumeId": "vol-b71024826da5ebd47",
        "size": 50,
        "state": "available",
        "monthlyCost": 4,
        "zone": "us-east-1c"
      }
    },
    {
      "id": "b6b9d352-4ae6-4f67-96ac-980e827ba949",
      "type": "FINOPS",
      "severity": "WARNING",
      "title": "Unused EBS Volume",
      "description": "EBS Volume \"vol-9029b3a2278488be1\" is unattached and not in use, wasting $4.00/month. Consider deleting or reattaching this volume.",
      "resourceId": "vol-9029b3a2278488be1",
      "resourceName": "vol-9029b3a2278488be1",
      "ruleId": "ebs-unattached",
      "timestamp": "2026-04-16T19:19:17.526Z",
      "metadata": {
        "volumeId": "vol-9029b3a2278488be1",
        "size": 50,
        "state": "available",
        "monthlyCost": 4,
        "zone": "us-east-1c"
      }
    },
    {
      "id": "9c582c42-0048-4c36-a3ad-b47cd5e6e4d0",
      "type": "FINOPS",
      "severity": "WARNING",
      "title": "Unused EBS Volume",
      "description": "EBS Volume \"vol-8c16e9acfa3f8acdf\" is unattached and not in use, wasting $4.00/month. Consider deleting or reattaching this volume.",
      "resourceId": "vol-8c16e9acfa3f8acdf",
      "resourceName": "vol-8c16e9acfa3f8acdf",
      "ruleId": "ebs-unattached",
      "timestamp": "2026-04-16T19:19:17.526Z",
      "metadata": {
        "volumeId": "vol-8c16e9acfa3f8acdf",
        "size": 50,
        "state": "available",
        "monthlyCost": 4,
        "zone": "us-east-1c"
      }
    },
    {
      "id": "8cb278e0-0613-4f29-9820-a4544aa13a53",
      "type": "FINOPS",
      "severity": "WARNING",
      "title": "Unused EBS Volume",
      "description": "EBS Volume \"vol-2e2ff3b7ee5920f01\" is unattached and not in use, wasting $4.00/month. Consider deleting or reattaching this volume.",
      "resourceId": "vol-2e2ff3b7ee5920f01",
      "resourceName": "vol-2e2ff3b7ee5920f01",
      "ruleId": "ebs-unattached",
      "timestamp": "2026-04-16T19:19:17.526Z",
      "metadata": {
        "volumeId": "vol-2e2ff3b7ee5920f01",
        "size": 50,
        "state": "available",
        "monthlyCost": 4,
        "zone": "us-east-1c"
      }
    },
    {
      "id": "808f8fba-080b-405e-a9db-fec2fe84dead",
      "type": "FINOPS",
      "severity": "WARNING",
      "title": "Unused EBS Volume",
      "description": "EBS Volume \"vol-cba143ec0790b9999\" is unattached and not in use, wasting $4.00/month. Consider deleting or reattaching this volume.",
      "resourceId": "vol-cba143ec0790b9999",
      "resourceName": "vol-cba143ec0790b9999",
      "ruleId": "ebs-unattached",
      "timestamp": "2026-04-16T19:19:17.526Z",
      "metadata": {
        "volumeId": "vol-cba143ec0790b9999",
        "size": 50,
        "state": "available",
        "monthlyCost": 4,
        "zone": "us-east-1c"
      }
    },
    {
      "id": "6eb4837a-258c-4b12-906d-32bd6c179431",
      "type": "FINOPS",
      "severity": "WARNING",
      "title": "Unused EBS Volume",
      "description": "EBS Volume \"vol-d34a30eae2f4aa747\" is unattached and not in use, wasting $4.00/month. Consider deleting or reattaching this volume.",
      "resourceId": "vol-d34a30eae2f4aa747",
      "resourceName": "vol-d34a30eae2f4aa747",
      "ruleId": "ebs-unattached",
      "timestamp": "2026-04-16T19:19:17.526Z",
      "metadata": {
        "volumeId": "vol-d34a30eae2f4aa747",
        "size": 50,
        "state": "available",
        "monthlyCost": 4,
        "zone": "us-east-1c"
      }
    },
    {
      "id": "8d9137db-89f5-47ee-9145-285f585c9b96",
      "type": "FINOPS",
      "severity": "WARNING",
      "title": "Unused EBS Volume",
      "description": "EBS Volume \"vol-e44e191a0e00d9910\" is unattached and not in use, wasting $4.00/month. Consider deleting or reattaching this volume.",
      "resourceId": "vol-e44e191a0e00d9910",
      "resourceName": "vol-e44e191a0e00d9910",
      "ruleId": "ebs-unattached",
      "timestamp": "2026-04-16T19:19:17.526Z",
      "metadata": {
        "volumeId": "vol-e44e191a0e00d9910",
        "size": 50,
        "state": "available",
        "monthlyCost": 4,
        "zone": "us-east-1c"
      }
    },
    {
      "id": "0016c3c0-9cf0-47d9-b2a9-d859db3ca47c",
      "type": "FINOPS",
      "severity": "WARNING",
      "title": "Unused EBS Volume",
      "description": "EBS Volume \"vol-303af71af34a95acc\" is unattached and not in use, wasting $4.00/month. Consider deleting or reattaching this volume.",
      "resourceId": "vol-303af71af34a95acc",
      "resourceName": "vol-303af71af34a95acc",
      "ruleId": "ebs-unattached",
      "timestamp": "2026-04-16T19:19:17.526Z",
      "metadata": {
        "volumeId": "vol-303af71af34a95acc",
        "size": 50,
        "state": "available",
        "monthlyCost": 4,
        "zone": "us-east-1c"
      }
    },
    {
      "id": "ef10aeab-8c35-4307-85d7-67d3649b41e9",
      "type": "FINOPS",
      "severity": "WARNING",
      "title": "Unused EBS Volume",
      "description": "EBS Volume \"vol-a06ceeb387f3db546\" is unattached and not in use, wasting $4.00/month. Consider deleting or reattaching this volume.",
      "resourceId": "vol-a06ceeb387f3db546",
      "resourceName": "vol-a06ceeb387f3db546",
      "ruleId": "ebs-unattached",
      "timestamp": "2026-04-16T19:19:17.526Z",
      "metadata": {
        "volumeId": "vol-a06ceeb387f3db546",
        "size": 50,
        "state": "available",
        "monthlyCost": 4,
        "zone": "us-east-1c"
      }
    },
    {
      "id": "d55ca049-8b95-43b7-a759-532be9edfa65",
      "type": "FINOPS",
      "severity": "WARNING",
      "title": "Unused EBS Volume",
      "description": "EBS Volume \"vol-fc2ef7133c01b990e\" is unattached and not in use, wasting $4.00/month. Consider deleting or reattaching this volume.",
      "resourceId": "vol-fc2ef7133c01b990e",
      "resourceName": "vol-fc2ef7133c01b990e",
      "ruleId": "ebs-unattached",
      "timestamp": "2026-04-16T19:19:17.526Z",
      "metadata": {
        "volumeId": "vol-fc2ef7133c01b990e",
        "size": 50,
        "state": "available",
        "monthlyCost": 4,
        "zone": "us-east-1c"
      }
    },
    {
      "id": "c076fd93-c721-47b9-b609-7c054b33413c",
      "type": "FINOPS",
      "severity": "WARNING",
      "title": "Unused EBS Volume",
      "description": "EBS Volume \"vol-189d6c9f4e9114816\" is unattached and not in use, wasting $4.00/month. Consider deleting or reattaching this volume.",
      "resourceId": "vol-189d6c9f4e9114816",
      "resourceName": "vol-189d6c9f4e9114816",
      "ruleId": "ebs-unattached",
      "timestamp": "2026-04-16T19:19:17.526Z",
      "metadata": {
        "volumeId": "vol-189d6c9f4e9114816",
        "size": 50,
        "state": "available",
        "monthlyCost": 4,
        "zone": "us-east-1c"
      }
    },
    {
      "id": "6a57e653-0d50-4525-961b-938096d9dcc2",
      "type": "FINOPS",
      "severity": "WARNING",
      "title": "Unused EBS Volume",
      "description": "EBS Volume \"vol-4586403d0e636dc29\" is unattached and not in use, wasting $40.00/month. Consider deleting or reattaching this volume.",
      "resourceId": "vol-4586403d0e636dc29",
      "resourceName": "vol-4586403d0e636dc29",
      "ruleId": "ebs-unattached",
      "timestamp": "2026-04-16T19:19:17.526Z",
      "metadata": {
        "volumeId": "vol-4586403d0e636dc29",
        "size": 500,
        "state": "available",
        "monthlyCost": 40,
        "zone": "us-east-1a"
      }
    },
    {
      "id": "fbc9a92e-f0b4-4ab7-9274-eaf4d5a3802b",
      "type": "FINOPS",
      "severity": "WARNING",
      "title": "Unused EBS Volume",
      "description": "EBS Volume \"vol-4f27225175f2d6b6e\" is unattached and not in use, wasting $40.00/month. Consider deleting or reattaching this volume.",
      "resourceId": "vol-4f27225175f2d6b6e",
      "resourceName": "vol-4f27225175f2d6b6e",
      "ruleId": "ebs-unattached",
      "timestamp": "2026-04-16T19:19:17.526Z",
      "metadata": {
        "volumeId": "vol-4f27225175f2d6b6e",
        "size": 500,
        "state": "available",
        "monthlyCost": 40,
        "zone": "us-east-1a"
      }
    },
    {
      "id": "9a9d476b-e761-4dee-8a80-5f23aa88dec0",
      "type": "FINOPS",
      "severity": "WARNING",
      "title": "Unused EBS Volume",
      "description": "EBS Volume \"vol-3a3b31f2461444dfc\" is unattached and not in use, wasting $40.00/month. Consider deleting or reattaching this volume.",
      "resourceId": "vol-3a3b31f2461444dfc",
      "resourceName": "vol-3a3b31f2461444dfc",
      "ruleId": "ebs-unattached",
      "timestamp": "2026-04-16T19:19:17.526Z",
      "metadata": {
        "volumeId": "vol-3a3b31f2461444dfc",
        "size": 500,
        "state": "available",
        "monthlyCost": 40,
        "zone": "us-east-1a"
      }
    },
    {
      "id": "f175602f-68d6-4f59-b5b0-afb7918a28d6",
      "type": "FINOPS",
      "severity": "WARNING",
      "title": "Unused EBS Volume",
      "description": "EBS Volume \"vol-0cba3bdf1fd77bb71\" is unattached and not in use, wasting $40.00/month. Consider deleting or reattaching this volume.",
      "resourceId": "vol-0cba3bdf1fd77bb71",
      "resourceName": "vol-0cba3bdf1fd77bb71",
      "ruleId": "ebs-unattached",
      "timestamp": "2026-04-16T19:19:17.526Z",
      "metadata": {
        "volumeId": "vol-0cba3bdf1fd77bb71",
        "size": 500,
        "state": "available",
        "monthlyCost": 40,
        "zone": "us-east-1a"
      }
    },
    {
      "id": "37c18040-66c0-4a3f-b677-3373b6737f5d",
      "type": "FINOPS",
      "severity": "WARNING",
      "title": "Unused EBS Volume",
      "description": "EBS Volume \"vol-4aad594b8252eea55\" is unattached and not in use, wasting $40.00/month. Consider deleting or reattaching this volume.",
      "resourceId": "vol-4aad594b8252eea55",
      "resourceName": "vol-4aad594b8252eea55",
      "ruleId": "ebs-unattached",
      "timestamp": "2026-04-16T19:19:17.526Z",
      "metadata": {
        "volumeId": "vol-4aad594b8252eea55",
        "size": 500,
        "state": "available",
        "monthlyCost": 40,
        "zone": "us-east-1a"
      }
    },
    {
      "id": "da36053b-778a-4e2f-a6bc-3cc60345c8df",
      "type": "FINOPS",
      "severity": "WARNING",
      "title": "Unused EBS Volume",
      "description": "EBS Volume \"vol-dc8f36462a1125c1a\" is unattached and not in use, wasting $40.00/month. Consider deleting or reattaching this volume.",
      "resourceId": "vol-dc8f36462a1125c1a",
      "resourceName": "vol-dc8f36462a1125c1a",
      "ruleId": "ebs-unattached",
      "timestamp": "2026-04-16T19:19:17.526Z",
      "metadata": {
        "volumeId": "vol-dc8f36462a1125c1a",
        "size": 500,
        "state": "available",
        "monthlyCost": 40,
        "zone": "us-east-1a"
      }
    },
    {
      "id": "8748dce4-fd9a-4f84-93d7-fc6147bcc005",
      "type": "FINOPS",
      "severity": "WARNING",
      "title": "Unused EBS Volume",
      "description": "EBS Volume \"vol-9a2fee892cd8d0864\" is unattached and not in use, wasting $40.00/month. Consider deleting or reattaching this volume.",
      "resourceId": "vol-9a2fee892cd8d0864",
      "resourceName": "vol-9a2fee892cd8d0864",
      "ruleId": "ebs-unattached",
      "timestamp": "2026-04-16T19:19:17.526Z",
      "metadata": {
        "volumeId": "vol-9a2fee892cd8d0864",
        "size": 500,
        "state": "available",
        "monthlyCost": 40,
        "zone": "us-east-1a"
      }
    },
    {
      "id": "3cdbf68d-140d-43a3-bc27-e4f80f6f7d46",
      "type": "FINOPS",
      "severity": "WARNING",
      "title": "Unused EBS Volume",
      "description": "EBS Volume \"vol-33f8e8305ce870cbb\" is unattached and not in use, wasting $40.00/month. Consider deleting or reattaching this volume.",
      "resourceId": "vol-33f8e8305ce870cbb",
      "resourceName": "vol-33f8e8305ce870cbb",
      "ruleId": "ebs-unattached",
      "timestamp": "2026-04-16T19:19:17.526Z",
      "metadata": {
        "volumeId": "vol-33f8e8305ce870cbb",
        "size": 500,
        "state": "available",
        "monthlyCost": 40,
        "zone": "us-east-1a"
      }
    },
    {
      "id": "0403efcc-6fd7-4d11-9a83-243dbb845dbd",
      "type": "FINOPS",
      "severity": "WARNING",
      "title": "Unused EBS Volume",
      "description": "EBS Volume \"vol-a69c36f11fa62609c\" is unattached and not in use, wasting $40.00/month. Consider deleting or reattaching this volume.",
      "resourceId": "vol-a69c36f11fa62609c",
      "resourceName": "vol-a69c36f11fa62609c",
      "ruleId": "ebs-unattached",
      "timestamp": "2026-04-16T19:19:17.526Z",
      "metadata": {
        "volumeId": "vol-a69c36f11fa62609c",
        "size": 500,
        "state": "available",
        "monthlyCost": 40,
        "zone": "us-east-1a"
      }
    },
    {
      "id": "142d7ca6-57c6-4743-95e7-1dc1c98e3bdc",
      "type": "FINOPS",
      "severity": "WARNING",
      "title": "Unused EBS Volume",
      "description": "EBS Volume \"vol-9e1d4004b67533726\" is unattached and not in use, wasting $40.00/month. Consider deleting or reattaching this volume.",
      "resourceId": "vol-9e1d4004b67533726",
      "resourceName": "vol-9e1d4004b67533726",
      "ruleId": "ebs-unattached",
      "timestamp": "2026-04-16T19:19:17.526Z",
      "metadata": {
        "volumeId": "vol-9e1d4004b67533726",
        "size": 500,
        "state": "available",
        "monthlyCost": 40,
        "zone": "us-east-1a"
      }
    },
    {
      "id": "d36abe25-60bf-4158-af68-42de468c4b7e",
      "type": "FINOPS",
      "severity": "WARNING",
      "title": "Unused EBS Volume",
      "description": "EBS Volume \"vol-a5b94d06ecf3e7194\" is unattached and not in use, wasting $40.00/month. Consider deleting or reattaching this volume.",
      "resourceId": "vol-a5b94d06ecf3e7194",
      "resourceName": "vol-a5b94d06ecf3e7194",
      "ruleId": "ebs-unattached",
      "timestamp": "2026-04-16T19:19:17.526Z",
      "metadata": {
        "volumeId": "vol-a5b94d06ecf3e7194",
        "size": 500,
        "state": "available",
        "monthlyCost": 40,
        "zone": "us-east-1a"
      }
    },
    {
      "id": "013ce3f5-2f38-4892-93cf-d0f6ae4696c9",
      "type": "FINOPS",
      "severity": "WARNING",
      "title": "Unused EBS Volume",
      "description": "EBS Volume \"vol-93ea7dd7c1d0bd9c4\" is unattached and not in use, wasting $40.00/month. Consider deleting or reattaching this volume.",
      "resourceId": "vol-93ea7dd7c1d0bd9c4",
      "resourceName": "vol-93ea7dd7c1d0bd9c4",
      "ruleId": "ebs-unattached",
      "timestamp": "2026-04-16T19:19:17.526Z",
      "metadata": {
        "volumeId": "vol-93ea7dd7c1d0bd9c4",
        "size": 500,
        "state": "available",
        "monthlyCost": 40,
        "zone": "us-east-1a"
      }
    },
    {
      "id": "6d9c8166-90cf-44fb-b847-0c60ab053370",
      "type": "FINOPS",
      "severity": "WARNING",
      "title": "Unused EBS Volume",
      "description": "EBS Volume \"vol-6fcf6aea1704f65ed\" is unattached and not in use, wasting $40.00/month. Consider deleting or reattaching this volume.",
      "resourceId": "vol-6fcf6aea1704f65ed",
      "resourceName": "vol-6fcf6aea1704f65ed",
      "ruleId": "ebs-unattached",
      "timestamp": "2026-04-16T19:19:17.526Z",
      "metadata": {
        "volumeId": "vol-6fcf6aea1704f65ed",
        "size": 500,
        "state": "available",
        "monthlyCost": 40,
        "zone": "us-east-1a"
      }
    },
    {
      "id": "2f63fd41-27a1-4377-9943-84d26c1cdb88",
      "type": "FINOPS",
      "severity": "WARNING",
      "title": "Unused EBS Volume",
      "description": "EBS Volume \"vol-aa8deee8f83b80e86\" is unattached and not in use, wasting $40.00/month. Consider deleting or reattaching this volume.",
      "resourceId": "vol-aa8deee8f83b80e86",
      "resourceName": "vol-aa8deee8f83b80e86",
      "ruleId": "ebs-unattached",
      "timestamp": "2026-04-16T19:19:17.526Z",
      "metadata": {
        "volumeId": "vol-aa8deee8f83b80e86",
        "size": 500,
        "state": "available",
        "monthlyCost": 40,
        "zone": "us-east-1a"
      }
    },
    {
      "id": "33dda8d9-2148-4725-aae8-ad1ff993f13c",
      "type": "FINOPS",
      "severity": "WARNING",
      "title": "Unused EBS Volume",
      "description": "EBS Volume \"vol-19d52a99eca839785\" is unattached and not in use, wasting $40.00/month. Consider deleting or reattaching this volume.",
      "resourceId": "vol-19d52a99eca839785",
      "resourceName": "vol-19d52a99eca839785",
      "ruleId": "ebs-unattached",
      "timestamp": "2026-04-16T19:19:17.526Z",
      "metadata": {
        "volumeId": "vol-19d52a99eca839785",
        "size": 500,
        "state": "available",
        "monthlyCost": 40,
        "zone": "us-east-1a"
      }
    },
    {
      "id": "944b840f-8d72-4baf-ad69-f77bfec600c5",
      "type": "FINOPS",
      "severity": "WARNING",
      "title": "Unused EBS Volume",
      "description": "EBS Volume \"vol-53c5be61b22a31512\" is unattached and not in use, wasting $40.00/month. Consider deleting or reattaching this volume.",
      "resourceId": "vol-53c5be61b22a31512",
      "resourceName": "vol-53c5be61b22a31512",
      "ruleId": "ebs-unattached",
      "timestamp": "2026-04-16T19:19:17.526Z",
      "metadata": {
        "volumeId": "vol-53c5be61b22a31512",
        "size": 500,
        "state": "available",
        "monthlyCost": 40,
        "zone": "us-east-1a"
      }
    },
    {
      "id": "4fb8257d-4e8c-4ce4-b7df-280224770685",
      "type": "FINOPS",
      "severity": "WARNING",
      "title": "Unused EBS Volume",
      "description": "EBS Volume \"vol-1e10549e4c3cbbdab\" is unattached and not in use, wasting $40.00/month. Consider deleting or reattaching this volume.",
      "resourceId": "vol-1e10549e4c3cbbdab",
      "resourceName": "vol-1e10549e4c3cbbdab",
      "ruleId": "ebs-unattached",
      "timestamp": "2026-04-16T19:19:17.526Z",
      "metadata": {
        "volumeId": "vol-1e10549e4c3cbbdab",
        "size": 500,
        "state": "available",
        "monthlyCost": 40,
        "zone": "us-east-1a"
      }
    },
    {
      "id": "518cb2bd-0bb8-4d1e-9a90-d9951db05e46",
      "type": "FINOPS",
      "severity": "WARNING",
      "title": "Unused EBS Volume",
      "description": "EBS Volume \"vol-8f39e7dba70c810bb\" is unattached and not in use, wasting $40.00/month. Consider deleting or reattaching this volume.",
      "resourceId": "vol-8f39e7dba70c810bb",
      "resourceName": "vol-8f39e7dba70c810bb",
      "ruleId": "ebs-unattached",
      "timestamp": "2026-04-16T19:19:17.526Z",
      "metadata": {
        "volumeId": "vol-8f39e7dba70c810bb",
        "size": 500,
        "state": "available",
        "monthlyCost": 40,
        "zone": "us-east-1a"
      }
    },
    {
      "id": "94f2458a-a1f3-43d9-8147-796ce590b208",
      "type": "FINOPS",
      "severity": "WARNING",
      "title": "Unused EBS Volume",
      "description": "EBS Volume \"vol-dceb972d681fb8334\" is unattached and not in use, wasting $40.00/month. Consider deleting or reattaching this volume.",
      "resourceId": "vol-dceb972d681fb8334",
      "resourceName": "vol-dceb972d681fb8334",
      "ruleId": "ebs-unattached",
      "timestamp": "2026-04-16T19:19:17.526Z",
      "metadata": {
        "volumeId": "vol-dceb972d681fb8334",
        "size": 500,
        "state": "available",
        "monthlyCost": 40,
        "zone": "us-east-1a"
      }
    },
    {
      "id": "ab7db441-f47e-497f-9373-7a0023c59d56",
      "type": "FINOPS",
      "severity": "WARNING",
      "title": "Unused EBS Volume",
      "description": "EBS Volume \"vol-0d863e1d22e7ccfd7\" is unattached and not in use, wasting $40.00/month. Consider deleting or reattaching this volume.",
      "resourceId": "vol-0d863e1d22e7ccfd7",
      "resourceName": "vol-0d863e1d22e7ccfd7",
      "ruleId": "ebs-unattached",
      "timestamp": "2026-04-16T19:19:17.526Z",
      "metadata": {
        "volumeId": "vol-0d863e1d22e7ccfd7",
        "size": 500,
        "state": "available",
        "monthlyCost": 40,
        "zone": "us-east-1a"
      }
    },
    {
      "id": "8fe9e723-6463-4610-97a6-b5a3a9310ce6",
      "type": "FINOPS",
      "severity": "WARNING",
      "title": "Unused EBS Volume",
      "description": "EBS Volume \"vol-4bceb26097cdf3202\" is unattached and not in use, wasting $40.00/month. Consider deleting or reattaching this volume.",
      "resourceId": "vol-4bceb26097cdf3202",
      "resourceName": "vol-4bceb26097cdf3202",
      "ruleId": "ebs-unattached",
      "timestamp": "2026-04-16T19:19:17.526Z",
      "metadata": {
        "volumeId": "vol-4bceb26097cdf3202",
        "size": 500,
        "state": "available",
        "monthlyCost": 40,
        "zone": "us-east-1a"
      }
    },
    {
      "id": "8a9c1c68-60c4-4866-a70f-c3b77acb60a3",
      "type": "FINOPS",
      "severity": "WARNING",
      "title": "Unused EBS Volume",
      "description": "EBS Volume \"vol-6b5ceb01f6f63896b\" is unattached and not in use, wasting $40.00/month. Consider deleting or reattaching this volume.",
      "resourceId": "vol-6b5ceb01f6f63896b",
      "resourceName": "vol-6b5ceb01f6f63896b",
      "ruleId": "ebs-unattached",
      "timestamp": "2026-04-16T19:19:17.526Z",
      "metadata": {
        "volumeId": "vol-6b5ceb01f6f63896b",
        "size": 500,
        "state": "available",
        "monthlyCost": 40,
        "zone": "us-east-1a"
      }
    },
    {
      "id": "a290ced1-9a2c-4b8e-9643-f152fc510c24",
      "type": "FINOPS",
      "severity": "WARNING",
      "title": "Unused EBS Volume",
      "description": "EBS Volume \"vol-593a778b48746f691\" is unattached and not in use, wasting $40.00/month. Consider deleting or reattaching this volume.",
      "resourceId": "vol-593a778b48746f691",
      "resourceName": "vol-593a778b48746f691",
      "ruleId": "ebs-unattached",
      "timestamp": "2026-04-16T19:19:17.526Z",
      "metadata": {
        "volumeId": "vol-593a778b48746f691",
        "size": 500,
        "state": "available",
        "monthlyCost": 40,
        "zone": "us-east-1a"
      }
    },
    {
      "id": "603484ee-a72b-4c57-9cc0-d35f8e54fe6a",
      "type": "FINOPS",
      "severity": "WARNING",
      "title": "Unused EBS Volume",
      "description": "EBS Volume \"vol-36bccabb34efc85ce\" is unattached and not in use, wasting $40.00/month. Consider deleting or reattaching this volume.",
      "resourceId": "vol-36bccabb34efc85ce",
      "resourceName": "vol-36bccabb34efc85ce",
      "ruleId": "ebs-unattached",
      "timestamp": "2026-04-16T19:19:17.526Z",
      "metadata": {
        "volumeId": "vol-36bccabb34efc85ce",
        "size": 500,
        "state": "available",
        "monthlyCost": 40,
        "zone": "us-east-1a"
      }
    },
    {
      "id": "9e6eeb8a-07a4-435b-a29c-631141c6b916",
      "type": "FINOPS",
      "severity": "WARNING",
      "title": "Unused EBS Volume",
      "description": "EBS Volume \"vol-e43e88698a894e32e\" is unattached and not in use, wasting $40.00/month. Consider deleting or reattaching this volume.",
      "resourceId": "vol-e43e88698a894e32e",
      "resourceName": "vol-e43e88698a894e32e",
      "ruleId": "ebs-unattached",
      "timestamp": "2026-04-16T19:19:17.526Z",
      "metadata": {
        "volumeId": "vol-e43e88698a894e32e",
        "size": 500,
        "state": "available",
        "monthlyCost": 40,
        "zone": "us-east-1a"
      }
    },
    {
      "id": "caea9ca4-8038-49cc-9ea3-1e75af1ace00",
      "type": "FINOPS",
      "severity": "WARNING",
      "title": "Unused EBS Volume",
      "description": "EBS Volume \"vol-7fa621848516a8941\" is unattached and not in use, wasting $40.00/month. Consider deleting or reattaching this volume.",
      "resourceId": "vol-7fa621848516a8941",
      "resourceName": "vol-7fa621848516a8941",
      "ruleId": "ebs-unattached",
      "timestamp": "2026-04-16T19:19:17.526Z",
      "metadata": {
        "volumeId": "vol-7fa621848516a8941",
        "size": 500,
        "state": "available",
        "monthlyCost": 40,
        "zone": "us-east-1a"
      }
    },
    {
      "id": "8f8c26b7-61f8-47e7-bfb6-1267a70a6b61",
      "type": "FINOPS",
      "severity": "WARNING",
      "title": "Unused EBS Volume",
      "description": "EBS Volume \"vol-5c5acb7fdf87d2c9b\" is unattached and not in use, wasting $40.00/month. Consider deleting or reattaching this volume.",
      "resourceId": "vol-5c5acb7fdf87d2c9b",
      "resourceName": "vol-5c5acb7fdf87d2c9b",
      "ruleId": "ebs-unattached",
      "timestamp": "2026-04-16T19:19:17.526Z",
      "metadata": {
        "volumeId": "vol-5c5acb7fdf87d2c9b",
        "size": 500,
        "state": "available",
        "monthlyCost": 40,
        "zone": "us-east-1a"
      }
    },
    {
      "id": "8cad39cc-33e5-4557-a8e3-5f7a7d545e95",
      "type": "FINOPS",
      "severity": "WARNING",
      "title": "Unused EBS Volume",
      "description": "EBS Volume \"vol-49a426f17b8fa2c25\" is unattached and not in use, wasting $40.00/month. Consider deleting or reattaching this volume.",
      "resourceId": "vol-49a426f17b8fa2c25",
      "resourceName": "vol-49a426f17b8fa2c25",
      "ruleId": "ebs-unattached",
      "timestamp": "2026-04-16T19:19:17.526Z",
      "metadata": {
        "volumeId": "vol-49a426f17b8fa2c25",
        "size": 500,
        "state": "available",
        "monthlyCost": 40,
        "zone": "us-east-1a"
      }
    },
    {
      "id": "5fbffd65-652c-4010-9405-4934ebca93d0",
      "type": "FINOPS",
      "severity": "WARNING",
      "title": "Unused EBS Volume",
      "description": "EBS Volume \"vol-ed3da46996e012413\" is unattached and not in use, wasting $40.00/month. Consider deleting or reattaching this volume.",
      "resourceId": "vol-ed3da46996e012413",
      "resourceName": "vol-ed3da46996e012413",
      "ruleId": "ebs-unattached",
      "timestamp": "2026-04-16T19:19:17.526Z",
      "metadata": {
        "volumeId": "vol-ed3da46996e012413",
        "size": 500,
        "state": "available",
        "monthlyCost": 40,
        "zone": "us-east-1a"
      }
    },
    {
      "id": "4df0eabc-f077-42f9-ada3-fe76a51c086b",
      "type": "FINOPS",
      "severity": "WARNING",
      "title": "Unused EBS Volume",
      "description": "EBS Volume \"vol-207e3eaa48c317977\" is unattached and not in use, wasting $40.00/month. Consider deleting or reattaching this volume.",
      "resourceId": "vol-207e3eaa48c317977",
      "resourceName": "vol-207e3eaa48c317977",
      "ruleId": "ebs-unattached",
      "timestamp": "2026-04-16T19:19:17.526Z",
      "metadata": {
        "volumeId": "vol-207e3eaa48c317977",
        "size": 500,
        "state": "available",
        "monthlyCost": 40,
        "zone": "us-east-1a"
      }
    },
    {
      "id": "97d6a86d-5358-4af4-8fd2-e45f73f6b58f",
      "type": "FINOPS",
      "severity": "WARNING",
      "title": "Unused EBS Volume",
      "description": "EBS Volume \"vol-75bc9449784dbc84f\" is unattached and not in use, wasting $1.20/month. Consider deleting or reattaching this volume.",
      "resourceId": "vol-75bc9449784dbc84f",
      "resourceName": "vol-75bc9449784dbc84f",
      "ruleId": "ebs-unattached",
      "timestamp": "2026-04-16T19:19:17.526Z",
      "metadata": {
        "volumeId": "vol-75bc9449784dbc84f",
        "size": 15,
        "state": "available",
        "monthlyCost": 1.2,
        "zone": "us-east-1a"
      }
    },
    {
      "id": "e8338f6b-a437-4495-b20d-a29effe39f57",
      "type": "FINOPS",
      "severity": "WARNING",
      "title": "Unused EBS Volume",
      "description": "EBS Volume \"vol-614560b14ce5b1749\" is unattached and not in use, wasting $1.60/month. Consider deleting or reattaching this volume.",
      "resourceId": "vol-614560b14ce5b1749",
      "resourceName": "vol-614560b14ce5b1749",
      "ruleId": "ebs-unattached",
      "timestamp": "2026-04-16T19:19:17.526Z",
      "metadata": {
        "volumeId": "vol-614560b14ce5b1749",
        "size": 20,
        "state": "available",
        "monthlyCost": 1.6,
        "zone": "us-east-1a"
      }
    },
    {
      "id": "9b02b71d-fba1-439b-a8f5-3ac2ee388e8a",
      "type": "FINOPS",
      "severity": "WARNING",
      "title": "Unused EBS Volume",
      "description": "EBS Volume \"vol-4c2a40eb731616d7e\" is unattached and not in use, wasting $2.00/month. Consider deleting or reattaching this volume.",
      "resourceId": "vol-4c2a40eb731616d7e",
      "resourceName": "vol-4c2a40eb731616d7e",
      "ruleId": "ebs-unattached",
      "timestamp": "2026-04-16T19:19:17.526Z",
      "metadata": {
        "volumeId": "vol-4c2a40eb731616d7e",
        "size": 25,
        "state": "available",
        "monthlyCost": 2,
        "zone": "us-east-1a"
      }
    },
    {
      "id": "c6aa8304-492a-4b2c-bb04-f6a8feef0115",
      "type": "FINOPS",
      "severity": "WARNING",
      "title": "Unused EBS Volume",
      "description": "EBS Volume \"vol-b0c391bec4755fb96\" is unattached and not in use, wasting $0.40/month. Consider deleting or reattaching this volume.",
      "resourceId": "vol-b0c391bec4755fb96",
      "resourceName": "vol-b0c391bec4755fb96",
      "ruleId": "ebs-unattached",
      "timestamp": "2026-04-16T19:19:17.526Z",
      "metadata": {
        "volumeId": "vol-b0c391bec4755fb96",
        "size": 5,
        "state": "available",
        "monthlyCost": 0.4,
        "zone": "us-east-1b"
      }
    },
    {
      "id": "85232489-c2bf-4507-b3fb-5d5f90347935",
      "type": "FINOPS",
      "severity": "WARNING",
      "title": "Unused EBS Volume",
      "description": "EBS Volume \"vol-c85ad4f9186c0d1b9\" is unattached and not in use, wasting $0.40/month. Consider deleting or reattaching this volume.",
      "resourceId": "vol-c85ad4f9186c0d1b9",
      "resourceName": "vol-c85ad4f9186c0d1b9",
      "ruleId": "ebs-unattached",
      "timestamp": "2026-04-16T19:19:17.526Z",
      "metadata": {
        "volumeId": "vol-c85ad4f9186c0d1b9",
        "size": 5,
        "state": "available",
        "monthlyCost": 0.4,
        "zone": "us-east-1b"
      }
    },
    {
      "id": "774012d3-ef59-4226-92cb-f5b6b6cde693",
      "type": "FINOPS",
      "severity": "WARNING",
      "title": "Unused Elastic IP",
      "description": "Elastic IP \"127.58.60.3\" is not associated with any resource, wasting $3.60/month. Consider releasing this IP if no longer needed.",
      "resourceId": "127.58.60.3",
      "resourceName": "127.58.60.3",
      "ruleId": "elasticip-unassociated",
      "timestamp": "2026-04-16T19:19:17.526Z",
      "metadata": {
        "publicIp": "127.58.60.3",
        "allocationId": "eipalloc-4580ceefd7e7a10d2",
        "associated": false,
        "monthlyCost": 3.6,
        "domain": "vpc"
      }
    },
    {
      "id": "6edb1115-7136-4c21-863a-d1d85bed2030",
      "type": "FINOPS",
      "severity": "WARNING",
      "title": "Unused Elastic IP",
      "description": "Elastic IP \"127.164.174.171\" is not associated with any resource, wasting $3.60/month. Consider releasing this IP if no longer needed.",
      "resourceId": "127.164.174.171",
      "resourceName": "127.164.174.171",
      "ruleId": "elasticip-unassociated",
      "timestamp": "2026-04-16T19:19:17.526Z",
      "metadata": {
        "publicIp": "127.164.174.171",
        "allocationId": "eipalloc-85a6196c73b6443ae",
        "associated": false,
        "monthlyCost": 3.6,
        "domain": "vpc"
      }
    },
    {
      "id": "be0ed98b-b897-44c7-a2c3-991a992234e9",
      "type": "FINOPS",
      "severity": "WARNING",
      "title": "Unused Elastic IP",
      "description": "Elastic IP \"127.154.190.114\" is not associated with any resource, wasting $3.60/month. Consider releasing this IP if no longer needed.",
      "resourceId": "127.154.190.114",
      "resourceName": "127.154.190.114",
      "ruleId": "elasticip-unassociated",
      "timestamp": "2026-04-16T19:19:17.526Z",
      "metadata": {
        "publicIp": "127.154.190.114",
        "allocationId": "eipalloc-98aab7b058d44f284",
        "associated": false,
        "monthlyCost": 3.6,
        "domain": "vpc"
      }
    },
    {
      "id": "74bcb691-52c0-40f2-b65d-a8d5f212e984",
      "type": "FINOPS",
      "severity": "WARNING",
      "title": "Unused Elastic IP",
      "description": "Elastic IP \"127.117.150.104\" is not associated with any resource, wasting $3.60/month. Consider releasing this IP if no longer needed.",
      "resourceId": "127.117.150.104",
      "resourceName": "127.117.150.104",
      "ruleId": "elasticip-unassociated",
      "timestamp": "2026-04-16T19:19:17.526Z",
      "metadata": {
        "publicIp": "127.117.150.104",
        "allocationId": "eipalloc-859be8d104b970830",
        "associated": false,
        "monthlyCost": 3.6,
        "domain": "vpc"
      }
    },
    {
      "id": "b21cd820-bf5c-44de-aa16-d205dbed235e",
      "type": "FINOPS",
      "severity": "WARNING",
      "title": "Unused Elastic IP",
      "description": "Elastic IP \"127.254.4.255\" is not associated with any resource, wasting $3.60/month. Consider releasing this IP if no longer needed.",
      "resourceId": "127.254.4.255",
      "resourceName": "127.254.4.255",
      "ruleId": "elasticip-unassociated",
      "timestamp": "2026-04-16T19:19:17.526Z",
      "metadata": {
        "publicIp": "127.254.4.255",
        "allocationId": "eipalloc-29e4042773b773d75",
        "associated": false,
        "monthlyCost": 3.6,
        "domain": "vpc"
      }
    },
    {
      "id": "d2e2b032-88ed-4bcb-a8f4-74f9a8352d52",
      "type": "FINOPS",
      "severity": "WARNING",
      "title": "Unused Elastic IP",
      "description": "Elastic IP \"127.15.109.20\" is not associated with any resource, wasting $3.60/month. Consider releasing this IP if no longer needed.",
      "resourceId": "127.15.109.20",
      "resourceName": "127.15.109.20",
      "ruleId": "elasticip-unassociated",
      "timestamp": "2026-04-16T19:19:17.526Z",
      "metadata": {
        "publicIp": "127.15.109.20",
        "allocationId": "eipalloc-35b93216b90752aa9",
        "associated": false,
        "monthlyCost": 3.6,
        "domain": "vpc"
      }
    },
    {
      "id": "08778d41-7b2d-4e65-8533-b3bc7230263f",
      "type": "FINOPS",
      "severity": "WARNING",
      "title": "Unused Elastic IP",
      "description": "Elastic IP \"127.80.155.250\" is not associated with any resource, wasting $3.60/month. Consider releasing this IP if no longer needed.",
      "resourceId": "127.80.155.250",
      "resourceName": "127.80.155.250",
      "ruleId": "elasticip-unassociated",
      "timestamp": "2026-04-16T19:19:17.526Z",
      "metadata": {
        "publicIp": "127.80.155.250",
        "allocationId": "eipalloc-4d021a90c7344e114",
        "associated": false,
        "monthlyCost": 3.6,
        "domain": "vpc"
      }
    },
    {
      "id": "8aa67569-a6db-4c7d-be33-135dd9176944",
      "type": "FINOPS",
      "severity": "WARNING",
      "title": "Unused Elastic IP",
      "description": "Elastic IP \"127.65.152.200\" is not associated with any resource, wasting $3.60/month. Consider releasing this IP if no longer needed.",
      "resourceId": "127.65.152.200",
      "resourceName": "127.65.152.200",
      "ruleId": "elasticip-unassociated",
      "timestamp": "2026-04-16T19:19:17.526Z",
      "metadata": {
        "publicIp": "127.65.152.200",
        "allocationId": "eipalloc-f893d8a726065466a",
        "associated": false,
        "monthlyCost": 3.6,
        "domain": "vpc"
      }
    },
    {
      "id": "66a5891e-3d8a-4c5f-9c72-e4a16113b88b",
      "type": "FINOPS",
      "severity": "WARNING",
      "title": "Unused Elastic IP",
      "description": "Elastic IP \"127.98.180.93\" is not associated with any resource, wasting $3.60/month. Consider releasing this IP if no longer needed.",
      "resourceId": "127.98.180.93",
      "resourceName": "127.98.180.93",
      "ruleId": "elasticip-unassociated",
      "timestamp": "2026-04-16T19:19:17.526Z",
      "metadata": {
        "publicIp": "127.98.180.93",
        "allocationId": "eipalloc-67209527b6742fe87",
        "associated": false,
        "monthlyCost": 3.6,
        "domain": "vpc"
      }
    },
    {
      "id": "d38089a9-39af-40e5-a2b0-169f3591297c",
      "type": "FINOPS",
      "severity": "WARNING",
      "title": "Unused Elastic IP",
      "description": "Elastic IP \"127.79.220.239\" is not associated with any resource, wasting $3.60/month. Consider releasing this IP if no longer needed.",
      "resourceId": "127.79.220.239",
      "resourceName": "127.79.220.239",
      "ruleId": "elasticip-unassociated",
      "timestamp": "2026-04-16T19:19:17.526Z",
      "metadata": {
        "publicIp": "127.79.220.239",
        "allocationId": "eipalloc-8b9829ec34fc4b782",
        "associated": false,
        "monthlyCost": 3.6,
        "domain": "vpc"
      }
    },
    {
      "id": "2bad7012-c67e-4f23-babd-1911813e6acc",
      "type": "FINOPS",
      "severity": "WARNING",
      "title": "Unused Elastic IP",
      "description": "Elastic IP \"127.142.226.124\" is not associated with any resource, wasting $3.60/month. Consider releasing this IP if no longer needed.",
      "resourceId": "127.142.226.124",
      "resourceName": "127.142.226.124",
      "ruleId": "elasticip-unassociated",
      "timestamp": "2026-04-16T19:19:17.526Z",
      "metadata": {
        "publicIp": "127.142.226.124",
        "allocationId": "eipalloc-337e2bddb74391cfe",
        "associated": false,
        "monthlyCost": 3.6,
        "domain": "vpc"
      }
    },
    {
      "id": "00acd1f6-f7cb-4e6f-8275-eff3fcf22734",
      "type": "FINOPS",
      "severity": "WARNING",
      "title": "Unused Elastic IP",
      "description": "Elastic IP \"127.41.24.239\" is not associated with any resource, wasting $3.60/month. Consider releasing this IP if no longer needed.",
      "resourceId": "127.41.24.239",
      "resourceName": "127.41.24.239",
      "ruleId": "elasticip-unassociated",
      "timestamp": "2026-04-16T19:19:17.526Z",
      "metadata": {
        "publicIp": "127.41.24.239",
        "allocationId": "eipalloc-d9e929a3b6d1114ab",
        "associated": false,
        "monthlyCost": 3.6,
        "domain": "vpc"
      }
    },
    {
      "id": "5b54f837-ffde-45aa-9187-0793af4bb5cf",
      "type": "FINOPS",
      "severity": "WARNING",
      "title": "Unused Elastic IP",
      "description": "Elastic IP \"127.114.234.145\" is not associated with any resource, wasting $3.60/month. Consider releasing this IP if no longer needed.",
      "resourceId": "127.114.234.145",
      "resourceName": "127.114.234.145",
      "ruleId": "elasticip-unassociated",
      "timestamp": "2026-04-16T19:19:17.526Z",
      "metadata": {
        "publicIp": "127.114.234.145",
        "allocationId": "eipalloc-727d2fe209fe43252",
        "associated": false,
        "monthlyCost": 3.6,
        "domain": "vpc"
      }
    },
    {
      "id": "4ad70198-e8db-4327-b639-d2a743726071",
      "type": "FINOPS",
      "severity": "WARNING",
      "title": "Unused Elastic IP",
      "description": "Elastic IP \"127.224.217.237\" is not associated with any resource, wasting $3.60/month. Consider releasing this IP if no longer needed.",
      "resourceId": "127.224.217.237",
      "resourceName": "127.224.217.237",
      "ruleId": "elasticip-unassociated",
      "timestamp": "2026-04-16T19:19:17.526Z",
      "metadata": {
        "publicIp": "127.224.217.237",
        "allocationId": "eipalloc-e1a29cfdcbe569e6d",
        "associated": false,
        "monthlyCost": 3.6,
        "domain": "vpc"
      }
    },
    {
      "id": "65eeb35f-1b10-49b9-b89b-8a1b33b491b9",
      "type": "FINOPS",
      "severity": "WARNING",
      "title": "Unused Elastic IP",
      "description": "Elastic IP \"127.199.17.101\" is not associated with any resource, wasting $3.60/month. Consider releasing this IP if no longer needed.",
      "resourceId": "127.199.17.101",
      "resourceName": "127.199.17.101",
      "ruleId": "elasticip-unassociated",
      "timestamp": "2026-04-16T19:19:17.526Z",
      "metadata": {
        "publicIp": "127.199.17.101",
        "allocationId": "eipalloc-b042d3d832d9ba282",
        "associated": false,
        "monthlyCost": 3.6,
        "domain": "vpc"
      }
    },
    {
      "id": "722880dc-1250-4fe5-9272-49b324d7842b",
      "type": "FINOPS",
      "severity": "WARNING",
      "title": "Unused Elastic IP",
      "description": "Elastic IP \"127.96.222.167\" is not associated with any resource, wasting $3.60/month. Consider releasing this IP if no longer needed.",
      "resourceId": "127.96.222.167",
      "resourceName": "127.96.222.167",
      "ruleId": "elasticip-unassociated",
      "timestamp": "2026-04-16T19:19:17.526Z",
      "metadata": {
        "publicIp": "127.96.222.167",
        "allocationId": "eipalloc-d4c7cde1f3f2a28a6",
        "associated": false,
        "monthlyCost": 3.6,
        "domain": "vpc"
      }
    },
    {
      "id": "14b2e00c-eafc-4ee8-a6f0-436fa000faf9",
      "type": "FINOPS",
      "severity": "WARNING",
      "title": "Unused Elastic IP",
      "description": "Elastic IP \"127.230.233.227\" is not associated with any resource, wasting $3.60/month. Consider releasing this IP if no longer needed.",
      "resourceId": "127.230.233.227",
      "resourceName": "127.230.233.227",
      "ruleId": "elasticip-unassociated",
      "timestamp": "2026-04-16T19:19:17.526Z",
      "metadata": {
        "publicIp": "127.230.233.227",
        "allocationId": "eipalloc-d9a9380d14b37b849",
        "associated": false,
        "monthlyCost": 3.6,
        "domain": "vpc"
      }
    },
    {
      "id": "dec4f422-c1bf-4063-bd00-d52655e99274",
      "type": "FINOPS",
      "severity": "WARNING",
      "title": "Unused Elastic IP",
      "description": "Elastic IP \"127.173.23.4\" is not associated with any resource, wasting $3.60/month. Consider releasing this IP if no longer needed.",
      "resourceId": "127.173.23.4",
      "resourceName": "127.173.23.4",
      "ruleId": "elasticip-unassociated",
      "timestamp": "2026-04-16T19:19:17.526Z",
      "metadata": {
        "publicIp": "127.173.23.4",
        "allocationId": "eipalloc-8244f4bcc6da25df0",
        "associated": false,
        "monthlyCost": 3.6,
        "domain": "vpc"
      }
    },
    {
      "id": "5f7e4a38-53fe-43f1-b193-b861b0c0646d",
      "type": "FINOPS",
      "severity": "WARNING",
      "title": "Unused Elastic IP",
      "description": "Elastic IP \"127.227.90.227\" is not associated with any resource, wasting $3.60/month. Consider releasing this IP if no longer needed.",
      "resourceId": "127.227.90.227",
      "resourceName": "127.227.90.227",
      "ruleId": "elasticip-unassociated",
      "timestamp": "2026-04-16T19:19:17.526Z",
      "metadata": {
        "publicIp": "127.227.90.227",
        "allocationId": "eipalloc-7d91315a35bb0cd88",
        "associated": false,
        "monthlyCost": 3.6,
        "domain": "vpc"
      }
    },
    {
      "id": "529829fc-9f9e-470f-af9d-38bf8c12509c",
      "type": "FINOPS",
      "severity": "WARNING",
      "title": "Unused Elastic IP",
      "description": "Elastic IP \"127.42.35.112\" is not associated with any resource, wasting $3.60/month. Consider releasing this IP if no longer needed.",
      "resourceId": "127.42.35.112",
      "resourceName": "127.42.35.112",
      "ruleId": "elasticip-unassociated",
      "timestamp": "2026-04-16T19:19:17.526Z",
      "metadata": {
        "publicIp": "127.42.35.112",
        "allocationId": "eipalloc-0d64dd3321d94d846",
        "associated": false,
        "monthlyCost": 3.6,
        "domain": "vpc"
      }
    },
    {
      "id": "abad71e8-9c5b-402a-99d3-6e9ad1b151d8",
      "type": "FINOPS",
      "severity": "WARNING",
      "title": "Unused Elastic IP",
      "description": "Elastic IP \"127.0.207.195\" is not associated with any resource, wasting $3.60/month. Consider releasing this IP if no longer needed.",
      "resourceId": "127.0.207.195",
      "resourceName": "127.0.207.195",
      "ruleId": "elasticip-unassociated",
      "timestamp": "2026-04-16T19:19:17.526Z",
      "metadata": {
        "publicIp": "127.0.207.195",
        "allocationId": "eipalloc-40c9ab0c0684b2b7f",
        "associated": false,
        "monthlyCost": 3.6,
        "domain": "vpc"
      }
    },
    {
      "id": "22c17002-1f08-4e75-923e-7dd92f5e0a24",
      "type": "FINOPS",
      "severity": "WARNING",
      "title": "Unused Elastic IP",
      "description": "Elastic IP \"127.50.146.208\" is not associated with any resource, wasting $3.60/month. Consider releasing this IP if no longer needed.",
      "resourceId": "127.50.146.208",
      "resourceName": "127.50.146.208",
      "ruleId": "elasticip-unassociated",
      "timestamp": "2026-04-16T19:19:17.526Z",
      "metadata": {
        "publicIp": "127.50.146.208",
        "allocationId": "eipalloc-e1b829b3468c23947",
        "associated": false,
        "monthlyCost": 3.6,
        "domain": "vpc"
      }
    },
    {
      "id": "9a1ab204-a9e5-4bee-b362-6fc15aeffb93",
      "type": "FINOPS",
      "severity": "WARNING",
      "title": "Unused Elastic IP",
      "description": "Elastic IP \"127.56.133.86\" is not associated with any resource, wasting $3.60/month. Consider releasing this IP if no longer needed.",
      "resourceId": "127.56.133.86",
      "resourceName": "127.56.133.86",
      "ruleId": "elasticip-unassociated",
      "timestamp": "2026-04-16T19:19:17.526Z",
      "metadata": {
        "publicIp": "127.56.133.86",
        "allocationId": "eipalloc-52c51d1a102faf72c",
        "associated": false,
        "monthlyCost": 3.6,
        "domain": "vpc"
      }
    },
    {
      "id": "a8502e5a-0454-490a-a0f3-045b90502fc9",
      "type": "FINOPS",
      "severity": "WARNING",
      "title": "Unused Elastic IP",
      "description": "Elastic IP \"127.128.5.228\" is not associated with any resource, wasting $3.60/month. Consider releasing this IP if no longer needed.",
      "resourceId": "127.128.5.228",
      "resourceName": "127.128.5.228",
      "ruleId": "elasticip-unassociated",
      "timestamp": "2026-04-16T19:19:17.526Z",
      "metadata": {
        "publicIp": "127.128.5.228",
        "allocationId": "eipalloc-9aae2eebc47547722",
        "associated": false,
        "monthlyCost": 3.6,
        "domain": "vpc"
      }
    },
    {
      "id": "ab8c8ba5-faf6-40fb-870b-97a642c75996",
      "type": "FINOPS",
      "severity": "WARNING",
      "title": "Unused Elastic IP",
      "description": "Elastic IP \"127.156.145.170\" is not associated with any resource, wasting $3.60/month. Consider releasing this IP if no longer needed.",
      "resourceId": "127.156.145.170",
      "resourceName": "127.156.145.170",
      "ruleId": "elasticip-unassociated",
      "timestamp": "2026-04-16T19:19:17.526Z",
      "metadata": {
        "publicIp": "127.156.145.170",
        "allocationId": "eipalloc-ddb2d52d2e8403daf",
        "associated": false,
        "monthlyCost": 3.6,
        "domain": "vpc"
      }
    },
    {
      "id": "50acd5f2-0142-40ed-b08e-89b69e3b4dd8",
      "type": "FINOPS",
      "severity": "WARNING",
      "title": "Unused Elastic IP",
      "description": "Elastic IP \"127.124.170.189\" is not associated with any resource, wasting $3.60/month. Consider releasing this IP if no longer needed.",
      "resourceId": "127.124.170.189",
      "resourceName": "127.124.170.189",
      "ruleId": "elasticip-unassociated",
      "timestamp": "2026-04-16T19:19:17.526Z",
      "metadata": {
        "publicIp": "127.124.170.189",
        "allocationId": "eipalloc-a57f4b7d876ea30b3",
        "associated": false,
        "monthlyCost": 3.6,
        "domain": "vpc"
      }
    },
    {
      "id": "2efe543d-20d1-4847-ae82-f1f52f7ca87a",
      "type": "FINOPS",
      "severity": "WARNING",
      "title": "Unused Elastic IP",
      "description": "Elastic IP \"127.220.202.184\" is not associated with any resource, wasting $3.60/month. Consider releasing this IP if no longer needed.",
      "resourceId": "127.220.202.184",
      "resourceName": "127.220.202.184",
      "ruleId": "elasticip-unassociated",
      "timestamp": "2026-04-16T19:19:17.526Z",
      "metadata": {
        "publicIp": "127.220.202.184",
        "allocationId": "eipalloc-07137d802f1ef4c81",
        "associated": false,
        "monthlyCost": 3.6,
        "domain": "vpc"
      }
    },
    {
      "id": "74cdc51e-7210-4800-8871-2b09e19cc372",
      "type": "FINOPS",
      "severity": "WARNING",
      "title": "Unused Elastic IP",
      "description": "Elastic IP \"127.251.131.207\" is not associated with any resource, wasting $3.60/month. Consider releasing this IP if no longer needed.",
      "resourceId": "127.251.131.207",
      "resourceName": "127.251.131.207",
      "ruleId": "elasticip-unassociated",
      "timestamp": "2026-04-16T19:19:17.526Z",
      "metadata": {
        "publicIp": "127.251.131.207",
        "allocationId": "eipalloc-9a935ff1fafefa7d0",
        "associated": false,
        "monthlyCost": 3.6,
        "domain": "vpc"
      }
    },
    {
      "id": "9224fe68-8685-47a7-9a27-afb805d5de0b",
      "type": "FINOPS",
      "severity": "WARNING",
      "title": "Unused Elastic IP",
      "description": "Elastic IP \"127.75.88.149\" is not associated with any resource, wasting $3.60/month. Consider releasing this IP if no longer needed.",
      "resourceId": "127.75.88.149",
      "resourceName": "127.75.88.149",
      "ruleId": "elasticip-unassociated",
      "timestamp": "2026-04-16T19:19:17.526Z",
      "metadata": {
        "publicIp": "127.75.88.149",
        "allocationId": "eipalloc-15771f1738a5dd1e3",
        "associated": false,
        "monthlyCost": 3.6,
        "domain": "vpc"
      }
    },
    {
      "id": "bf2883c2-fed6-4f47-8464-b2434edafcc4",
      "type": "FINOPS",
      "severity": "WARNING",
      "title": "Unused Elastic IP",
      "description": "Elastic IP \"127.156.93.154\" is not associated with any resource, wasting $3.60/month. Consider releasing this IP if no longer needed.",
      "resourceId": "127.156.93.154",
      "resourceName": "127.156.93.154",
      "ruleId": "elasticip-unassociated",
      "timestamp": "2026-04-16T19:19:17.526Z",
      "metadata": {
        "publicIp": "127.156.93.154",
        "allocationId": "eipalloc-8a36200e7b172347e",
        "associated": false,
        "monthlyCost": 3.6,
        "domain": "vpc"
      }
    },
    {
      "id": "4ae2a6f7-37ec-4bac-bd68-685f88b8519d",
      "type": "FINOPS",
      "severity": "WARNING",
      "title": "Unused Elastic IP",
      "description": "Elastic IP \"127.143.116.213\" is not associated with any resource, wasting $3.60/month. Consider releasing this IP if no longer needed.",
      "resourceId": "127.143.116.213",
      "resourceName": "127.143.116.213",
      "ruleId": "elasticip-unassociated",
      "timestamp": "2026-04-16T19:19:17.526Z",
      "metadata": {
        "publicIp": "127.143.116.213",
        "allocationId": "eipalloc-442883be6444c4df6",
        "associated": false,
        "monthlyCost": 3.6,
        "domain": "vpc"
      }
    },
    {
      "id": "47a5f178-5f89-4f28-8222-73f37e3eb647",
      "type": "FINOPS",
      "severity": "WARNING",
      "title": "Unused Elastic IP",
      "description": "Elastic IP \"127.184.217.178\" is not associated with any resource, wasting $3.60/month. Consider releasing this IP if no longer needed.",
      "resourceId": "127.184.217.178",
      "resourceName": "127.184.217.178",
      "ruleId": "elasticip-unassociated",
      "timestamp": "2026-04-16T19:19:17.526Z",
      "metadata": {
        "publicIp": "127.184.217.178",
        "allocationId": "eipalloc-e4cb2f40b6ce1cbe0",
        "associated": false,
        "monthlyCost": 3.6,
        "domain": "vpc"
      }
    },
    {
      "id": "b23ca23c-93d5-405c-87cb-f4194a047cb0",
      "type": "FINOPS",
      "severity": "WARNING",
      "title": "Unused Elastic IP",
      "description": "Elastic IP \"127.29.86.168\" is not associated with any resource, wasting $3.60/month. Consider releasing this IP if no longer needed.",
      "resourceId": "127.29.86.168",
      "resourceName": "127.29.86.168",
      "ruleId": "elasticip-unassociated",
      "timestamp": "2026-04-16T19:19:17.526Z",
      "metadata": {
        "publicIp": "127.29.86.168",
        "allocationId": "eipalloc-0c725d3754b9cf739",
        "associated": false,
        "monthlyCost": 3.6,
        "domain": "vpc"
      }
    },
    {
      "id": "e4632412-cf37-4868-b262-a574e0681fc6",
      "type": "FINOPS",
      "severity": "WARNING",
      "title": "Unused Elastic IP",
      "description": "Elastic IP \"127.221.104.187\" is not associated with any resource, wasting $3.60/month. Consider releasing this IP if no longer needed.",
      "resourceId": "127.221.104.187",
      "resourceName": "127.221.104.187",
      "ruleId": "elasticip-unassociated",
      "timestamp": "2026-04-16T19:19:17.526Z",
      "metadata": {
        "publicIp": "127.221.104.187",
        "allocationId": "eipalloc-f892f75ddfeb7dd0f",
        "associated": false,
        "monthlyCost": 3.6,
        "domain": "vpc"
      }
    },
    {
      "id": "a2082460-ca0b-44b4-a954-9c9db81a4389",
      "type": "FINOPS",
      "severity": "WARNING",
      "title": "Unused Elastic IP",
      "description": "Elastic IP \"127.59.222.154\" is not associated with any resource, wasting $3.60/month. Consider releasing this IP if no longer needed.",
      "resourceId": "127.59.222.154",
      "resourceName": "127.59.222.154",
      "ruleId": "elasticip-unassociated",
      "timestamp": "2026-04-16T19:19:17.526Z",
      "metadata": {
        "publicIp": "127.59.222.154",
        "allocationId": "eipalloc-e65d9585cbd76caa6",
        "associated": false,
        "monthlyCost": 3.6,
        "domain": "vpc"
      }
    },
    {
      "id": "239d5117-7c0a-482d-b33c-2f457c6c9dc5",
      "type": "FINOPS",
      "severity": "WARNING",
      "title": "Unused Elastic IP",
      "description": "Elastic IP \"127.142.115.216\" is not associated with any resource, wasting $3.60/month. Consider releasing this IP if no longer needed.",
      "resourceId": "127.142.115.216",
      "resourceName": "127.142.115.216",
      "ruleId": "elasticip-unassociated",
      "timestamp": "2026-04-16T19:19:17.526Z",
      "metadata": {
        "publicIp": "127.142.115.216",
        "allocationId": "eipalloc-95c23dd300f7aa1f0",
        "associated": false,
        "monthlyCost": 3.6,
        "domain": "vpc"
      }
    },
    {
      "id": "32d95d6c-c28c-4284-9b1e-6decbb9853c8",
      "type": "FINOPS",
      "severity": "WARNING",
      "title": "Unused Elastic IP",
      "description": "Elastic IP \"127.191.31.182\" is not associated with any resource, wasting $3.60/month. Consider releasing this IP if no longer needed.",
      "resourceId": "127.191.31.182",
      "resourceName": "127.191.31.182",
      "ruleId": "elasticip-unassociated",
      "timestamp": "2026-04-16T19:19:17.526Z",
      "metadata": {
        "publicIp": "127.191.31.182",
        "allocationId": "eipalloc-45c7f17eff8001af6",
        "associated": false,
        "monthlyCost": 3.6,
        "domain": "vpc"
      }
    },
    {
      "id": "dc7bf756-caef-495d-a91a-fd9742c46195",
      "type": "FINOPS",
      "severity": "WARNING",
      "title": "Unused Elastic IP",
      "description": "Elastic IP \"127.29.18.117\" is not associated with any resource, wasting $3.60/month. Consider releasing this IP if no longer needed.",
      "resourceId": "127.29.18.117",
      "resourceName": "127.29.18.117",
      "ruleId": "elasticip-unassociated",
      "timestamp": "2026-04-16T19:19:17.526Z",
      "metadata": {
        "publicIp": "127.29.18.117",
        "allocationId": "eipalloc-aa3fdd13c076637ac",
        "associated": false,
        "monthlyCost": 3.6,
        "domain": "vpc"
      }
    },
    {
      "id": "be4a2369-af54-4ecb-af94-9c5ed230cee2",
      "type": "FINOPS",
      "severity": "WARNING",
      "title": "Unused Elastic IP",
      "description": "Elastic IP \"127.45.55.77\" is not associated with any resource, wasting $3.60/month. Consider releasing this IP if no longer needed.",
      "resourceId": "127.45.55.77",
      "resourceName": "127.45.55.77",
      "ruleId": "elasticip-unassociated",
      "timestamp": "2026-04-16T19:19:17.526Z",
      "metadata": {
        "publicIp": "127.45.55.77",
        "allocationId": "eipalloc-a87614aefd048f05b",
        "associated": false,
        "monthlyCost": 3.6,
        "domain": "vpc"
      }
    },
    {
      "id": "3e90d524-56f6-4777-8b1e-9a6a6de6bd5f",
      "type": "FINOPS",
      "severity": "WARNING",
      "title": "Unused Elastic IP",
      "description": "Elastic IP \"127.204.11.167\" is not associated with any resource, wasting $3.60/month. Consider releasing this IP if no longer needed.",
      "resourceId": "127.204.11.167",
      "resourceName": "127.204.11.167",
      "ruleId": "elasticip-unassociated",
      "timestamp": "2026-04-16T19:19:17.526Z",
      "metadata": {
        "publicIp": "127.204.11.167",
        "allocationId": "eipalloc-d59588ccbc67e1307",
        "associated": false,
        "monthlyCost": 3.6,
        "domain": "vpc"
      }
    },
    {
      "id": "80f72f44-f310-4761-a478-d9aa954d8647",
      "type": "FINOPS",
      "severity": "WARNING",
      "title": "Unused Elastic IP",
      "description": "Elastic IP \"127.151.152.116\" is not associated with any resource, wasting $3.60/month. Consider releasing this IP if no longer needed.",
      "resourceId": "127.151.152.116",
      "resourceName": "127.151.152.116",
      "ruleId": "elasticip-unassociated",
      "timestamp": "2026-04-16T19:19:17.526Z",
      "metadata": {
        "publicIp": "127.151.152.116",
        "allocationId": "eipalloc-c8a3ff1bf31817c84",
        "associated": false,
        "monthlyCost": 3.6,
        "domain": "vpc"
      }
    },
    {
      "id": "0935f635-6c6b-4e85-8663-eb4ed026bfe1",
      "type": "FINOPS",
      "severity": "WARNING",
      "title": "Unused Elastic IP",
      "description": "Elastic IP \"127.189.204.112\" is not associated with any resource, wasting $3.60/month. Consider releasing this IP if no longer needed.",
      "resourceId": "127.189.204.112",
      "resourceName": "127.189.204.112",
      "ruleId": "elasticip-unassociated",
      "timestamp": "2026-04-16T19:19:17.526Z",
      "metadata": {
        "publicIp": "127.189.204.112",
        "allocationId": "eipalloc-ca8508f53b5ae50c4",
        "associated": false,
        "monthlyCost": 3.6,
        "domain": "vpc"
      }
    },
    {
      "id": "646677f0-acce-4600-9633-6fd82210e43a",
      "type": "FINOPS",
      "severity": "WARNING",
      "title": "Unused Elastic IP",
      "description": "Elastic IP \"127.4.41.231\" is not associated with any resource, wasting $3.60/month. Consider releasing this IP if no longer needed.",
      "resourceId": "127.4.41.231",
      "resourceName": "127.4.41.231",
      "ruleId": "elasticip-unassociated",
      "timestamp": "2026-04-16T19:19:17.526Z",
      "metadata": {
        "publicIp": "127.4.41.231",
        "allocationId": "eipalloc-5439d9a1fb93cd159",
        "associated": false,
        "monthlyCost": 3.6,
        "domain": "vpc"
      }
    },
    {
      "id": "84f85f34-19e0-4c4d-bb5f-1201c4ec4954",
      "type": "FINOPS",
      "severity": "WARNING",
      "title": "Unused Elastic IP",
      "description": "Elastic IP \"127.184.70.41\" is not associated with any resource, wasting $3.60/month. Consider releasing this IP if no longer needed.",
      "resourceId": "127.184.70.41",
      "resourceName": "127.184.70.41",
      "ruleId": "elasticip-unassociated",
      "timestamp": "2026-04-16T19:19:17.526Z",
      "metadata": {
        "publicIp": "127.184.70.41",
        "allocationId": "eipalloc-6d9027c981dfd6472",
        "associated": false,
        "monthlyCost": 3.6,
        "domain": "vpc"
      }
    },
    {
      "id": "36c013ba-3334-4f27-9e19-722beab216e4",
      "type": "FINOPS",
      "severity": "WARNING",
      "title": "Unused Elastic IP",
      "description": "Elastic IP \"127.95.130.217\" is not associated with any resource, wasting $3.60/month. Consider releasing this IP if no longer needed.",
      "resourceId": "127.95.130.217",
      "resourceName": "127.95.130.217",
      "ruleId": "elasticip-unassociated",
      "timestamp": "2026-04-16T19:19:17.526Z",
      "metadata": {
        "publicIp": "127.95.130.217",
        "allocationId": "eipalloc-3e63aec4d9ba4b959",
        "associated": false,
        "monthlyCost": 3.6,
        "domain": "vpc"
      }
    },
    {
      "id": "31ddf78e-c6e5-4de5-8d25-fcf169c3ccd6",
      "type": "FINOPS",
      "severity": "WARNING",
      "title": "Unused Elastic IP",
      "description": "Elastic IP \"127.221.171.49\" is not associated with any resource, wasting $3.60/month. Consider releasing this IP if no longer needed.",
      "resourceId": "127.221.171.49",
      "resourceName": "127.221.171.49",
      "ruleId": "elasticip-unassociated",
      "timestamp": "2026-04-16T19:19:17.526Z",
      "metadata": {
        "publicIp": "127.221.171.49",
        "allocationId": "eipalloc-facde274f9e64181b",
        "associated": false,
        "monthlyCost": 3.6,
        "domain": "vpc"
      }
    },
    {
      "id": "b3dd369b-8a13-48c5-b4e0-0a8adf2ca0c5",
      "type": "FINOPS",
      "severity": "WARNING",
      "title": "Unused Elastic IP",
      "description": "Elastic IP \"127.239.133.3\" is not associated with any resource, wasting $3.60/month. Consider releasing this IP if no longer needed.",
      "resourceId": "127.239.133.3",
      "resourceName": "127.239.133.3",
      "ruleId": "elasticip-unassociated",
      "timestamp": "2026-04-16T19:19:17.526Z",
      "metadata": {
        "publicIp": "127.239.133.3",
        "allocationId": "eipalloc-f0b9249cce4a77b12",
        "associated": false,
        "monthlyCost": 3.6,
        "domain": "vpc"
      }
    },
    {
      "id": "c2aa1ce9-44ee-4d24-ae89-3d5abbad8736",
      "type": "FINOPS",
      "severity": "WARNING",
      "title": "Unused Elastic IP",
      "description": "Elastic IP \"127.168.30.222\" is not associated with any resource, wasting $3.60/month. Consider releasing this IP if no longer needed.",
      "resourceId": "127.168.30.222",
      "resourceName": "127.168.30.222",
      "ruleId": "elasticip-unassociated",
      "timestamp": "2026-04-16T19:19:17.526Z",
      "metadata": {
        "publicIp": "127.168.30.222",
        "allocationId": "eipalloc-cd86d356c282b610b",
        "associated": false,
        "monthlyCost": 3.6,
        "domain": "vpc"
      }
    },
    {
      "id": "89728d6f-c532-414b-b9f8-fa25cd1ac81b",
      "type": "FINOPS",
      "severity": "WARNING",
      "title": "Unused Elastic IP",
      "description": "Elastic IP \"127.4.158.120\" is not associated with any resource, wasting $3.60/month. Consider releasing this IP if no longer needed.",
      "resourceId": "127.4.158.120",
      "resourceName": "127.4.158.120",
      "ruleId": "elasticip-unassociated",
      "timestamp": "2026-04-16T19:19:17.526Z",
      "metadata": {
        "publicIp": "127.4.158.120",
        "allocationId": "eipalloc-08620d279d0d7fe42",
        "associated": false,
        "monthlyCost": 3.6,
        "domain": "vpc"
      }
    },
    {
      "id": "dc246caa-f53e-4591-8c5f-6f795724f7aa",
      "type": "FINOPS",
      "severity": "WARNING",
      "title": "Unused Elastic IP",
      "description": "Elastic IP \"127.179.51.63\" is not associated with any resource, wasting $3.60/month. Consider releasing this IP if no longer needed.",
      "resourceId": "127.179.51.63",
      "resourceName": "127.179.51.63",
      "ruleId": "elasticip-unassociated",
      "timestamp": "2026-04-16T19:19:17.526Z",
      "metadata": {
        "publicIp": "127.179.51.63",
        "allocationId": "eipalloc-d73e0cadc85cd8212",
        "associated": false,
        "monthlyCost": 3.6,
        "domain": "vpc"
      }
    },
    {
      "id": "738143dc-3a6d-4554-9271-de3cbdbcf0f8",
      "type": "FINOPS",
      "severity": "WARNING",
      "title": "Unused Elastic IP",
      "description": "Elastic IP \"127.142.249.241\" is not associated with any resource, wasting $3.60/month. Consider releasing this IP if no longer needed.",
      "resourceId": "127.142.249.241",
      "resourceName": "127.142.249.241",
      "ruleId": "elasticip-unassociated",
      "timestamp": "2026-04-16T19:19:17.526Z",
      "metadata": {
        "publicIp": "127.142.249.241",
        "allocationId": "eipalloc-b50d3ee65949aa487",
        "associated": false,
        "monthlyCost": 3.6,
        "domain": "vpc"
      }
    }
  ],
  "alertSummary": {
    "securityAlerts": 146,
    "finopsAlerts": 166,
    "critical": 0,
    "high": 146,
    "warning": 166
  },
  "trendMetrics": {
    "critical": "0%",
    "high": "0%",
    "medium": "0%",
    "warning": "0%"
  }
}

ЁЯУК Summary:
  - Total Spend: 7490.44
  - Total Waste: 7189.2
  - Server Count: 31
  - Disk Count: 146
  - IP Count: 51

ЁЯУж Resources:
  - allResources count: 228
  - resources count: 166

ЁЯОп First resource:
{
  "id": "i-c9fbc0d9d4d379c25",
  "type": "EC2",
  "size": 0,
  "cost": 15,
  "region": "us-east-1a",
  "status": "running"
}
